Archive member included to satisfy reference by file (symbol)

c:/st/stm32cubeide_1.9.0/stm32cubeide/plugins/com.st.stm32cube.ide.mcu.externaltools.gnu-tools-for-stm32.10.3-2021.10.win32_1.0.0.202111181127/tools/bin/../lib/gcc/arm-none-eabi/10.3.1/../../../../arm-none-eabi/lib/thumb/v7-m/nofp\libc_nano.a(lib_a-assert.o)
                              ./Modules/modbus/functions/mbutils.o (__assert_func)
c:/st/stm32cubeide_1.9.0/stm32cubeide/plugins/com.st.stm32cube.ide.mcu.externaltools.gnu-tools-for-stm32.10.3-2021.10.win32_1.0.0.202111181127/tools/bin/../lib/gcc/arm-none-eabi/10.3.1/../../../../arm-none-eabi/lib/thumb/v7-m/nofp\libc_nano.a(lib_a-errno.o)
                              ./Core/Src/syscalls.o (__errno)
c:/st/stm32cubeide_1.9.0/stm32cubeide/plugins/com.st.stm32cube.ide.mcu.externaltools.gnu-tools-for-stm32.10.3-2021.10.win32_1.0.0.202111181127/tools/bin/../lib/gcc/arm-none-eabi/10.3.1/../../../../arm-none-eabi/lib/thumb/v7-m/nofp\libc_nano.a(lib_a-exit.o)
                              c:/st/stm32cubeide_1.9.0/stm32cubeide/plugins/com.st.stm32cube.ide.mcu.externaltools.gnu-tools-for-stm32.10.3-2021.10.win32_1.0.0.202111181127/tools/bin/../lib/gcc/arm-none-eabi/10.3.1/../../../../arm-none-eabi/lib/thumb/v7-m/nofp/crt0.o (exit)
c:/st/stm32cubeide_1.9.0/stm32cubeide/plugins/com.st.stm32cube.ide.mcu.externaltools.gnu-tools-for-stm32.10.3-2021.10.win32_1.0.0.202111181127/tools/bin/../lib/gcc/arm-none-eabi/10.3.1/../../../../arm-none-eabi/lib/thumb/v7-m/nofp\libc_nano.a(lib_a-fprintf.o)
                              c:/st/stm32cubeide_1.9.0/stm32cubeide/plugins/com.st.stm32cube.ide.mcu.externaltools.gnu-tools-for-stm32.10.3-2021.10.win32_1.0.0.202111181127/tools/bin/../lib/gcc/arm-none-eabi/10.3.1/../../../../arm-none-eabi/lib/thumb/v7-m/nofp\libc_nano.a(lib_a-assert.o) (fiprintf)
c:/st/stm32cubeide_1.9.0/stm32cubeide/plugins/com.st.stm32cube.ide.mcu.externaltools.gnu-tools-for-stm32.10.3-2021.10.win32_1.0.0.202111181127/tools/bin/../lib/gcc/arm-none-eabi/10.3.1/../../../../arm-none-eabi/lib/thumb/v7-m/nofp\libc_nano.a(lib_a-impure.o)
                              c:/st/stm32cubeide_1.9.0/stm32cubeide/plugins/com.st.stm32cube.ide.mcu.externaltools.gnu-tools-for-stm32.10.3-2021.10.win32_1.0.0.202111181127/tools/bin/../lib/gcc/arm-none-eabi/10.3.1/../../../../arm-none-eabi/lib/thumb/v7-m/nofp\libc_nano.a(lib_a-exit.o) (_global_impure_ptr)
c:/st/stm32cubeide_1.9.0/stm32cubeide/plugins/com.st.stm32cube.ide.mcu.externaltools.gnu-tools-for-stm32.10.3-2021.10.win32_1.0.0.202111181127/tools/bin/../lib/gcc/arm-none-eabi/10.3.1/../../../../arm-none-eabi/lib/thumb/v7-m/nofp\libc_nano.a(lib_a-init.o)
                              c:/st/stm32cubeide_1.9.0/stm32cubeide/plugins/com.st.stm32cube.ide.mcu.externaltools.gnu-tools-for-stm32.10.3-2021.10.win32_1.0.0.202111181127/tools/bin/../lib/gcc/arm-none-eabi/10.3.1/../../../../arm-none-eabi/lib/thumb/v7-m/nofp/crt0.o (__libc_init_array)
c:/st/stm32cubeide_1.9.0/stm32cubeide/plugins/com.st.stm32cube.ide.mcu.externaltools.gnu-tools-for-stm32.10.3-2021.10.win32_1.0.0.202111181127/tools/bin/../lib/gcc/arm-none-eabi/10.3.1/../../../../arm-none-eabi/lib/thumb/v7-m/nofp\libc_nano.a(lib_a-memcpy-stub.o)
                              ./Modules/modbus/functions/mbfuncother.o (memcpy)
c:/st/stm32cubeide_1.9.0/stm32cubeide/plugins/com.st.stm32cube.ide.mcu.externaltools.gnu-tools-for-stm32.10.3-2021.10.win32_1.0.0.202111181127/tools/bin/../lib/gcc/arm-none-eabi/10.3.1/../../../../arm-none-eabi/lib/thumb/v7-m/nofp\libc_nano.a(lib_a-memset.o)
                              c:/st/stm32cubeide_1.9.0/stm32cubeide/plugins/com.st.stm32cube.ide.mcu.externaltools.gnu-tools-for-stm32.10.3-2021.10.win32_1.0.0.202111181127/tools/bin/../lib/gcc/arm-none-eabi/10.3.1/../../../../arm-none-eabi/lib/thumb/v7-m/nofp/crt0.o (memset)
c:/st/stm32cubeide_1.9.0/stm32cubeide/plugins/com.st.stm32cube.ide.mcu.externaltools.gnu-tools-for-stm32.10.3-2021.10.win32_1.0.0.202111181127/tools/bin/../lib/gcc/arm-none-eabi/10.3.1/../../../../arm-none-eabi/lib/thumb/v7-m/nofp\libc_nano.a(lib_a-nano-vfprintf.o)
                              c:/st/stm32cubeide_1.9.0/stm32cubeide/plugins/com.st.stm32cube.ide.mcu.externaltools.gnu-tools-for-stm32.10.3-2021.10.win32_1.0.0.202111181127/tools/bin/../lib/gcc/arm-none-eabi/10.3.1/../../../../arm-none-eabi/lib/thumb/v7-m/nofp\libc_nano.a(lib_a-fprintf.o) (_vfprintf_r)
c:/st/stm32cubeide_1.9.0/stm32cubeide/plugins/com.st.stm32cube.ide.mcu.externaltools.gnu-tools-for-stm32.10.3-2021.10.win32_1.0.0.202111181127/tools/bin/../lib/gcc/arm-none-eabi/10.3.1/../../../../arm-none-eabi/lib/thumb/v7-m/nofp\libc_nano.a(lib_a-nano-vfprintf_i.o)
                              c:/st/stm32cubeide_1.9.0/stm32cubeide/plugins/com.st.stm32cube.ide.mcu.externaltools.gnu-tools-for-stm32.10.3-2021.10.win32_1.0.0.202111181127/tools/bin/../lib/gcc/arm-none-eabi/10.3.1/../../../../arm-none-eabi/lib/thumb/v7-m/nofp\libc_nano.a(lib_a-nano-vfprintf.o) (_printf_i)
[...]
Memory Configuration

Name             Origin             Length             Attributes
RAM              0x0000000020000000 0x0000000000005000 xrw
FLASH            0x0000000008000000 0x0000000000010000 xr
*default*        0x0000000000000000 0xffffffffffffffff

Linker script and memory map

LOAD c:/st/stm32cubeide_1.9.0/stm32cubeide/plugins/com.st.stm32cube.ide.mcu.externaltools.gnu-tools-for-stm32.10.3-2021.10.win32_1.0.0.202111181127/tools/bin/../lib/gcc/arm-none-eabi/10.3.1/thumb/v7-m/nofp/crti.o
LOAD c:/st/stm32cubeide_1.9.0/stm32cubeide/plugins/com.st.stm32cube.ide.mcu.externaltools.gnu-tools-for-stm32.10.3-2021.10.win32_1.0.0.202111181127/tools/bin/../lib/gcc/arm-none-eabi/10.3.1/thumb/v7-m/nofp/crtbegin.o
LOAD c:/st/stm32cubeide_1.9.0/stm32cubeide/plugins/com.st.stm32cube.ide.mcu.externaltools.gnu-tools-for-stm32.10.3-2021.10.win32_1.0.0.202111181127/tools/bin/../lib/gcc/arm-none-eabi/10.3.1/../../../../arm-none-eabi/lib/thumb/v7-m/nofp/crt0.o
LOAD ./Core/Src/main.o
LOAD ./Core/Src/stm32f1xx_hal_msp.o
LOAD ./Core/Src/stm32f1xx_it.o
LOAD ./Core/Src/syscalls.o
LOAD ./Core/Src/sysmem.o
LOAD ./Core/Src/system_stm32f1xx.o
LOAD ./Core/Startup/startup_stm32f103c8tx.o
LOAD ./Drivers/STM32F1xx_HAL_Driver/Src/stm32f1xx_hal.o
LOAD ./Drivers/STM32F1xx_HAL_Driver/Src/stm32f1xx_hal_cortex.o
LOAD ./Drivers/STM32F1xx_HAL_Driver/Src/stm32f1xx_hal_dma.o
LOAD ./Drivers/STM32F1xx_HAL_Driver/Src/stm32f1xx_hal_exti.o
LOAD ./Drivers/STM32F1xx_HAL_Driver/Src/stm32f1xx_hal_flash.o
LOAD ./Drivers/STM32F1xx_HAL_Driver/Src/stm32f1xx_hal_flash_ex.o
LOAD ./Drivers/STM32F1xx_HAL_Driver/Src/stm32f1xx_hal_gpio.o
LOAD ./Drivers/STM32F1xx_HAL_Driver/Src/stm32f1xx_hal_gpio_ex.o
LOAD ./Drivers/STM32F1xx_HAL_Driver/Src/stm32f1xx_hal_pwr.o
LOAD ./Drivers/STM32F1xx_HAL_Driver/Src/stm32f1xx_hal_rcc.o
LOAD ./Drivers/STM32F1xx_HAL_Driver/Src/stm32f1xx_hal_rcc_ex.o
LOAD ./Drivers/STM32F1xx_HAL_Driver/Src/stm32f1xx_hal_tim.o
LOAD ./Drivers/STM32F1xx_HAL_Driver/Src/stm32f1xx_hal_tim_ex.o
LOAD ./Drivers/STM32F1xx_HAL_Driver/Src/stm32f1xx_hal_uart.o
LOAD ./Modules/modbus/functions/mbfunccoils_m.o
LOAD ./Modules/modbus/functions/mbfuncdisc_m.o
LOAD ./Modules/modbus/functions/mbfuncholding_m.o
LOAD ./Modules/modbus/functions/mbfuncinput_m.o
LOAD ./Modules/modbus/functions/mbfuncother.o
LOAD ./Modules/modbus/functions/mbutils.o
LOAD ./Modules/modbus/mb_m.o
LOAD ./Modules/modbus/port/mt_port.o
LOAD ./Modules/modbus/port/portevent_m.o
LOAD ./Modules/modbus/port/portserial_m.o
LOAD ./Modules/modbus/port/porttimer_m.o
LOAD ./Modules/modbus/rtu/mbcrc.o
LOAD ./Modules/modbus/rtu/mbrtu.o
LOAD ./Modules/modbus/rtu/mbrtu_m.o
START GROUP
LOAD c:/st/stm32cubeide_1.9.0/stm32cubeide/plugins/com.st.stm32cube.ide.mcu.externaltools.gnu-tools-for-stm32.10.3-2021.10.win32_1.0.0.202111181127/tools/bin/../lib/gcc/arm-none-eabi/10.3.1/../../../../arm-none-eabi/lib/thumb/v7-m/nofp\libc_nano.a
LOAD c:/st/stm32cubeide_1.9.0/stm32cubeide/plugins/com.st.stm32cube.ide.mcu.externaltools.gnu-tools-for-stm32.10.3-2021.10.win32_1.0.0.202111181127/tools/bin/../lib/gcc/arm-none-eabi/10.3.1/../../../../arm-none-eabi/lib/thumb/v7-m/nofp\libm.a
END GROUP
START GROUP
LOAD c:/st/stm32cubeide_1.9.0/stm32cubeide/plugins/com.st.stm32cube.ide.mcu.externaltools.gnu-tools-for-stm32.10.3-2021.10.win32_1.0.0.202111181127/tools/bin/../lib/gcc/arm-none-eabi/10.3.1/thumb/v7-m/nofp\libgcc.a
LOAD c:/st/stm32cubeide_1.9.0/stm32cubeide/plugins/com.st.stm32cube.ide.mcu.externaltools.gnu-tools-for-stm32.10.3-2021.10.win32_1.0.0.202111181127/tools/bin/../lib/gcc/arm-none-eabi/10.3.1/../../../../arm-none-eabi/lib/thumb/v7-m/nofp\libc_nano.a
END GROUP
START GROUP
LOAD c:/st/stm32cubeide_1.9.0/stm32cubeide/plugins/com.st.stm32cube.ide.mcu.externaltools.gnu-tools-for-stm32.10.3-2021.10.win32_1.0.0.202111181127/tools/bin/../lib/gcc/arm-none-eabi/10.3.1/thumb/v7-m/nofp\libgcc.a
LOAD c:/st/stm32cubeide_1.9.0/stm32cubeide/plugins/com.st.stm32cube.ide.mcu.externaltools.gnu-tools-for-stm32.10.3-2021.10.win32_1.0.0.202111181127/tools/bin/../lib/gcc/arm-none-eabi/10.3.1/../../../../arm-none-eabi/lib/thumb/v7-m/nofp\libc_nano.a
LOAD c:/st/stm32cubeide_1.9.0/stm32cubeide/plugins/com.st.stm32cube.ide.mcu.externaltools.gnu-tools-for-stm32.10.3-2021.10.win32_1.0.0.202111181127/tools/bin/../lib/gcc/arm-none-eabi/10.3.1/../../../../arm-none-eabi/lib/thumb/v7-m/nofp\libnosys.a
END GROUP
START GROUP
LOAD c:/st/stm32cubeide_1.9.0/stm32cubeide/plugins/com.st.stm32cube.ide.mcu.externaltools.gnu-tools-for-stm32.10.3-2021.10.win32_1.0.0.202111181127/tools/bin/../lib/gcc/arm-none-eabi/10.3.1/thumb/v7-m/nofp\libgcc.a
LOAD c:/st/stm32cubeide_1.9.0/stm32cubeide/plugins/com.st.stm32cube.ide.mcu.externaltools.gnu-tools-for-stm32.10.3-2021.10.win32_1.0.0.202111181127/tools/bin/../lib/gcc/arm-none-eabi/10.3.1/../../../../arm-none-eabi/lib/thumb/v7-m/nofp\libc_nano.a
LOAD c:/st/stm32cubeide_1.9.0/stm32cubeide/plugins/com.st.stm32cube.ide.mcu.externaltools.gnu-tools-for-stm32.10.3-2021.10.win32_1.0.0.202111181127/tools/bin/../lib/gcc/arm-none-eabi/10.3.1/../../../../arm-none-eabi/lib/thumb/v7-m/nofp\libnosys.a
END GROUP
LOAD c:/st/stm32cubeide_1.9.0/stm32cubeide/plugins/com.st.stm32cube.ide.mcu.externaltools.gnu-tools-for-stm32.10.3-2021.10.win32_1.0.0.202111181127/tools/bin/../lib/gcc/arm-none-eabi/10.3.1/thumb/v7-m/nofp/crtend.o
LOAD c:/st/stm32cubeide_1.9.0/stm32cubeide/plugins/com.st.stm32cube.ide.mcu.externaltools.gnu-tools-for-stm32.10.3-2021.10.win32_1.0.0.202111181127/tools/bin/../lib/gcc/arm-none-eabi/10.3.1/thumb/v7-m/nofp/crtn.o
                0x0000000020005000                _estack = (ORIGIN (RAM) + LENGTH (RAM))
                0x0000000000000200                _Min_Heap_Size = 0x200
                0x0000000000000400                _Min_Stack_Size = 0x400

.isr_vector     0x0000000008000000      0x10c
                0x0000000008000000                . = ALIGN (0x4)
 *(.isr_vector)
 .isr_vector    0x0000000008000000      0x10c ./Core/Startup/startup_stm32f103c8tx.o
                0x0000000008000000                g_pfnVectors
                0x000000000800010c                . = ALIGN (0x4)

.text           0x000000000800010c     0x3e20
                0x000000000800010c                . = ALIGN (0x4)
 *(.text)
 .text          0x000000000800010c       0x40 c:/st/stm32cubeide_1.9.0/stm32cubeide/plugins/com.st.stm32cube.ide.mcu.externaltools.gnu-tools-for-stm32.10.3-2021.10.win32_1.0.0.202111181127/tools/bin/../lib/gcc/arm-none-eabi/10.3.1/thumb/v7-m/nofp/crtbegin.o
 *(.text*)
 .text.main     0x000000000800014c       0x68 ./Core/Src/main.o
                0x000000000800014c                main
 .text.SystemClock_Config
                0x00000000080001b4       0x8a ./Core/Src/main.o
                0x00000000080001b4                SystemClock_Config
 *fill*         0x000000000800023e        0x2 
 .text.MX_TIM3_Init
                0x0000000008000240       0x98 ./Core/Src/main.o
 .text.MX_USART1_UART_Init
                0x00000000080002d8       0x54 ./Core/Src/main.o
 .text.MX_GPIO_Init
                0x000000000800032c       0x44 ./Core/Src/main.o
 .text.eMBMasterRegInputCB
                0x0000000008000370       0x20 ./Core/Src/main.o
                0x0000000008000370                eMBMasterRegInputCB
 .text.eMBMasterRegHoldingCB
                0x0000000008000390       0x2a ./Core/Src/main.o
                0x0000000008000390                eMBMasterRegHoldingCB
 .text.eMBMasterRegCoilsCB
                0x00000000080003ba       0x2a ./Core/Src/main.o
                0x00000000080003ba                eMBMasterRegCoilsCB
 .text.eMBMasterRegDiscreteCB
                0x00000000080003e4       0x20 ./Core/Src/main.o
                0x00000000080003e4                eMBMasterRegDiscreteCB
 .text.Error_Handler
                0x0000000008000404        0xa ./Core/Src/main.o
                0x0000000008000404                Error_Handler
 *fill*         0x000000000800040e        0x2 
 .text.HAL_MspInit
                0x0000000008000410       0x64 ./Core/Src/stm32f1xx_hal_msp.o
                0x0000000008000410                HAL_MspInit
 .text.HAL_TIM_Base_MspInit
                0x0000000008000474       0x4c ./Core/Src/stm32f1xx_hal_msp.o
                0x0000000008000474                HAL_TIM_Base_MspInit
 .text.HAL_UART_MspInit
                0x00000000080004c0       0xa8 ./Core/Src/stm32f1xx_hal_msp.o
                0x00000000080004c0                HAL_UART_MspInit
 .text.NMI_Handler
                0x0000000008000568        0x6 ./Core/Src/stm32f1xx_it.o
                0x0000000008000568                NMI_Handler
 .text.HardFault_Handler
                0x000000000800056e        0x6 ./Core/Src/stm32f1xx_it.o
                0x000000000800056e                HardFault_Handler
 .text.MemManage_Handler
                0x0000000008000574        0x6 ./Core/Src/stm32f1xx_it.o
                0x0000000008000574                MemManage_Handler
 .text.BusFault_Handler
                0x000000000800057a        0x6 ./Core/Src/stm32f1xx_it.o
                0x000000000800057a                BusFault_Handler
 .text.UsageFault_Handler
                0x0000000008000580        0x6 ./Core/Src/stm32f1xx_it.o
                0x0000000008000580                UsageFault_Handler
 .text.SVC_Handler
                0x0000000008000586        0xc ./Core/Src/stm32f1xx_it.o
                0x0000000008000586                SVC_Handler
 .text.DebugMon_Handler
                0x0000000008000592        0xc ./Core/Src/stm32f1xx_it.o
                0x0000000008000592                DebugMon_Handler
 .text.PendSV_Handler
                0x000000000800059e        0xc ./Core/Src/stm32f1xx_it.o
                0x000000000800059e                PendSV_Handler
 .text.SysTick_Handler
                0x00000000080005aa        0xc ./Core/Src/stm32f1xx_it.o
                0x00000000080005aa                SysTick_Handler
 *fill*         0x00000000080005b6        0x2 
 .text.TIM3_IRQHandler
                0x00000000080005b8       0x14 ./Core/Src/stm32f1xx_it.o
                0x00000000080005b8                TIM3_IRQHandler
 .text.USART1_IRQHandler
                0x00000000080005cc       0x14 ./Core/Src/stm32f1xx_it.o
                0x00000000080005cc                USART1_IRQHandler
 .text.SystemInit
                0x00000000080005e0        0xc ./Core/Src/system_stm32f1xx.o
                0x00000000080005e0                SystemInit
 .text.Reset_Handler
                0x00000000080005ec       0x48 ./Core/Startup/startup_stm32f103c8tx.o
                0x00000000080005ec                Reset_Handler
 .text.Default_Handler
                0x0000000008000634        0x2 ./Core/Startup/startup_stm32f103c8tx.o
                0x0000000008000634                RTC_Alarm_IRQHandler
                0x0000000008000634                EXTI2_IRQHandler
                0x0000000008000634                TIM1_CC_IRQHandler
                0x0000000008000634                PVD_IRQHandler
                0x0000000008000634                EXTI3_IRQHandler
                0x0000000008000634                EXTI0_IRQHandler
                0x0000000008000634                I2C2_EV_IRQHandler
                0x0000000008000634                ADC1_2_IRQHandler
                0x0000000008000634                SPI1_IRQHandler
                0x0000000008000634                TAMPER_IRQHandler
                0x0000000008000634                DMA1_Channel4_IRQHandler
                0x0000000008000634                USART3_IRQHandler
                0x0000000008000634                RTC_IRQHandler
                0x0000000008000634                DMA1_Channel7_IRQHandler
                0x0000000008000634                CAN1_RX1_IRQHandler
                0x0000000008000634                TIM4_IRQHandler
                0x0000000008000634                I2C1_EV_IRQHandler
                0x0000000008000634                DMA1_Channel6_IRQHandler
                0x0000000008000634                RCC_IRQHandler
                0x0000000008000634                TIM1_TRG_COM_IRQHandler
                0x0000000008000634                DMA1_Channel1_IRQHandler
                0x0000000008000634                Default_Handler
                0x0000000008000634                EXTI15_10_IRQHandler
                0x0000000008000634                EXTI9_5_IRQHandler
                0x0000000008000634                SPI2_IRQHandler
                0x0000000008000634                DMA1_Channel5_IRQHandler
                0x0000000008000634                EXTI4_IRQHandler
                0x0000000008000634                USB_LP_CAN1_RX0_IRQHandler
                0x0000000008000634                USB_HP_CAN1_TX_IRQHandler
                0x0000000008000634                DMA1_Channel3_IRQHandler
                0x0000000008000634                TIM1_UP_IRQHandler
                0x0000000008000634                WWDG_IRQHandler
                0x0000000008000634                TIM2_IRQHandler
                0x0000000008000634                TIM1_BRK_IRQHandler
                0x0000000008000634                EXTI1_IRQHandler
                0x0000000008000634                USART2_IRQHandler
                0x0000000008000634                I2C2_ER_IRQHandler
                0x0000000008000634                DMA1_Channel2_IRQHandler
                0x0000000008000634                CAN1_SCE_IRQHandler
                0x0000000008000634                FLASH_IRQHandler
                0x0000000008000634                I2C1_ER_IRQHandler
                0x0000000008000634                USBWakeUp_IRQHandler
 *fill*         0x0000000008000636        0x2 
 .text.HAL_Init
                0x0000000008000638       0x2c ./Drivers/STM32F1xx_HAL_Driver/Src/stm32f1xx_hal.o
                0x0000000008000638                HAL_Init
 .text.HAL_InitTick
                0x0000000008000664       0x60 ./Drivers/STM32F1xx_HAL_Driver/Src/stm32f1xx_hal.o
                0x0000000008000664                HAL_InitTick
 .text.HAL_IncTick
                0x00000000080006c4       0x24 ./Drivers/STM32F1xx_HAL_Driver/Src/stm32f1xx_hal.o
                0x00000000080006c4                HAL_IncTick
 .text.HAL_GetTick
                0x00000000080006e8       0x14 ./Drivers/STM32F1xx_HAL_Driver/Src/stm32f1xx_hal.o
                0x00000000080006e8                HAL_GetTick
 .text.HAL_Delay
                0x00000000080006fc       0x48 ./Drivers/STM32F1xx_HAL_Driver/Src/stm32f1xx_hal.o
                0x00000000080006fc                HAL_Delay
 .text.__NVIC_SetPriorityGrouping
                0x0000000008000744       0x48 ./Drivers/STM32F1xx_HAL_Driver/Src/stm32f1xx_hal_cortex.o
 .text.__NVIC_GetPriorityGrouping
                0x000000000800078c       0x1c ./Drivers/STM32F1xx_HAL_Driver/Src/stm32f1xx_hal_cortex.o
 .text.__NVIC_EnableIRQ
                0x00000000080007a8       0x38 ./Drivers/STM32F1xx_HAL_Driver/Src/stm32f1xx_hal_cortex.o
 .text.__NVIC_SetPriority
                0x00000000080007e0       0x54 ./Drivers/STM32F1xx_HAL_Driver/Src/stm32f1xx_hal_cortex.o
 .text.NVIC_EncodePriority
                0x0000000008000834       0x64 ./Drivers/STM32F1xx_HAL_Driver/Src/stm32f1xx_hal_cortex.o
 .text.SysTick_Config
                0x0000000008000898       0x44 ./Drivers/STM32F1xx_HAL_Driver/Src/stm32f1xx_hal_cortex.o
 .text.HAL_NVIC_SetPriorityGrouping
                0x00000000080008dc       0x16 ./Drivers/STM32F1xx_HAL_Driver/Src/stm32f1xx_hal_cortex.o
                0x00000000080008dc                HAL_NVIC_SetPriorityGrouping
 .text.HAL_NVIC_SetPriority
                0x00000000080008f2       0x38 ./Drivers/STM32F1xx_HAL_Driver/Src/stm32f1xx_hal_cortex.o
                0x00000000080008f2                HAL_NVIC_SetPriority
 .text.HAL_NVIC_EnableIRQ
                0x000000000800092a       0x1c ./Drivers/STM32F1xx_HAL_Driver/Src/stm32f1xx_hal_cortex.o
                0x000000000800092a                HAL_NVIC_EnableIRQ
 .text.HAL_SYSTICK_Config
                0x0000000008000946       0x18 ./Drivers/STM32F1xx_HAL_Driver/Src/stm32f1xx_hal_cortex.o
                0x0000000008000946                HAL_SYSTICK_Config
 .text.HAL_DMA_Abort
                0x000000000800095e       0x74 ./Drivers/STM32F1xx_HAL_Driver/Src/stm32f1xx_hal_dma.o
                0x000000000800095e                HAL_DMA_Abort
 *fill*         0x00000000080009d2        0x2 
 .text.HAL_DMA_Abort_IT
                0x00000000080009d4       0xec ./Drivers/STM32F1xx_HAL_Driver/Src/stm32f1xx_hal_dma.o
                0x00000000080009d4                HAL_DMA_Abort_IT
 .text.HAL_GPIO_Init
                0x0000000008000ac0      0x308 ./Drivers/STM32F1xx_HAL_Driver/Src/stm32f1xx_hal_gpio.o
                0x0000000008000ac0                HAL_GPIO_Init
 .text.HAL_RCC_OscConfig
                0x0000000008000dc8      0x504 ./Drivers/STM32F1xx_HAL_Driver/Src/stm32f1xx_hal_rcc.o
                0x0000000008000dc8                HAL_RCC_OscConfig
 .text.HAL_RCC_ClockConfig
                0x00000000080012cc      0x1d4 ./Drivers/STM32F1xx_HAL_Driver/Src/stm32f1xx_hal_rcc.o
                0x00000000080012cc                HAL_RCC_ClockConfig
 .text.HAL_RCC_GetSysClockFreq
                0x00000000080014a0       0xbc ./Drivers/STM32F1xx_HAL_Driver/Src/stm32f1xx_hal_rcc.o
                0x00000000080014a0                HAL_RCC_GetSysClockFreq
 .text.HAL_RCC_GetHCLKFreq
                0x000000000800155c       0x14 ./Drivers/STM32F1xx_HAL_Driver/Src/stm32f1xx_hal_rcc.o
                0x000000000800155c                HAL_RCC_GetHCLKFreq
 .text.HAL_RCC_GetPCLK1Freq
                0x0000000008001570       0x28 ./Drivers/STM32F1xx_HAL_Driver/Src/stm32f1xx_hal_rcc.o
                0x0000000008001570                HAL_RCC_GetPCLK1Freq
 .text.HAL_RCC_GetPCLK2Freq
                0x0000000008001598       0x28 ./Drivers/STM32F1xx_HAL_Driver/Src/stm32f1xx_hal_rcc.o
                0x0000000008001598                HAL_RCC_GetPCLK2Freq
 .text.RCC_Delay
                0x00000000080015c0       0x3c ./Drivers/STM32F1xx_HAL_Driver/Src/stm32f1xx_hal_rcc.o
 .text.HAL_TIM_Base_Init
                0x00000000080015fc       0x9e ./Drivers/STM32F1xx_HAL_Driver/Src/stm32f1xx_hal_tim.o
                0x00000000080015fc                HAL_TIM_Base_Init
 *fill*         0x000000000800169a        0x2 
 .text.HAL_TIM_Base_Start_IT
                0x000000000800169c       0xa4 ./Drivers/STM32F1xx_HAL_Driver/Src/stm32f1xx_hal_tim.o
                0x000000000800169c                HAL_TIM_Base_Start_IT
 .text.HAL_TIM_Base_Stop_IT
                0x0000000008001740       0x5c ./Drivers/STM32F1xx_HAL_Driver/Src/stm32f1xx_hal_tim.o
                0x0000000008001740                HAL_TIM_Base_Stop_IT
 .text.HAL_TIM_IRQHandler
                0x000000000800179c      0x210 ./Drivers/STM32F1xx_HAL_Driver/Src/stm32f1xx_hal_tim.o
                0x000000000800179c                HAL_TIM_IRQHandler
 .text.HAL_TIM_ConfigClockSource
                0x00000000080019ac      0x188 ./Drivers/STM32F1xx_HAL_Driver/Src/stm32f1xx_hal_tim.o
                0x00000000080019ac                HAL_TIM_ConfigClockSource
 .text.HAL_TIM_OC_DelayElapsedCallback
                0x0000000008001b34       0x12 ./Drivers/STM32F1xx_HAL_Driver/Src/stm32f1xx_hal_tim.o
                0x0000000008001b34                HAL_TIM_OC_DelayElapsedCallback
 .text.HAL_TIM_IC_CaptureCallback
                0x0000000008001b46       0x12 ./Drivers/STM32F1xx_HAL_Driver/Src/stm32f1xx_hal_tim.o
                0x0000000008001b46                HAL_TIM_IC_CaptureCallback
 .text.HAL_TIM_PWM_PulseFinishedCallback
                0x0000000008001b58       0x12 ./Drivers/STM32F1xx_HAL_Driver/Src/stm32f1xx_hal_tim.o
                0x0000000008001b58                HAL_TIM_PWM_PulseFinishedCallback
 .text.HAL_TIM_TriggerCallback
                0x0000000008001b6a       0x12 ./Drivers/STM32F1xx_HAL_Driver/Src/stm32f1xx_hal_tim.o
                0x0000000008001b6a                HAL_TIM_TriggerCallback
 .text.TIM_Base_SetConfig
                0x0000000008001b7c       0xc4 ./Drivers/STM32F1xx_HAL_Driver/Src/stm32f1xx_hal_tim.o
                0x0000000008001b7c                TIM_Base_SetConfig
 .text.TIM_TI1_ConfigInputStage
                0x0000000008001c40       0x5c ./Drivers/STM32F1xx_HAL_Driver/Src/stm32f1xx_hal_tim.o
 .text.TIM_TI2_ConfigInputStage
                0x0000000008001c9c       0x5e ./Drivers/STM32F1xx_HAL_Driver/Src/stm32f1xx_hal_tim.o
 .text.TIM_ITRx_SetConfig
                0x0000000008001cfa       0x34 ./Drivers/STM32F1xx_HAL_Driver/Src/stm32f1xx_hal_tim.o
 .text.TIM_ETR_SetConfig
                0x0000000008001d2e       0x3e ./Drivers/STM32F1xx_HAL_Driver/Src/stm32f1xx_hal_tim.o
                0x0000000008001d2e                TIM_ETR_SetConfig
 .text.HAL_TIMEx_MasterConfigSynchronization
                0x0000000008001d6c       0xbc ./Drivers/STM32F1xx_HAL_Driver/Src/stm32f1xx_hal_tim_ex.o
                0x0000000008001d6c                HAL_TIMEx_MasterConfigSynchronization
 .text.HAL_TIMEx_CommutCallback
                0x0000000008001e28       0x12 ./Drivers/STM32F1xx_HAL_Driver/Src/stm32f1xx_hal_tim_ex.o
                0x0000000008001e28                HAL_TIMEx_CommutCallback
 .text.HAL_TIMEx_BreakCallback
                0x0000000008001e3a       0x12 ./Drivers/STM32F1xx_HAL_Driver/Src/stm32f1xx_hal_tim_ex.o
                0x0000000008001e3a                HAL_TIMEx_BreakCallback
 .text.HAL_UART_Init
                0x0000000008001e4c       0x9a ./Drivers/STM32F1xx_HAL_Driver/Src/stm32f1xx_hal_uart.o
                0x0000000008001e4c                HAL_UART_Init
 .text.HAL_UART_Transmit_IT
                0x0000000008001ee6       0x88 ./Drivers/STM32F1xx_HAL_Driver/Src/stm32f1xx_hal_uart.o
                0x0000000008001ee6                HAL_UART_Transmit_IT
 .text.HAL_UART_Receive_IT
                0x0000000008001f6e       0x60 ./Drivers/STM32F1xx_HAL_Driver/Src/stm32f1xx_hal_uart.o
                0x0000000008001f6e                HAL_UART_Receive_IT
 *fill*         0x0000000008001fce        0x2 
 .text.HAL_UART_AbortTransmit_IT
                0x0000000008001fd0       0xa0 ./Drivers/STM32F1xx_HAL_Driver/Src/stm32f1xx_hal_uart.o
                0x0000000008001fd0                HAL_UART_AbortTransmit_IT
 .text.HAL_UART_AbortReceive_IT
                0x0000000008002070       0xd4 ./Drivers/STM32F1xx_HAL_Driver/Src/stm32f1xx_hal_uart.o
                0x0000000008002070                HAL_UART_AbortReceive_IT
 .text.HAL_UART_IRQHandler
                0x0000000008002144      0x354 ./Drivers/STM32F1xx_HAL_Driver/Src/stm32f1xx_hal_uart.o
                0x0000000008002144                HAL_UART_IRQHandler
 .text.HAL_UART_ErrorCallback
                0x0000000008002498       0x12 ./Drivers/STM32F1xx_HAL_Driver/Src/stm32f1xx_hal_uart.o
                0x0000000008002498                HAL_UART_ErrorCallback
 .text.HAL_UART_AbortTransmitCpltCallback
                0x00000000080024aa       0x12 ./Drivers/STM32F1xx_HAL_Driver/Src/stm32f1xx_hal_uart.o
                0x00000000080024aa                HAL_UART_AbortTransmitCpltCallback
 .text.HAL_UART_AbortReceiveCpltCallback
                0x00000000080024bc       0x12 ./Drivers/STM32F1xx_HAL_Driver/Src/stm32f1xx_hal_uart.o
                0x00000000080024bc                HAL_UART_AbortReceiveCpltCallback
 .text.HAL_UARTEx_RxEventCallback
                0x00000000080024ce       0x16 ./Drivers/STM32F1xx_HAL_Driver/Src/stm32f1xx_hal_uart.o
                0x00000000080024ce                HAL_UARTEx_RxEventCallback
 .text.UART_Start_Receive_IT
                0x00000000080024e4       0x72 ./Drivers/STM32F1xx_HAL_Driver/Src/stm32f1xx_hal_uart.o
                0x00000000080024e4                UART_Start_Receive_IT
 .text.UART_EndRxTransfer
                0x0000000008002556       0x58 ./Drivers/STM32F1xx_HAL_Driver/Src/stm32f1xx_hal_uart.o
 .text.UART_DMAAbortOnError
                0x00000000080025ae       0x28 ./Drivers/STM32F1xx_HAL_Driver/Src/stm32f1xx_hal_uart.o
 .text.UART_DMATxOnlyAbortCallback
                0x00000000080025d6       0x2a ./Drivers/STM32F1xx_HAL_Driver/Src/stm32f1xx_hal_uart.o
 .text.UART_DMARxOnlyAbortCallback
                0x0000000008002600       0x30 ./Drivers/STM32F1xx_HAL_Driver/Src/stm32f1xx_hal_uart.o
 .text.UART_Transmit_IT
                0x0000000008002630       0x9e ./Drivers/STM32F1xx_HAL_Driver/Src/stm32f1xx_hal_uart.o
 .text.UART_EndTransmit_IT
                0x00000000080026ce       0x30 ./Drivers/STM32F1xx_HAL_Driver/Src/stm32f1xx_hal_uart.o
 .text.UART_Receive_IT
                0x00000000080026fe      0x152 ./Drivers/STM32F1xx_HAL_Driver/Src/stm32f1xx_hal_uart.o
 .text.UART_SetConfig
                0x0000000008002850      0x11c ./Drivers/STM32F1xx_HAL_Driver/Src/stm32f1xx_hal_uart.o
 .text.eMBMasterFuncReadCoils
                0x000000000800296c       0xd6 ./Modules/modbus/functions/mbfunccoils_m.o
                0x000000000800296c                eMBMasterFuncReadCoils
 .text.eMBMasterFuncWriteCoil
                0x0000000008002a42       0xa6 ./Modules/modbus/functions/mbfunccoils_m.o
                0x0000000008002a42                eMBMasterFuncWriteCoil
 .text.eMBMasterFuncWriteMultipleCoils
                0x0000000008002ae8       0xd4 ./Modules/modbus/functions/mbfunccoils_m.o
                0x0000000008002ae8                eMBMasterFuncWriteMultipleCoils
 .text.eMBMasterFuncReadDiscreteInputs
                0x0000000008002bbc       0xd6 ./Modules/modbus/functions/mbfuncdisc_m.o
                0x0000000008002bbc                eMBMasterFuncReadDiscreteInputs
 .text.eMBMasterReqWriteHoldingRegister
                0x0000000008002c92       0x9c ./Modules/modbus/functions/mbfuncholding_m.o
                0x0000000008002c92                eMBMasterReqWriteHoldingRegister
 .text.eMBMasterFuncWriteHoldingRegister
                0x0000000008002d2e       0x6a ./Modules/modbus/functions/mbfuncholding_m.o
                0x0000000008002d2e                eMBMasterFuncWriteHoldingRegister
 .text.eMBMasterFuncWriteMultipleHoldingRegister
                0x0000000008002d98       0xb2 ./Modules/modbus/functions/mbfuncholding_m.o
                0x0000000008002d98                eMBMasterFuncWriteMultipleHoldingRegister
 .text.eMBMasterFuncReadHoldingRegister
                0x0000000008002e4a       0xb8 ./Modules/modbus/functions/mbfuncholding_m.o
                0x0000000008002e4a                eMBMasterFuncReadHoldingRegister
 .text.eMBMasterFuncReadWriteMultipleHoldingRegister
                0x0000000008002f02      0x100 ./Modules/modbus/functions/mbfuncholding_m.o
                0x0000000008002f02                eMBMasterFuncReadWriteMultipleHoldingRegister
 .text.eMBMasterFuncReadInputRegister
                0x0000000008003002       0xb8 ./Modules/modbus/functions/mbfuncinput_m.o
                0x0000000008003002                eMBMasterFuncReadInputRegister
 *fill*         0x00000000080030ba        0x2 
 .text.eMBFuncReportSlaveID
                0x00000000080030bc       0x38 ./Modules/modbus/functions/mbfuncother.o
                0x00000000080030bc                eMBFuncReportSlaveID
 .text.prveMBError2Exception
                0x00000000080030f4       0x42 ./Modules/modbus/functions/mbutils.o
                0x00000000080030f4                prveMBError2Exception
 *fill*         0x0000000008003136        0x2 
 .text.eMBMasterInit
                0x0000000008003138       0xd4 ./Modules/modbus/mb_m.o
                0x0000000008003138                eMBMasterInit
 .text.eMBMasterEnable
                0x000000000800320c       0x38 ./Modules/modbus/mb_m.o
                0x000000000800320c                eMBMasterEnable
 .text.eMBMasterPoll
                0x0000000008003244      0x29c ./Modules/modbus/mb_m.o
                0x0000000008003244                eMBMasterPoll
 .text.vMBMasterSetCBRunInMasterMode
                0x00000000080034e0       0x20 ./Modules/modbus/mb_m.o
                0x00000000080034e0                vMBMasterSetCBRunInMasterMode
 .text.ucMBMasterGetDestAddress
                0x0000000008003500       0x14 ./Modules/modbus/mb_m.o
                0x0000000008003500                ucMBMasterGetDestAddress
 .text.vMBMasterSetDestAddress
                0x0000000008003514       0x20 ./Modules/modbus/mb_m.o
                0x0000000008003514                vMBMasterSetDestAddress
 .text.eMBMasterGetErrorType
                0x0000000008003534       0x14 ./Modules/modbus/mb_m.o
                0x0000000008003534                eMBMasterGetErrorType
 .text.vMBMasterSetErrorType
                0x0000000008003548       0x20 ./Modules/modbus/mb_m.o
                0x0000000008003548                vMBMasterSetErrorType
 .text.EnterCriticalSection
                0x0000000008003568       0x20 ./Modules/modbus/port/mt_port.o
                0x0000000008003568                EnterCriticalSection
 .text.ExitCriticalSection
                0x0000000008003588       0x28 ./Modules/modbus/port/mt_port.o
                0x0000000008003588                ExitCriticalSection
 .text.MT_PORT_SetTimerModule
                0x00000000080035b0       0x1c ./Modules/modbus/port/mt_port.o
                0x00000000080035b0                MT_PORT_SetTimerModule
 .text.MT_PORT_SetUartModule
                0x00000000080035cc       0x1c ./Modules/modbus/port/mt_port.o
                0x00000000080035cc                MT_PORT_SetUartModule
 .text.xMBMasterPortEventInit
                0x00000000080035e8       0x18 ./Modules/modbus/port/portevent_m.o
                0x00000000080035e8                xMBMasterPortEventInit
 .text.xMBMasterPortEventPost
                0x0000000008003600       0x2c ./Modules/modbus/port/portevent_m.o
                0x0000000008003600                xMBMasterPortEventPost
 .text.xMBMasterPortEventGet
                0x000000000800362c       0x3c ./Modules/modbus/port/portevent_m.o
                0x000000000800362c                xMBMasterPortEventGet
 .text.vMBMasterOsResInit
                0x0000000008003668        0xc ./Modules/modbus/port/portevent_m.o
                0x0000000008003668                vMBMasterOsResInit
 .text.xMBMasterRunResTake
                0x0000000008003674       0x14 ./Modules/modbus/port/portevent_m.o
                0x0000000008003674                xMBMasterRunResTake
 .text.vMBMasterRunResRelease
                0x0000000008003688        0xc ./Modules/modbus/port/portevent_m.o
                0x0000000008003688                vMBMasterRunResRelease
 .text.vMBMasterErrorCBRespondTimeout
                0x0000000008003694       0x1e ./Modules/modbus/port/portevent_m.o
                0x0000000008003694                vMBMasterErrorCBRespondTimeout
 .text.vMBMasterErrorCBReceiveData
                0x00000000080036b2       0x1e ./Modules/modbus/port/portevent_m.o
                0x00000000080036b2                vMBMasterErrorCBReceiveData
 .text.vMBMasterErrorCBExecuteFunction
                0x00000000080036d0       0x20 ./Modules/modbus/port/portevent_m.o
                0x00000000080036d0                vMBMasterErrorCBExecuteFunction
 .text.vMBMasterCBRequestScuuess
                0x00000000080036f0        0xe ./Modules/modbus/port/portevent_m.o
                0x00000000080036f0                vMBMasterCBRequestScuuess
 *fill*         0x00000000080036fe        0x2 
 .text.eMBMasterWaitRequestFinish
                0x0000000008003700       0x54 ./Modules/modbus/port/portevent_m.o
                0x0000000008003700                eMBMasterWaitRequestFinish
 .text.vMBMasterPortSerialEnable
                0x0000000008003754       0x64 ./Modules/modbus/port/portserial_m.o
                0x0000000008003754                vMBMasterPortSerialEnable
 .text.xMBMasterPortSerialInit
                0x00000000080037b8       0x24 ./Modules/modbus/port/portserial_m.o
                0x00000000080037b8                xMBMasterPortSerialInit
 .text.xMBMasterPortSerialPutByte
                0x00000000080037dc       0x30 ./Modules/modbus/port/portserial_m.o
                0x00000000080037dc                xMBMasterPortSerialPutByte
 .text.xMBMasterPortSerialGetByte
                0x000000000800380c       0x30 ./Modules/modbus/port/portserial_m.o
                0x000000000800380c                xMBMasterPortSerialGetByte
 .text.prvvUARTTxReadyISR
                0x000000000800383c       0x14 ./Modules/modbus/port/portserial_m.o
 .text.prvvUARTRxISR
                0x0000000008003850       0x14 ./Modules/modbus/port/portserial_m.o
 .text.HAL_UART_TxCpltCallback
                0x0000000008003864       0x28 ./Modules/modbus/port/portserial_m.o
                0x0000000008003864                HAL_UART_TxCpltCallback
 .text.HAL_UART_RxCpltCallback
                0x000000000800388c       0x28 ./Modules/modbus/port/portserial_m.o
                0x000000000800388c                HAL_UART_RxCpltCallback
 .text.xMBMasterPortTimersInit
                0x00000000080038b4       0x20 ./Modules/modbus/port/porttimer_m.o
                0x00000000080038b4                xMBMasterPortTimersInit
 .text.vMBMasterPortTimersT35Enable
                0x00000000080038d4       0x28 ./Modules/modbus/port/porttimer_m.o
                0x00000000080038d4                vMBMasterPortTimersT35Enable
 .text.vMBMasterPortTimersConvertDelayEnable
                0x00000000080038fc        0xe ./Modules/modbus/port/porttimer_m.o
                0x00000000080038fc                vMBMasterPortTimersConvertDelayEnable
 .text.vMBMasterPortTimersRespondTimeoutEnable
                0x000000000800390a        0xe ./Modules/modbus/port/porttimer_m.o
                0x000000000800390a                vMBMasterPortTimersRespondTimeoutEnable
 .text.vMBMasterPortTimersDisable
                0x0000000008003918       0x18 ./Modules/modbus/port/porttimer_m.o
                0x0000000008003918                vMBMasterPortTimersDisable
 .text.prvvTIMERExpiredISR
                0x0000000008003930       0x14 ./Modules/modbus/port/porttimer_m.o
 .text.HAL_TIM_PeriodElapsedCallback
                0x0000000008003944       0x48 ./Modules/modbus/port/porttimer_m.o
                0x0000000008003944                HAL_TIM_PeriodElapsedCallback
 .text.usMBCRC16
                0x000000000800398c       0x6c ./Modules/modbus/rtu/mbcrc.o
                0x000000000800398c                usMBCRC16
 .text.eMBMasterRTUInit
                0x00000000080039f8       0x70 ./Modules/modbus/rtu/mbrtu_m.o
                0x00000000080039f8                eMBMasterRTUInit
 .text.eMBMasterRTUStart
                0x0000000008003a68       0x28 ./Modules/modbus/rtu/mbrtu_m.o
                0x0000000008003a68                eMBMasterRTUStart
 .text.eMBMasterRTUStop
                0x0000000008003a90       0x1c ./Modules/modbus/rtu/mbrtu_m.o
                0x0000000008003a90                eMBMasterRTUStop
 .text.eMBMasterRTUReceive
                0x0000000008003aac       0x70 ./Modules/modbus/rtu/mbrtu_m.o
                0x0000000008003aac                eMBMasterRTUReceive
 .text.eMBMasterRTUSend
                0x0000000008003b1c       0xd4 ./Modules/modbus/rtu/mbrtu_m.o
                0x0000000008003b1c                eMBMasterRTUSend
 .text.xMBMasterRTUReceiveFSM
                0x0000000008003bf0       0xbc ./Modules/modbus/rtu/mbrtu_m.o
                0x0000000008003bf0                xMBMasterRTUReceiveFSM
 .text.xMBMasterRTUTransmitFSM
                0x0000000008003cac       0xb0 ./Modules/modbus/rtu/mbrtu_m.o
                0x0000000008003cac                xMBMasterRTUTransmitFSM
 .text.xMBMasterRTUTimerExpired
                0x0000000008003d5c       0xb8 ./Modules/modbus/rtu/mbrtu_m.o
                0x0000000008003d5c                xMBMasterRTUTimerExpired
 .text.vMBMasterGetPDUSndBuf
                0x0000000008003e14       0x1c ./Modules/modbus/rtu/mbrtu_m.o
                0x0000000008003e14                vMBMasterGetPDUSndBuf
 .text.vMBMasterSetPDUSndLength
                0x0000000008003e30       0x20 ./Modules/modbus/rtu/mbrtu_m.o
                0x0000000008003e30                vMBMasterSetPDUSndLength
 .text.usMBMasterGetPDUSndLength
                0x0000000008003e50       0x18 ./Modules/modbus/rtu/mbrtu_m.o
                0x0000000008003e50                usMBMasterGetPDUSndLength
 .text.vMBMasterSetCurTimerMode
                0x0000000008003e68       0x20 ./Modules/modbus/rtu/mbrtu_m.o
                0x0000000008003e68                vMBMasterSetCurTimerMode
 .text.xMBMasterRequestIsBroadcast
                0x0000000008003e88       0x18 ./Modules/modbus/rtu/mbrtu_m.o
                0x0000000008003e88                xMBMasterRequestIsBroadcast
 .text.__libc_init_array
                0x0000000008003ea0       0x48 c:/st/stm32cubeide_1.9.0/stm32cubeide/plugins/com.st.stm32cube.ide.mcu.externaltools.gnu-tools-for-stm32.10.3-2021.10.win32_1.0.0.202111181127/tools/bin/../lib/gcc/arm-none-eabi/10.3.1/../../../../arm-none-eabi/lib/thumb/v7-m/nofp\libc_nano.a(lib_a-init.o)
                0x0000000008003ea0                __libc_init_array
 .text.memcpy   0x0000000008003ee8       0x1c c:/st/stm32cubeide_1.9.0/stm32cubeide/plugins/com.st.stm32cube.ide.mcu.externaltools.gnu-tools-for-stm32.10.3-2021.10.win32_1.0.0.202111181127/tools/bin/../lib/gcc/arm-none-eabi/10.3.1/../../../../arm-none-eabi/lib/thumb/v7-m/nofp\libc_nano.a(lib_a-memcpy-stub.o)
                0x0000000008003ee8                memcpy
 .text.memset   0x0000000008003f04       0x10 c:/st/stm32cubeide_1.9.0/stm32cubeide/plugins/com.st.stm32cube.ide.mcu.externaltools.gnu-tools-for-stm32.10.3-2021.10.win32_1.0.0.202111181127/tools/bin/../lib/gcc/arm-none-eabi/10.3.1/../../../../arm-none-eabi/lib/thumb/v7-m/nofp\libc_nano.a(lib_a-memset.o)
                0x0000000008003f04                memset
 *(.glue_7)
 .glue_7        0x0000000008003f14        0x0 linker stubs
 *(.glue_7t)
 .glue_7t       0x0000000008003f14        0x0 linker stubs
 *(.eh_frame)
 .eh_frame      0x0000000008003f14        0x0 c:/st/stm32cubeide_1.9.0/stm32cubeide/plugins/com.st.stm32cube.ide.mcu.externaltools.gnu-tools-for-stm32.10.3-2021.10.win32_1.0.0.202111181127/tools/bin/../lib/gcc/arm-none-eabi/10.3.1/thumb/v7-m/nofp/crtbegin.o
 *(.init)
 .init          0x0000000008003f14        0x4 c:/st/stm32cubeide_1.9.0/stm32cubeide/plugins/com.st.stm32cube.ide.mcu.externaltools.gnu-tools-for-stm32.10.3-2021.10.win32_1.0.0.202111181127/tools/bin/../lib/gcc/arm-none-eabi/10.3.1/thumb/v7-m/nofp/crti.o
                0x0000000008003f14                _init
 .init          0x0000000008003f18        0x8 c:/st/stm32cubeide_1.9.0/stm32cubeide/plugins/com.st.stm32cube.ide.mcu.externaltools.gnu-tools-for-stm32.10.3-2021.10.win32_1.0.0.202111181127/tools/bin/../lib/gcc/arm-none-eabi/10.3.1/thumb/v7-m/nofp/crtn.o
 *(.fini)
 .fini          0x0000000008003f20        0x4 c:/st/stm32cubeide_1.9.0/stm32cubeide/plugins/com.st.stm32cube.ide.mcu.externaltools.gnu-tools-for-stm32.10.3-2021.10.win32_1.0.0.202111181127/tools/bin/../lib/gcc/arm-none-eabi/10.3.1/thumb/v7-m/nofp/crti.o
                0x0000000008003f20                _fini
 .fini          0x0000000008003f24        0x8 c:/st/stm32cubeide_1.9.0/stm32cubeide/plugins/com.st.stm32cube.ide.mcu.externaltools.gnu-tools-for-stm32.10.3-2021.10.win32_1.0.0.202111181127/tools/bin/../lib/gcc/arm-none-eabi/10.3.1/thumb/v7-m/nofp/crtn.o
                0x0000000008003f2c                . = ALIGN (0x4)
                0x0000000008003f2c                _etext = .

.vfp11_veneer   0x0000000008003f2c        0x0
 .vfp11_veneer  0x0000000008003f2c        0x0 linker stubs

.v4_bx          0x0000000008003f2c        0x0
 .v4_bx         0x0000000008003f2c        0x0 linker stubs

.iplt           0x0000000008003f2c        0x0
 .iplt          0x0000000008003f2c        0x0 c:/st/stm32cubeide_1.9.0/stm32cubeide/plugins/com.st.stm32cube.ide.mcu.externaltools.gnu-tools-for-stm32.10.3-2021.10.win32_1.0.0.202111181127/tools/bin/../lib/gcc/arm-none-eabi/10.3.1/thumb/v7-m/nofp/crtbegin.o

.rodata         0x0000000008003f2c      0x228
                0x0000000008003f2c                . = ALIGN (0x4)
 *(.rodata)
 .rodata        0x0000000008003f2c       0x10 ./Drivers/STM32F1xx_HAL_Driver/Src/stm32f1xx_hal_rcc.o
 *(.rodata*)
 .rodata.AHBPrescTable
                0x0000000008003f3c       0x10 ./Core/Src/system_stm32f1xx.o
                0x0000000008003f3c                AHBPrescTable
 .rodata.APBPrescTable
                0x0000000008003f4c        0x8 ./Core/Src/system_stm32f1xx.o
                0x0000000008003f4c                APBPrescTable
 .rodata.aucCRCHi
                0x0000000008003f54      0x100 ./Modules/modbus/rtu/mbcrc.o
 .rodata.aucCRCLo
                0x0000000008004054      0x100 ./Modules/modbus/rtu/mbcrc.o
                0x0000000008004154                . = ALIGN (0x4)

.rel.dyn        0x0000000008004154        0x0
 .rel.iplt      0x0000000008004154        0x0 c:/st/stm32cubeide_1.9.0/stm32cubeide/plugins/com.st.stm32cube.ide.mcu.externaltools.gnu-tools-for-stm32.10.3-2021.10.win32_1.0.0.202111181127/tools/bin/../lib/gcc/arm-none-eabi/10.3.1/thumb/v7-m/nofp/crtbegin.o

.ARM.extab      0x0000000008004154        0x0
                0x0000000008004154                . = ALIGN (0x4)
 *(.ARM.extab* .gnu.linkonce.armextab.*)
                0x0000000008004154                . = ALIGN (0x4)

.ARM            0x0000000008004154        0x0
                0x0000000008004154                . = ALIGN (0x4)
                0x0000000008004154                __exidx_start = .
 *(.ARM.exidx*)
                0x0000000008004154                __exidx_end = .
                0x0000000008004154                . = ALIGN (0x4)

.preinit_array  0x0000000008004154        0x0
                0x0000000008004154                . = ALIGN (0x4)
                0x0000000008004154                PROVIDE (__preinit_array_start = .)
 *(.preinit_array*)
                0x0000000008004154                PROVIDE (__preinit_array_end = .)
                0x0000000008004154                . = ALIGN (0x4)

.init_array     0x0000000008004154        0x4
                0x0000000008004154                . = ALIGN (0x4)
                0x0000000008004154                PROVIDE (__init_array_start = .)
 *(SORT_BY_NAME(.init_array.*))
 *(.init_array*)
 .init_array    0x0000000008004154        0x4 c:/st/stm32cubeide_1.9.0/stm32cubeide/plugins/com.st.stm32cube.ide.mcu.externaltools.gnu-tools-for-stm32.10.3-2021.10.win32_1.0.0.202111181127/tools/bin/../lib/gcc/arm-none-eabi/10.3.1/thumb/v7-m/nofp/crtbegin.o
                0x0000000008004158                PROVIDE (__init_array_end = .)
                0x0000000008004158                . = ALIGN (0x4)

.fini_array     0x0000000008004158        0x4
                0x0000000008004158                . = ALIGN (0x4)
                [!provide]                        PROVIDE (__fini_array_start = .)
 *(SORT_BY_NAME(.fini_array.*))
 *(.fini_array*)
 .fini_array    0x0000000008004158        0x4 c:/st/stm32cubeide_1.9.0/stm32cubeide/plugins/com.st.stm32cube.ide.mcu.externaltools.gnu-tools-for-stm32.10.3-2021.10.win32_1.0.0.202111181127/tools/bin/../lib/gcc/arm-none-eabi/10.3.1/thumb/v7-m/nofp/crtbegin.o
                [!provide]                        PROVIDE (__fini_array_end = .)
                0x000000000800415c                . = ALIGN (0x4)
                0x000000000800415c                _sidata = LOADADDR (.data)

.data           0x0000000020000000       0x8c load address 0x000000000800415c
                0x0000000020000000                . = ALIGN (0x4)
                0x0000000020000000                _sdata = .
 *(.data)
 *(.data*)
 .data.SystemCoreClock
                0x0000000020000000        0x4 ./Core/Src/system_stm32f1xx.o
                0x0000000020000000                SystemCoreClock
 .data.uwTickPrio
                0x0000000020000004        0x4 ./Drivers/STM32F1xx_HAL_Driver/Src/stm32f1xx_hal.o
                0x0000000020000004                uwTickPrio
 .data.uwTickFreq
                0x0000000020000008        0x1 ./Drivers/STM32F1xx_HAL_Driver/Src/stm32f1xx_hal.o
                0x0000000020000008                uwTickFreq
 .data.eMBState
                0x0000000020000009        0x1 ./Modules/modbus/mb_m.o
 *fill*         0x000000002000000a        0x2 
 .data.xMasterFuncHandlers
                0x000000002000000c       0x80 ./Modules/modbus/mb_m.o
 *(.RamFunc)
 *(.RamFunc*)
                0x000000002000008c                . = ALIGN (0x4)
                0x000000002000008c                _edata = .

.igot.plt       0x000000002000008c        0x0 load address 0x00000000080041e8
 .igot.plt      0x000000002000008c        0x0 c:/st/stm32cubeide_1.9.0/stm32cubeide/plugins/com.st.stm32cube.ide.mcu.externaltools.gnu-tools-for-stm32.10.3-2021.10.win32_1.0.0.202111181127/tools/bin/../lib/gcc/arm-none-eabi/10.3.1/thumb/v7-m/nofp/crtbegin.o
                0x000000002000008c                . = ALIGN (0x4)

.bss            0x000000002000008c      0x328 load address 0x00000000080041e8
                0x000000002000008c                _sbss = .
                0x000000002000008c                __bss_start__ = _sbss
 *(.bss)
 .bss           0x000000002000008c       0x1c c:/st/stm32cubeide_1.9.0/stm32cubeide/plugins/com.st.stm32cube.ide.mcu.externaltools.gnu-tools-for-stm32.10.3-2021.10.win32_1.0.0.202111181127/tools/bin/../lib/gcc/arm-none-eabi/10.3.1/thumb/v7-m/nofp/crtbegin.o
 *(.bss*)
 .bss.htim3     0x00000000200000a8       0x48 ./Core/Src/main.o
                0x00000000200000a8                htim3
 .bss.huart1    0x00000000200000f0       0x44 ./Core/Src/main.o
                0x00000000200000f0                huart1
 .bss.uwTick    0x0000000020000134        0x4 ./Drivers/STM32F1xx_HAL_Driver/Src/stm32f1xx_hal.o
                0x0000000020000134                uwTick
 .bss.ucMBSlaveID
                0x0000000020000138       0x20 ./Modules/modbus/functions/mbfuncother.o
 .bss.usMBSlaveIDLen
                0x0000000020000158        0x2 ./Modules/modbus/functions/mbfuncother.o
 .bss.ucMBMasterDestAddress
                0x000000002000015a        0x1 ./Modules/modbus/mb_m.o
 .bss.xMBRunInMasterMode
                0x000000002000015b        0x1 ./Modules/modbus/mb_m.o
 .bss.eMBMasterCurErrorType
                0x000000002000015c        0x1 ./Modules/modbus/mb_m.o
 *fill*         0x000000002000015d        0x3 
 .bss.peMBMasterFrameSendCur
                0x0000000020000160        0x4 ./Modules/modbus/mb_m.o
 .bss.pvMBMasterFrameStartCur
                0x0000000020000164        0x4 ./Modules/modbus/mb_m.o
 .bss.pvMBMasterFrameStopCur
                0x0000000020000168        0x4 ./Modules/modbus/mb_m.o
 .bss.peMBMasterFrameReceiveCur
                0x000000002000016c        0x4 ./Modules/modbus/mb_m.o
 .bss.pvMBMasterFrameCloseCur
                0x0000000020000170        0x4 ./Modules/modbus/mb_m.o
 .bss.pxMBMasterFrameCBByteReceived
                0x0000000020000174        0x4 ./Modules/modbus/mb_m.o
                0x0000000020000174                pxMBMasterFrameCBByteReceived
 .bss.pxMBMasterFrameCBTransmitterEmpty
                0x0000000020000178        0x4 ./Modules/modbus/mb_m.o
                0x0000000020000178                pxMBMasterFrameCBTransmitterEmpty
 .bss.pxMBMasterPortCBTimerExpired
                0x000000002000017c        0x4 ./Modules/modbus/mb_m.o
                0x000000002000017c                pxMBMasterPortCBTimerExpired
 .bss.ucRcvAddress.4
                0x0000000020000180        0x1 ./Modules/modbus/mb_m.o
 *fill*         0x0000000020000181        0x3 
 .bss.ucMBFrame.3
                0x0000000020000184        0x4 ./Modules/modbus/mb_m.o
 .bss.usLength.2
                0x0000000020000188        0x2 ./Modules/modbus/mb_m.o
 .bss.ucFunctionCode.1
                0x000000002000018a        0x1 ./Modules/modbus/mb_m.o
 .bss.eException.0
                0x000000002000018b        0x1 ./Modules/modbus/mb_m.o
 .bss.lockCounter
                0x000000002000018c        0x4 ./Modules/modbus/port/mt_port.o
 .bss.modbusUart
                0x0000000020000190        0x4 ./Modules/modbus/port/mt_port.o
                0x0000000020000190                modbusUart
 .bss.modbusTimer
                0x0000000020000194        0x4 ./Modules/modbus/port/mt_port.o
                0x0000000020000194                modbusTimer
 .bss.eQueuedEvent
                0x0000000020000198        0x2 ./Modules/modbus/port/portevent_m.o
 .bss.xEventInQueue
                0x000000002000019a        0x1 ./Modules/modbus/port/portevent_m.o
 .bss.txByte    0x000000002000019b        0x1 ./Modules/modbus/port/portserial_m.o
 .bss.rxByte    0x000000002000019c        0x1 ./Modules/modbus/port/portserial_m.o
 *fill*         0x000000002000019d        0x1 
 .bss.timerPeriod
                0x000000002000019e        0x2 ./Modules/modbus/port/porttimer_m.o
                0x000000002000019e                timerPeriod
 .bss.timerCounter
                0x00000000200001a0        0x2 ./Modules/modbus/port/porttimer_m.o
                0x00000000200001a0                timerCounter
 .bss.eSndState
                0x00000000200001a2        0x1 ./Modules/modbus/rtu/mbrtu_m.o
 .bss.eRcvState
                0x00000000200001a3        0x1 ./Modules/modbus/rtu/mbrtu_m.o
 .bss.ucMasterRTUSndBuf
                0x00000000200001a4       0xfd ./Modules/modbus/rtu/mbrtu_m.o
 *fill*         0x00000000200002a1        0x3 
 .bss.ucMasterRTURcvBuf
                0x00000000200002a4      0x100 ./Modules/modbus/rtu/mbrtu_m.o
 .bss.usMasterSendPDULength
                0x00000000200003a4        0x2 ./Modules/modbus/rtu/mbrtu_m.o
 *fill*         0x00000000200003a6        0x2 
 .bss.pucMasterSndBufferCur
                0x00000000200003a8        0x4 ./Modules/modbus/rtu/mbrtu_m.o
 .bss.usMasterSndBufferCount
                0x00000000200003ac        0x2 ./Modules/modbus/rtu/mbrtu_m.o
 .bss.usMasterRcvBufferPos
                0x00000000200003ae        0x2 ./Modules/modbus/rtu/mbrtu_m.o
 .bss.xFrameIsBroadcast
                0x00000000200003b0        0x1 ./Modules/modbus/rtu/mbrtu_m.o
 .bss.eMasterCurTimerMode
                0x00000000200003b1        0x1 ./Modules/modbus/rtu/mbrtu_m.o
 *(COMMON)
                0x00000000200003b4                . = ALIGN (0x4)
 *fill*         0x00000000200003b2        0x2 
                0x00000000200003b4                _ebss = .
                0x00000000200003b4                __bss_end__ = _ebss

._user_heap_stack
                0x00000000200003b4      0x604 load address 0x00000000080041e8
                0x00000000200003b8                . = ALIGN (0x8)
 *fill*         0x00000000200003b4        0x4 
                [!provide]                        PROVIDE (end = .)
                0x00000000200003b8                PROVIDE (_end = .)
                0x00000000200005b8                . = (. + _Min_Heap_Size)
 *fill*         0x00000000200003b8      0x200 
                0x00000000200009b8                . = (. + _Min_Stack_Size)
 *fill*         0x00000000200005b8      0x400 
                0x00000000200009b8                . = ALIGN (0x8)

/DISCARD/
 libc.a(*)
 libm.a(*)
 libgcc.a(*)

.ARM.attributes
                0x0000000000000000       0x29
 *(.ARM.attributes)
 .ARM.attributes
                0x0000000000000000       0x1d c:/st/stm32cubeide_1.9.0/stm32cubeide/plugins/com.st.stm32cube.ide.mcu.externaltools.gnu-tools-for-stm32.10.3-2021.10.win32_1.0.0.202111181127/tools/bin/../lib/gcc/arm-none-eabi/10.3.1/thumb/v7-m/nofp/crti.o
 .ARM.attributes
                0x000000000000001d       0x2d c:/st/stm32cubeide_1.9.0/stm32cubeide/plugins/com.st.stm32cube.ide.mcu.externaltools.gnu-tools-for-stm32.10.3-2021.10.win32_1.0.0.202111181127/tools/bin/../lib/gcc/arm-none-eabi/10.3.1/thumb/v7-m/nofp/crtbegin.o
 .ARM.attributes
                0x000000000000004a       0x2d ./Core/Src/main.o
 .ARM.attributes
                0x0000000000000077       0x2d ./Core/Src/stm32f1xx_hal_msp.o
 .ARM.attributes
                0x00000000000000a4       0x2d ./Core/Src/stm32f1xx_it.o
 .ARM.attributes
                0x00000000000000d1       0x2d ./Core/Src/system_stm32f1xx.o
 .ARM.attributes
                0x00000000000000fe       0x21 ./Core/Startup/startup_stm32f103c8tx.o
 .ARM.attributes
                0x000000000000011f       0x2d ./Drivers/STM32F1xx_HAL_Driver/Src/stm32f1xx_hal.o
 .ARM.attributes
                0x000000000000014c       0x2d ./Drivers/STM32F1xx_HAL_Driver/Src/stm32f1xx_hal_cortex.o
 .ARM.attributes
                0x0000000000000179       0x2d ./Drivers/STM32F1xx_HAL_Driver/Src/stm32f1xx_hal_dma.o
 .ARM.attributes
                0x00000000000001a6       0x2d ./Drivers/STM32F1xx_HAL_Driver/Src/stm32f1xx_hal_gpio.o
 .ARM.attributes
                0x00000000000001d3       0x2d ./Drivers/STM32F1xx_HAL_Driver/Src/stm32f1xx_hal_rcc.o
 .ARM.attributes
                0x0000000000000200       0x2d ./Drivers/STM32F1xx_HAL_Driver/Src/stm32f1xx_hal_tim.o
 .ARM.attributes
                0x000000000000022d       0x2d ./Drivers/STM32F1xx_HAL_Driver/Src/stm32f1xx_hal_tim_ex.o
 .ARM.attributes
                0x000000000000025a       0x2d ./Drivers/STM32F1xx_HAL_Driver/Src/stm32f1xx_hal_uart.o
 .ARM.attributes
                0x0000000000000287       0x2d ./Modules/modbus/functions/mbfunccoils_m.o
 .ARM.attributes
                0x00000000000002b4       0x2d ./Modules/modbus/functions/mbfuncdisc_m.o
 .ARM.attributes
                0x00000000000002e1       0x2d ./Modules/modbus/functions/mbfuncholding_m.o
 .ARM.attributes
                0x000000000000030e       0x2d ./Modules/modbus/functions/mbfuncinput_m.o
 .ARM.attributes
                0x000000000000033b       0x2d ./Modules/modbus/functions/mbfuncother.o
 .ARM.attributes
                0x0000000000000368       0x2d ./Modules/modbus/functions/mbutils.o
 .ARM.attributes
                0x0000000000000395       0x2d ./Modules/modbus/mb_m.o
 .ARM.attributes
                0x00000000000003c2       0x2d ./Modules/modbus/port/mt_port.o
 .ARM.attributes
                0x00000000000003ef       0x2d ./Modules/modbus/port/portevent_m.o
 .ARM.attributes
                0x000000000000041c       0x2d ./Modules/modbus/port/portserial_m.o
 .ARM.attributes
                0x0000000000000449       0x2d ./Modules/modbus/port/porttimer_m.o
 .ARM.attributes
                0x0000000000000476       0x2d ./Modules/modbus/rtu/mbcrc.o
 .ARM.attributes
                0x00000000000004a3       0x2d ./Modules/modbus/rtu/mbrtu_m.o
 .ARM.attributes
                0x00000000000004d0       0x2d c:/st/stm32cubeide_1.9.0/stm32cubeide/plugins/com.st.stm32cube.ide.mcu.externaltools.gnu-tools-for-stm32.10.3-2021.10.win32_1.0.0.202111181127/tools/bin/../lib/gcc/arm-none-eabi/10.3.1/../../../../arm-none-eabi/lib/thumb/v7-m/nofp\libc_nano.a(lib_a-init.o)
 .ARM.attributes
                0x00000000000004fd       0x2d c:/st/stm32cubeide_1.9.0/stm32cubeide/plugins/com.st.stm32cube.ide.mcu.externaltools.gnu-tools-for-stm32.10.3-2021.10.win32_1.0.0.202111181127/tools/bin/../lib/gcc/arm-none-eabi/10.3.1/../../../../arm-none-eabi/lib/thumb/v7-m/nofp\libc_nano.a(lib_a-memcpy-stub.o)
 .ARM.attributes
                0x000000000000052a       0x2d c:/st/stm32cubeide_1.9.0/stm32cubeide/plugins/com.st.stm32cube.ide.mcu.externaltools.gnu-tools-for-stm32.10.3-2021.10.win32_1.0.0.202111181127/tools/bin/../lib/gcc/arm-none-eabi/10.3.1/../../../../arm-none-eabi/lib/thumb/v7-m/nofp\libc_nano.a(lib_a-memset.o)
 .ARM.attributes
                0x0000000000000557       0x1d c:/st/stm32cubeide_1.9.0/stm32cubeide/plugins/com.st.stm32cube.ide.mcu.externaltools.gnu-tools-for-stm32.10.3-2021.10.win32_1.0.0.202111181127/tools/bin/../lib/gcc/arm-none-eabi/10.3.1/thumb/v7-m/nofp/crtn.o
OUTPUT(RS-485_Modbus_RTU_Master.elf elf32-littlearm)
LOAD linker stubs
LOAD c:/st/stm32cubeide_1.9.0/stm32cubeide/plugins/com.st.stm32cube.ide.mcu.externaltools.gnu-tools-for-stm32.10.3-2021.10.win32_1.0.0.202111181127/tools/bin/../lib/gcc/arm-none-eabi/10.3.1/../../../../arm-none-eabi/lib/thumb/v7-m/nofp\libc.a
LOAD c:/st/stm32cubeide_1.9.0/stm32cubeide/plugins/com.st.stm32cube.ide.mcu.externaltools.gnu-tools-for-stm32.10.3-2021.10.win32_1.0.0.202111181127/tools/bin/../lib/gcc/arm-none-eabi/10.3.1/../../../../arm-none-eabi/lib/thumb/v7-m/nofp\libm.a
LOAD c:/st/stm32cubeide_1.9.0/stm32cubeide/plugins/com.st.stm32cube.ide.mcu.externaltools.gnu-tools-for-stm32.10.3-2021.10.win32_1.0.0.202111181127/tools/bin/../lib/gcc/arm-none-eabi/10.3.1/thumb/v7-m/nofp\libgcc.a

.debug_info     0x0000000000000000     0xf15d
 .debug_info    0x0000000000000000     0x1077 ./Core/Src/main.o
 .debug_info    0x0000000000001077      0xd82 ./Core/Src/stm32f1xx_hal_msp.o
 .debug_info    0x0000000000001df9      0x989 ./Core/Src/stm32f1xx_it.o
 .debug_info    0x0000000000002782      0x23d ./Core/Src/system_stm32f1xx.o
 .debug_info    0x00000000000029bf       0x22 ./Core/Startup/startup_stm32f103c8tx.o
 .debug_info    0x00000000000029e1      0x734 ./Drivers/STM32F1xx_HAL_Driver/Src/stm32f1xx_hal.o
 .debug_info    0x0000000000003115      0xb20 ./Drivers/STM32F1xx_HAL_Driver/Src/stm32f1xx_hal_cortex.o
 .debug_info    0x0000000000003c35      0x73f ./Drivers/STM32F1xx_HAL_Driver/Src/stm32f1xx_hal_dma.o
 .debug_info    0x0000000000004374      0x615 ./Drivers/STM32F1xx_HAL_Driver/Src/stm32f1xx_hal_gpio.o
 .debug_info    0x0000000000004989      0x860 ./Drivers/STM32F1xx_HAL_Driver/Src/stm32f1xx_hal_rcc.o
 .debug_info    0x00000000000051e9     0x29de ./Drivers/STM32F1xx_HAL_Driver/Src/stm32f1xx_hal_tim.o
 .debug_info    0x0000000000007bc7     0x1513 ./Drivers/STM32F1xx_HAL_Driver/Src/stm32f1xx_hal_tim_ex.o
 .debug_info    0x00000000000090da     0x15d8 ./Drivers/STM32F1xx_HAL_Driver/Src/stm32f1xx_hal_uart.o
 .debug_info    0x000000000000a6b2      0x679 ./Modules/modbus/functions/mbfunccoils_m.o
 .debug_info    0x000000000000ad2b      0x3fb ./Modules/modbus/functions/mbfuncdisc_m.o
 .debug_info    0x000000000000b126      0x790 ./Modules/modbus/functions/mbfuncholding_m.o
 .debug_info    0x000000000000b8b6      0x3ec ./Modules/modbus/functions/mbfuncinput_m.o
 .debug_info    0x000000000000bca2      0x28f ./Modules/modbus/functions/mbfuncother.o
 .debug_info    0x000000000000bf31      0x30d ./Modules/modbus/functions/mbutils.o
 .debug_info    0x000000000000c23e      0x9c4 ./Modules/modbus/mb_m.o
 .debug_info    0x000000000000cc02      0x95e ./Modules/modbus/port/mt_port.o
 .debug_info    0x000000000000d560      0x391 ./Modules/modbus/port/portevent_m.o
 .debug_info    0x000000000000d8f1      0x7de ./Modules/modbus/port/portserial_m.o
 .debug_info    0x000000000000e0cf      0x7eb ./Modules/modbus/port/porttimer_m.o
 .debug_info    0x000000000000e8ba      0x158 ./Modules/modbus/rtu/mbcrc.o
 .debug_info    0x000000000000ea12      0x74b ./Modules/modbus/rtu/mbrtu_m.o

.debug_abbrev   0x0000000000000000     0x2c88
 .debug_abbrev  0x0000000000000000      0x2d3 ./Core/Src/main.o
 .debug_abbrev  0x00000000000002d3      0x1c5 ./Core/Src/stm32f1xx_hal_msp.o
 .debug_abbrev  0x0000000000000498      0x184 ./Core/Src/stm32f1xx_it.o
 .debug_abbrev  0x000000000000061c      0x13b ./Core/Src/system_stm32f1xx.o
 .debug_abbrev  0x0000000000000757       0x12 ./Core/Startup/startup_stm32f103c8tx.o
 .debug_abbrev  0x0000000000000769      0x1fb ./Drivers/STM32F1xx_HAL_Driver/Src/stm32f1xx_hal.o
 .debug_abbrev  0x0000000000000964      0x2ed ./Drivers/STM32F1xx_HAL_Driver/Src/stm32f1xx_hal_cortex.o
 .debug_abbrev  0x0000000000000c51      0x1fe ./Drivers/STM32F1xx_HAL_Driver/Src/stm32f1xx_hal_dma.o
 .debug_abbrev  0x0000000000000e4f      0x1bb ./Drivers/STM32F1xx_HAL_Driver/Src/stm32f1xx_hal_gpio.o
 .debug_abbrev  0x000000000000100a      0x2a8 ./Drivers/STM32F1xx_HAL_Driver/Src/stm32f1xx_hal_rcc.o
 .debug_abbrev  0x00000000000012b2      0x25d ./Drivers/STM32F1xx_HAL_Driver/Src/stm32f1xx_hal_tim.o
 .debug_abbrev  0x000000000000150f      0x265 ./Drivers/STM32F1xx_HAL_Driver/Src/stm32f1xx_hal_tim_ex.o
 .debug_abbrev  0x0000000000001774      0x278 ./Drivers/STM32F1xx_HAL_Driver/Src/stm32f1xx_hal_uart.o
 .debug_abbrev  0x00000000000019ec      0x177 ./Modules/modbus/functions/mbfunccoils_m.o
 .debug_abbrev  0x0000000000001b63      0x125 ./Modules/modbus/functions/mbfuncdisc_m.o
 .debug_abbrev  0x0000000000001c88      0x165 ./Modules/modbus/functions/mbfuncholding_m.o
 .debug_abbrev  0x0000000000001ded      0x125 ./Modules/modbus/functions/mbfuncinput_m.o
 .debug_abbrev  0x0000000000001f12      0x100 ./Modules/modbus/functions/mbfuncother.o
 .debug_abbrev  0x0000000000002012      0x102 ./Modules/modbus/functions/mbutils.o
 .debug_abbrev  0x0000000000002114      0x272 ./Modules/modbus/mb_m.o
 .debug_abbrev  0x0000000000002386      0x1a2 ./Modules/modbus/port/mt_port.o
 .debug_abbrev  0x0000000000002528      0x11d ./Modules/modbus/port/portevent_m.o
 .debug_abbrev  0x0000000000002645      0x1cf ./Modules/modbus/port/portserial_m.o
 .debug_abbrev  0x0000000000002814      0x1eb ./Modules/modbus/port/porttimer_m.o
 .debug_abbrev  0x00000000000029ff       0x9e ./Modules/modbus/rtu/mbcrc.o
 .debug_abbrev  0x0000000000002a9d      0x1eb ./Modules/modbus/rtu/mbrtu_m.o

.debug_aranges  0x0000000000000000      0xfa0
 .debug_aranges
                0x0000000000000000       0x68 ./Core/Src/main.o
 .debug_aranges
                0x0000000000000068       0x40 ./Core/Src/stm32f1xx_hal_msp.o
 .debug_aranges
                0x00000000000000a8       0x70 ./Core/Src/stm32f1xx_it.o
 .debug_aranges
                0x0000000000000118       0x28 ./Core/Src/system_stm32f1xx.o
 .debug_aranges
                0x0000000000000140       0x28 ./Core/Startup/startup_stm32f103c8tx.o
 .debug_aranges
                0x0000000000000168       0xe0 ./Drivers/STM32F1xx_HAL_Driver/Src/stm32f1xx_hal.o
 .debug_aranges
                0x0000000000000248      0x100 ./Drivers/STM32F1xx_HAL_Driver/Src/stm32f1xx_hal_cortex.o
 .debug_aranges
                0x0000000000000348       0x80 ./Drivers/STM32F1xx_HAL_Driver/Src/stm32f1xx_hal_dma.o
 .debug_aranges
                0x00000000000003c8       0x58 ./Drivers/STM32F1xx_HAL_Driver/Src/stm32f1xx_hal_gpio.o
 .debug_aranges
                0x0000000000000420       0x90 ./Drivers/STM32F1xx_HAL_Driver/Src/stm32f1xx_hal_rcc.o
 .debug_aranges
                0x00000000000004b0      0x3d0 ./Drivers/STM32F1xx_HAL_Driver/Src/stm32f1xx_hal_tim.o
 .debug_aranges
                0x0000000000000880      0x168 ./Drivers/STM32F1xx_HAL_Driver/Src/stm32f1xx_hal_tim_ex.o
 .debug_aranges
                0x00000000000009e8      0x200 ./Drivers/STM32F1xx_HAL_Driver/Src/stm32f1xx_hal_uart.o
 .debug_aranges
                0x0000000000000be8       0x48 ./Modules/modbus/functions/mbfunccoils_m.o
 .debug_aranges
                0x0000000000000c30       0x28 ./Modules/modbus/functions/mbfuncdisc_m.o
 .debug_aranges
                0x0000000000000c58       0x58 ./Modules/modbus/functions/mbfuncholding_m.o
 .debug_aranges
                0x0000000000000cb0       0x28 ./Modules/modbus/functions/mbfuncinput_m.o
 .debug_aranges
                0x0000000000000cd8       0x28 ./Modules/modbus/functions/mbfuncother.o
 .debug_aranges
                0x0000000000000d00       0x30 ./Modules/modbus/functions/mbutils.o
 .debug_aranges
                0x0000000000000d30       0x78 ./Modules/modbus/mb_m.o
 .debug_aranges
                0x0000000000000da8       0x38 ./Modules/modbus/port/mt_port.o
 .debug_aranges
                0x0000000000000de0       0x70 ./Modules/modbus/port/portevent_m.o
 .debug_aranges
                0x0000000000000e50       0x58 ./Modules/modbus/port/portserial_m.o
 .debug_aranges
                0x0000000000000ea8       0x50 ./Modules/modbus/port/porttimer_m.o
 .debug_aranges
                0x0000000000000ef8       0x20 ./Modules/modbus/rtu/mbcrc.o
 .debug_aranges
                0x0000000000000f18       0x88 ./Modules/modbus/rtu/mbrtu_m.o

.debug_ranges   0x0000000000000000      0xe38
 .debug_ranges  0x0000000000000000       0x58 ./Core/Src/main.o
 .debug_ranges  0x0000000000000058       0x30 ./Core/Src/stm32f1xx_hal_msp.o
 .debug_ranges  0x0000000000000088       0x60 ./Core/Src/stm32f1xx_it.o
 .debug_ranges  0x00000000000000e8       0x18 ./Core/Src/system_stm32f1xx.o
 .debug_ranges  0x0000000000000100       0x20 ./Core/Startup/startup_stm32f103c8tx.o
 .debug_ranges  0x0000000000000120       0xd0 ./Drivers/STM32F1xx_HAL_Driver/Src/stm32f1xx_hal.o
 .debug_ranges  0x00000000000001f0       0xf0 ./Drivers/STM32F1xx_HAL_Driver/Src/stm32f1xx_hal_cortex.o
 .debug_ranges  0x00000000000002e0       0x70 ./Drivers/STM32F1xx_HAL_Driver/Src/stm32f1xx_hal_dma.o
 .debug_ranges  0x0000000000000350       0x48 ./Drivers/STM32F1xx_HAL_Driver/Src/stm32f1xx_hal_gpio.o
 .debug_ranges  0x0000000000000398       0x80 ./Drivers/STM32F1xx_HAL_Driver/Src/stm32f1xx_hal_rcc.o
 .debug_ranges  0x0000000000000418      0x3c0 ./Drivers/STM32F1xx_HAL_Driver/Src/stm32f1xx_hal_tim.o
 .debug_ranges  0x00000000000007d8      0x158 ./Drivers/STM32F1xx_HAL_Driver/Src/stm32f1xx_hal_tim_ex.o
 .debug_ranges  0x0000000000000930      0x220 ./Drivers/STM32F1xx_HAL_Driver/Src/stm32f1xx_hal_uart.o
 .debug_ranges  0x0000000000000b50       0x38 ./Modules/modbus/functions/mbfunccoils_m.o
 .debug_ranges  0x0000000000000b88       0x18 ./Modules/modbus/functions/mbfuncdisc_m.o
 .debug_ranges  0x0000000000000ba0       0x48 ./Modules/modbus/functions/mbfuncholding_m.o
 .debug_ranges  0x0000000000000be8       0x18 ./Modules/modbus/functions/mbfuncinput_m.o
 .debug_ranges  0x0000000000000c00       0x18 ./Modules/modbus/functions/mbfuncother.o
 .debug_ranges  0x0000000000000c18       0x20 ./Modules/modbus/functions/mbutils.o
 .debug_ranges  0x0000000000000c38       0x68 ./Modules/modbus/mb_m.o
 .debug_ranges  0x0000000000000ca0       0x28 ./Modules/modbus/port/mt_port.o
 .debug_ranges  0x0000000000000cc8       0x60 ./Modules/modbus/port/portevent_m.o
 .debug_ranges  0x0000000000000d28       0x48 ./Modules/modbus/port/portserial_m.o
 .debug_ranges  0x0000000000000d70       0x40 ./Modules/modbus/port/porttimer_m.o
 .debug_ranges  0x0000000000000db0       0x10 ./Modules/modbus/rtu/mbcrc.o
 .debug_ranges  0x0000000000000dc0       0x78 ./Modules/modbus/rtu/mbrtu_m.o

.debug_macro    0x0000000000000000    0x19a7a
 .debug_macro   0x0000000000000000      0x25d ./Core/Src/main.o
 .debug_macro   0x000000000000025d      0xa6c ./Core/Src/main.o
 .debug_macro   0x0000000000000cc9      0x21b ./Core/Src/main.o
 .debug_macro   0x0000000000000ee4       0x2e ./Core/Src/main.o
 .debug_macro   0x0000000000000f12       0x22 ./Core/Src/main.o
 .debug_macro   0x0000000000000f34       0x22 ./Core/Src/main.o
 .debug_macro   0x0000000000000f56       0x8e ./Core/Src/main.o
 .debug_macro   0x0000000000000fe4       0x51 ./Core/Src/main.o
 .debug_macro   0x0000000000001035      0x103 ./Core/Src/main.o
 .debug_macro   0x0000000000001138       0x6a ./Core/Src/main.o
 .debug_macro   0x00000000000011a2      0x1df ./Core/Src/main.o
 .debug_macro   0x0000000000001381       0x1c ./Core/Src/main.o
 .debug_macro   0x000000000000139d       0x22 ./Core/Src/main.o
 .debug_macro   0x00000000000013bf       0xbd ./Core/Src/main.o
 .debug_macro   0x000000000000147c      0xd23 ./Core/Src/main.o
 .debug_macro   0x000000000000219f     0xe09e ./Core/Src/main.o
 .debug_macro   0x000000000001023d       0x6d ./Core/Src/main.o
 .debug_macro   0x00000000000102aa     0x3468 ./Core/Src/main.o
 .debug_macro   0x0000000000013712      0x174 ./Core/Src/main.o
 .debug_macro   0x0000000000013886       0x5c ./Core/Src/main.o
 .debug_macro   0x00000000000138e2      0x5be ./Core/Src/main.o
 .debug_macro   0x0000000000013ea0      0x289 ./Core/Src/main.o
 .debug_macro   0x0000000000014129      0x1cb ./Core/Src/main.o
 .debug_macro   0x00000000000142f4      0x114 ./Core/Src/main.o
 .debug_macro   0x0000000000014408      0x1b2 ./Core/Src/main.o
 .debug_macro   0x00000000000145ba       0x27 ./Core/Src/main.o
 .debug_macro   0x00000000000145e1      0x136 ./Core/Src/main.o
 .debug_macro   0x0000000000014717      0x1bc ./Core/Src/main.o
 .debug_macro   0x00000000000148d3       0x34 ./Core/Src/main.o
 .debug_macro   0x0000000000014907       0x3c ./Core/Src/main.o
 .debug_macro   0x0000000000014943       0x57 ./Core/Src/main.o
 .debug_macro   0x000000000001499a       0x88 ./Core/Src/main.o
 .debug_macro   0x0000000000014a22      0x241 ./Core/Src/main.o
 .debug_macro   0x0000000000014c63      0x141 ./Core/Src/main.o
 .debug_macro   0x0000000000014da4      0x8d1 ./Core/Src/main.o
 .debug_macro   0x0000000000015675      0x279 ./Core/Src/main.o
 .debug_macro   0x00000000000158ee       0x83 ./Core/Src/main.o
 .debug_macro   0x0000000000015971       0x70 ./Core/Src/main.o
 .debug_macro   0x00000000000159e1       0x52 ./Core/Src/main.o
 .debug_macro   0x0000000000015a33       0x18 ./Core/Src/main.o
 .debug_macro   0x0000000000015a4b       0x3c ./Core/Src/main.o
 .debug_macro   0x0000000000015a87       0x34 ./Core/Src/main.o
 .debug_macro   0x0000000000015abb       0x1c ./Core/Src/main.o
 .debug_macro   0x0000000000015ad7       0x10 ./Core/Src/main.o
 .debug_macro   0x0000000000015ae7       0x35 ./Core/Src/main.o
 .debug_macro   0x0000000000015b1c      0x460 ./Core/Src/main.o
 .debug_macro   0x0000000000015f7c       0x2e ./Core/Src/main.o
 .debug_macro   0x0000000000015faa       0x7c ./Core/Src/main.o
 .debug_macro   0x0000000000016026       0x10 ./Core/Src/main.o
 .debug_macro   0x0000000000016036      0x1ad ./Core/Src/stm32f1xx_hal_msp.o
 .debug_macro   0x00000000000161e3      0x1b7 ./Core/Src/stm32f1xx_it.o
 .debug_macro   0x000000000001639a      0x1a3 ./Core/Src/system_stm32f1xx.o
 .debug_macro   0x000000000001653d      0x1c7 ./Drivers/STM32F1xx_HAL_Driver/Src/stm32f1xx_hal.o
 .debug_macro   0x0000000000016704      0x1a3 ./Drivers/STM32F1xx_HAL_Driver/Src/stm32f1xx_hal_cortex.o
 .debug_macro   0x00000000000168a7      0x1a3 ./Drivers/STM32F1xx_HAL_Driver/Src/stm32f1xx_hal_dma.o
 .debug_macro   0x0000000000016a4a      0x20e ./Drivers/STM32F1xx_HAL_Driver/Src/stm32f1xx_hal_gpio.o
 .debug_macro   0x0000000000016c58      0x1b5 ./Drivers/STM32F1xx_HAL_Driver/Src/stm32f1xx_hal_rcc.o
 .debug_macro   0x0000000000016e0d      0x1a4 ./Drivers/STM32F1xx_HAL_Driver/Src/stm32f1xx_hal_tim.o
 .debug_macro   0x0000000000016fb1      0x1a3 ./Drivers/STM32F1xx_HAL_Driver/Src/stm32f1xx_hal_tim_ex.o
 .debug_macro   0x0000000000017154      0x1a4 ./Drivers/STM32F1xx_HAL_Driver/Src/stm32f1xx_hal_uart.o
 .debug_macro   0x00000000000172f8      0x392 ./Modules/modbus/functions/mbfunccoils_m.o
 .debug_macro   0x000000000001768a      0x10e ./Modules/modbus/functions/mbfunccoils_m.o
 .debug_macro   0x0000000000017798       0x8d ./Modules/modbus/functions/mbfunccoils_m.o
 .debug_macro   0x0000000000017825       0x16 ./Modules/modbus/functions/mbfunccoils_m.o
 .debug_macro   0x000000000001783b       0x20 ./Modules/modbus/functions/mbfunccoils_m.o
 .debug_macro   0x000000000001785b       0x56 ./Modules/modbus/functions/mbfunccoils_m.o
 .debug_macro   0x00000000000178b1       0x16 ./Modules/modbus/functions/mbfunccoils_m.o
 .debug_macro   0x00000000000178c7       0x22 ./Modules/modbus/functions/mbfunccoils_m.o
 .debug_macro   0x00000000000178e9      0x338 ./Modules/modbus/functions/mbfuncdisc_m.o
 .debug_macro   0x0000000000017c21      0x3d4 ./Modules/modbus/functions/mbfuncholding_m.o
 .debug_macro   0x0000000000017ff5      0x33e ./Modules/modbus/functions/mbfuncinput_m.o
 .debug_macro   0x0000000000018333      0x30b ./Modules/modbus/functions/mbfuncother.o
 .debug_macro   0x000000000001863e      0x308 ./Modules/modbus/functions/mbutils.o
 .debug_macro   0x0000000000018946      0x332 ./Modules/modbus/mb_m.o
 .debug_macro   0x0000000000018c78      0x1ad ./Modules/modbus/port/mt_port.o
 .debug_macro   0x0000000000018e25      0x253 ./Modules/modbus/port/portevent_m.o
 .debug_macro   0x0000000000019078      0x24a ./Modules/modbus/port/portserial_m.o
 .debug_macro   0x00000000000192c2      0x253 ./Modules/modbus/port/porttimer_m.o
 .debug_macro   0x0000000000019515      0x21f ./Modules/modbus/rtu/mbcrc.o
 .debug_macro   0x0000000000019734      0x346 ./Modules/modbus/rtu/mbrtu_m.o

.debug_line     0x0000000000000000    0x13868
 .debug_line    0x0000000000000000      0x993 ./Core/Src/main.o
 .debug_line    0x0000000000000993      0x6ff ./Core/Src/stm32f1xx_hal_msp.o
 .debug_line    0x0000000000001092      0x760 ./Core/Src/stm32f1xx_it.o
 .debug_line    0x00000000000017f2      0x6ec ./Core/Src/system_stm32f1xx.o
 .debug_line    0x0000000000001ede       0x87 ./Core/Startup/startup_stm32f103c8tx.o
 .debug_line    0x0000000000001f65      0x919 ./Drivers/STM32F1xx_HAL_Driver/Src/stm32f1xx_hal.o
 .debug_line    0x000000000000287e      0xb01 ./Drivers/STM32F1xx_HAL_Driver/Src/stm32f1xx_hal_cortex.o
 .debug_line    0x000000000000337f      0xd71 ./Drivers/STM32F1xx_HAL_Driver/Src/stm32f1xx_hal_dma.o
 .debug_line    0x00000000000040f0      0x9b0 ./Drivers/STM32F1xx_HAL_Driver/Src/stm32f1xx_hal_gpio.o
 .debug_line    0x0000000000004aa0      0xd27 ./Drivers/STM32F1xx_HAL_Driver/Src/stm32f1xx_hal_rcc.o
 .debug_line    0x00000000000057c7     0x32cf ./Drivers/STM32F1xx_HAL_Driver/Src/stm32f1xx_hal_tim.o
 .debug_line    0x0000000000008a96     0x1841 ./Drivers/STM32F1xx_HAL_Driver/Src/stm32f1xx_hal_tim_ex.o
 .debug_line    0x000000000000a2d7     0x19f4 ./Drivers/STM32F1xx_HAL_Driver/Src/stm32f1xx_hal_uart.o
 .debug_line    0x000000000000bccb      0xb51 ./Modules/modbus/functions/mbfunccoils_m.o
 .debug_line    0x000000000000c81c      0x94e ./Modules/modbus/functions/mbfuncdisc_m.o
 .debug_line    0x000000000000d16a      0xc06 ./Modules/modbus/functions/mbfuncholding_m.o
 .debug_line    0x000000000000dd70      0x944 ./Modules/modbus/functions/mbfuncinput_m.o
 .debug_line    0x000000000000e6b4      0x8e2 ./Modules/modbus/functions/mbfuncother.o
 .debug_line    0x000000000000ef96      0x93a ./Modules/modbus/functions/mbutils.o
 .debug_line    0x000000000000f8d0      0xb5d ./Modules/modbus/mb_m.o
 .debug_line    0x000000000001042d      0x6d9 ./Modules/modbus/port/mt_port.o
 .debug_line    0x0000000000010b06      0x902 ./Modules/modbus/port/portevent_m.o
 .debug_line    0x0000000000011408      0x8b3 ./Modules/modbus/port/portserial_m.o
 .debug_line    0x0000000000011cbb      0x88b ./Modules/modbus/port/porttimer_m.o
 .debug_line    0x0000000000012546      0x7e8 ./Modules/modbus/rtu/mbcrc.o
 .debug_line    0x0000000000012d2e      0xb3a ./Modules/modbus/rtu/mbrtu_m.o

.debug_str      0x0000000000000000    0x8c767
 .debug_str     0x0000000000000000    0x853f7 ./Core/Src/main.o
                                      0x85849 (size before relaxing)
 .debug_str     0x00000000000853f7      0x3c5 ./Core/Src/stm32f1xx_hal_msp.o
                                      0x83d32 (size before relaxing)
 .debug_str     0x00000000000857bc      0x112 ./Core/Src/stm32f1xx_it.o
                                      0x839d5 (size before relaxing)
 .debug_str     0x00000000000858ce       0x7e ./Core/Src/system_stm32f1xx.o
                                      0x832d2 (size before relaxing)
 .debug_str     0x000000000008594c       0x36 ./Core/Startup/startup_stm32f103c8tx.o
                                         0x81 (size before relaxing)
 .debug_str     0x0000000000085982      0x384 ./Drivers/STM32F1xx_HAL_Driver/Src/stm32f1xx_hal.o
                                      0x83a05 (size before relaxing)
 .debug_str     0x0000000000085d06      0x28a ./Drivers/STM32F1xx_HAL_Driver/Src/stm32f1xx_hal_cortex.o
                                      0x83951 (size before relaxing)
 .debug_str     0x0000000000085f90      0x235 ./Drivers/STM32F1xx_HAL_Driver/Src/stm32f1xx_hal_dma.o
                                      0x8367b (size before relaxing)
 .debug_str     0x00000000000861c5      0x31d ./Drivers/STM32F1xx_HAL_Driver/Src/stm32f1xx_hal_gpio.o
                                      0x83658 (size before relaxing)
 .debug_str     0x00000000000864e2      0x229 ./Drivers/STM32F1xx_HAL_Driver/Src/stm32f1xx_hal_rcc.o
                                      0x83701 (size before relaxing)
 .debug_str     0x000000000008670b      0xddc ./Drivers/STM32F1xx_HAL_Driver/Src/stm32f1xx_hal_tim.o
                                      0x846ec (size before relaxing)
 .debug_str     0x00000000000874e7      0x493 ./Drivers/STM32F1xx_HAL_Driver/Src/stm32f1xx_hal_tim_ex.o
                                      0x83f08 (size before relaxing)
 .debug_str     0x000000000008797a      0x5cb ./Drivers/STM32F1xx_HAL_Driver/Src/stm32f1xx_hal_uart.o
                                      0x83d0c (size before relaxing)
 .debug_str     0x0000000000087f45     0x339c ./Modules/modbus/functions/mbfunccoils_m.o
                                      0x880ae (size before relaxing)
 .debug_str     0x000000000008b2e1      0x107 ./Modules/modbus/functions/mbfuncdisc_m.o
                                      0x87d38 (size before relaxing)
 .debug_str     0x000000000008b3e8      0x644 ./Modules/modbus/functions/mbfuncholding_m.o
                                      0x88406 (size before relaxing)
 .debug_str     0x000000000008ba2c       0x9e ./Modules/modbus/functions/mbfuncinput_m.o
                                      0x87d51 (size before relaxing)
 .debug_str     0x000000000008baca       0xa2 ./Modules/modbus/functions/mbfuncother.o
                                      0x8796f (size before relaxing)
 .debug_str     0x000000000008bb6c       0xc2 ./Modules/modbus/functions/mbutils.o
                                      0x87931 (size before relaxing)
 .debug_str     0x000000000008bc2e      0x54d ./Modules/modbus/mb_m.o
                                      0x88199 (size before relaxing)
 .debug_str     0x000000000008c17b       0x80 ./Modules/modbus/port/mt_port.o
                                      0x83977 (size before relaxing)
 .debug_str     0x000000000008c1fb       0x74 ./Modules/modbus/port/portevent_m.o
                                      0x84efb (size before relaxing)
 .debug_str     0x000000000008c26f       0xeb ./Modules/modbus/port/portserial_m.o
                                      0x851b0 (size before relaxing)
 .debug_str     0x000000000008c35a      0x16c ./Modules/modbus/port/porttimer_m.o
                                      0x852ac (size before relaxing)
 .debug_str     0x000000000008c4c6       0x41 ./Modules/modbus/rtu/mbcrc.o
                                      0x8495d (size before relaxing)
 .debug_str     0x000000000008c507      0x260 ./Modules/modbus/rtu/mbrtu_m.o
                                      0x87f14 (size before relaxing)

.comment        0x0000000000000000       0x50
 .comment       0x0000000000000000       0x50 ./Core/Src/main.o
                                         0x51 (size before relaxing)
 .comment       0x0000000000000050       0x51 ./Core/Src/stm32f1xx_hal_msp.o
 .comment       0x0000000000000050       0x51 ./Core/Src/stm32f1xx_it.o
 .comment       0x0000000000000050       0x51 ./Core/Src/system_stm32f1xx.o
 .comment       0x0000000000000050       0x51 ./Drivers/STM32F1xx_HAL_Driver/Src/stm32f1xx_hal.o
 .comment       0x0000000000000050       0x51 ./Drivers/STM32F1xx_HAL_Driver/Src/stm32f1xx_hal_cortex.o
 .comment       0x0000000000000050       0x51 ./Drivers/STM32F1xx_HAL_Driver/Src/stm32f1xx_hal_dma.o
 .comment       0x0000000000000050       0x51 ./Drivers/STM32F1xx_HAL_Driver/Src/stm32f1xx_hal_gpio.o
 .comment       0x0000000000000050       0x51 ./Drivers/STM32F1xx_HAL_Driver/Src/stm32f1xx_hal_rcc.o
 .comment       0x0000000000000050       0x51 ./Drivers/STM32F1xx_HAL_Driver/Src/stm32f1xx_hal_tim.o
 .comment       0x0000000000000050       0x51 ./Drivers/STM32F1xx_HAL_Driver/Src/stm32f1xx_hal_tim_ex.o
 .comment       0x0000000000000050       0x51 ./Drivers/STM32F1xx_HAL_Driver/Src/stm32f1xx_hal_uart.o
 .comment       0x0000000000000050       0x51 ./Modules/modbus/functions/mbfunccoils_m.o
 .comment       0x0000000000000050       0x51 ./Modules/modbus/functions/mbfuncdisc_m.o
 .comment       0x0000000000000050       0x51 ./Modules/modbus/functions/mbfuncholding_m.o
 .comment       0x0000000000000050       0x51 ./Modules/modbus/functions/mbfuncinput_m.o
 .comment       0x0000000000000050       0x51 ./Modules/modbus/functions/mbfuncother.o
 .comment       0x0000000000000050       0x51 ./Modules/modbus/functions/mbutils.o
 .comment       0x0000000000000050       0x51 ./Modules/modbus/mb_m.o
 .comment       0x0000000000000050       0x51 ./Modules/modbus/port/mt_port.o
 .comment       0x0000000000000050       0x51 ./Modules/modbus/port/portevent_m.o
 .comment       0x0000000000000050       0x51 ./Modules/modbus/port/portserial_m.o
 .comment       0x0000000000000050       0x51 ./Modules/modbus/port/porttimer_m.o
 .comment       0x0000000000000050       0x51 ./Modules/modbus/rtu/mbcrc.o
 .comment       0x0000000000000050       0x51 ./Modules/modbus/rtu/mbrtu_m.o

.debug_frame    0x0000000000000000     0x3df8
 .debug_frame   0x0000000000000000      0x174 ./Core/Src/main.o
 .debug_frame   0x0000000000000174       0xc8 ./Core/Src/stm32f1xx_hal_msp.o
 .debug_frame   0x000000000000023c      0x13c ./Core/Src/stm32f1xx_it.o
 .debug_frame   0x0000000000000378       0x58 ./Core/Src/system_stm32f1xx.o
 .debug_frame   0x00000000000003d0      0x334 ./Drivers/STM32F1xx_HAL_Driver/Src/stm32f1xx_hal.o
 .debug_frame   0x0000000000000704      0x428 ./Drivers/STM32F1xx_HAL_Driver/Src/stm32f1xx_hal_cortex.o
 .debug_frame   0x0000000000000b2c      0x208 ./Drivers/STM32F1xx_HAL_Driver/Src/stm32f1xx_hal_dma.o
 .debug_frame   0x0000000000000d34      0x14c ./Drivers/STM32F1xx_HAL_Driver/Src/stm32f1xx_hal_gpio.o
 .debug_frame   0x0000000000000e80      0x21c ./Drivers/STM32F1xx_HAL_Driver/Src/stm32f1xx_hal_rcc.o
 .debug_frame   0x000000000000109c     0x11b8 ./Drivers/STM32F1xx_HAL_Driver/Src/stm32f1xx_hal_tim.o
 .debug_frame   0x0000000000002254      0x638 ./Drivers/STM32F1xx_HAL_Driver/Src/stm32f1xx_hal_tim_ex.o
 .debug_frame   0x000000000000288c      0x914 ./Drivers/STM32F1xx_HAL_Driver/Src/stm32f1xx_hal_uart.o
 .debug_frame   0x00000000000031a0       0xe8 ./Modules/modbus/functions/mbfunccoils_m.o
 .debug_frame   0x0000000000003288       0x58 ./Modules/modbus/functions/mbfuncdisc_m.o
 .debug_frame   0x00000000000032e0      0x130 ./Modules/modbus/functions/mbfuncholding_m.o
 .debug_frame   0x0000000000003410       0x58 ./Modules/modbus/functions/mbfuncinput_m.o
 .debug_frame   0x0000000000003468       0x58 ./Modules/modbus/functions/mbfuncother.o
 .debug_frame   0x00000000000034c0       0x84 ./Modules/modbus/functions/mbutils.o
 .debug_frame   0x0000000000003544      0x1c4 ./Modules/modbus/mb_m.o
 .debug_frame   0x0000000000003708       0xa0 ./Modules/modbus/port/mt_port.o
 .debug_frame   0x00000000000037a8      0x198 ./Modules/modbus/port/portevent_m.o
 .debug_frame   0x0000000000003940      0x124 ./Modules/modbus/port/portserial_m.o
 .debug_frame   0x0000000000003a64       0xe8 ./Modules/modbus/port/porttimer_m.o
 .debug_frame   0x0000000000003b4c       0x38 ./Modules/modbus/rtu/mbcrc.o
 .debug_frame   0x0000000000003b84      0x200 ./Modules/modbus/rtu/mbrtu_m.o
 .debug_frame   0x0000000000003d84       0x2c c:/st/stm32cubeide_1.9.0/stm32cubeide/plugins/com.st.stm32cube.ide.mcu.externaltools.gnu-tools-for-stm32.10.3-2021.10.win32_1.0.0.202111181127/tools/bin/../lib/gcc/arm-none-eabi/10.3.1/../../../../arm-none-eabi/lib/thumb/v7-m/nofp\libc_nano.a(lib_a-init.o)
 .debug_frame   0x0000000000003db0       0x28 c:/st/stm32cubeide_1.9.0/stm32cubeide/plugins/com.st.stm32cube.ide.mcu.externaltools.gnu-tools-for-stm32.10.3-2021.10.win32_1.0.0.202111181127/tools/bin/../lib/gcc/arm-none-eabi/10.3.1/../../../../arm-none-eabi/lib/thumb/v7-m/nofp\libc_nano.a(lib_a-memcpy-stub.o)
 .debug_frame   0x0000000000003dd8       0x20 c:/st/stm32cubeide_1.9.0/stm32cubeide/plugins/com.st.stm32cube.ide.mcu.externaltools.gnu-tools-for-stm32.10.3-2021.10.win32_1.0.0.202111181127/tools/bin/../lib/gcc/arm-none-eabi/10.3.1/../../../../arm-none-eabi/lib/thumb/v7-m/nofp\libc_nano.a(lib_a-memset.o)
