05:42:51 **** Build of configuration Debug for project RS-485_Modbus_RTU_Slave ****
make -j8 all 
arm-none-eabi-gcc "../Modules/modbus/tcp/mbtcp.c" -mcpu=cortex-m3 -std=gnu11 -g3 -DDEBUG -DUSE_HAL_DRIVER -DSTM32F103xB -c -I../Core/Inc -I../Drivers/STM32F1xx_HAL_Driver/Inc/Legacy -I../Drivers/STM32F1xx_HAL_Driver/Inc -I../Drivers/CMSIS/Device/ST/STM32F1xx/Include -I../Drivers/CMSIS/Include -I../Modules/modbus/ascii -I../Modules/modbus/functions -I../Modules/modbus/include -I../Modules/modbus/port -I../Modules/modbus/rtu -I../Modules/modbus/tcp -O0 -ffunction-sections -fdata-sections -Wall -fstack-usage -MMD -MP -MF"Modules/modbus/tcp/mbtcp.d" -MT"Modules/modbus/tcp/mbtcp.o" --specs=nano.specs -mfloat-abi=soft -mthumb -o "Modules/modbus/tcp/mbtcp.o"
arm-none-eabi-gcc "../Modules/modbus/rtu/mbcrc.c" -mcpu=cortex-m3 -std=gnu11 -g3 -DDEBUG -DUSE_HAL_DRIVER -DSTM32F103xB -c -I../Core/Inc -I../Drivers/STM32F1xx_HAL_Driver/Inc/Legacy -I../Drivers/STM32F1xx_HAL_Driver/Inc -I../Drivers/CMSIS/Device/ST/STM32F1xx/Include -I../Drivers/CMSIS/Include -I../Modules/modbus/ascii -I../Modules/modbus/functions -I../Modules/modbus/include -I../Modules/modbus/port -I../Modules/modbus/rtu -I../Modules/modbus/tcp -O0 -ffunction-sections -fdata-sections -Wall -fstack-usage -MMD -MP -MF"Modules/modbus/rtu/mbcrc.d" -MT"Modules/modbus/rtu/mbcrc.o" --specs=nano.specs -mfloat-abi=soft -mthumb -o "Modules/modbus/rtu/mbcrc.o"
arm-none-eabi-gcc "../Modules/modbus/rtu/mbrtu.c" -mcpu=cortex-m3 -std=gnu11 -g3 -DDEBUG -DUSE_HAL_DRIVER -DSTM32F103xB -c -I../Core/Inc -I../Drivers/STM32F1xx_HAL_Driver/Inc/Legacy -I../Drivers/STM32F1xx_HAL_Driver/Inc -I../Drivers/CMSIS/Device/ST/STM32F1xx/Include -I../Drivers/CMSIS/Include -I../Modules/modbus/ascii -I../Modules/modbus/functions -I../Modules/modbus/include -I../Modules/modbus/port -I../Modules/modbus/rtu -I../Modules/modbus/tcp -O0 -ffunction-sections -fdata-sections -Wall -fstack-usage -MMD -MP -MF"Modules/modbus/rtu/mbrtu.d" -MT"Modules/modbus/rtu/mbrtu.o" --specs=nano.specs -mfloat-abi=soft -mthumb -o "Modules/modbus/rtu/mbrtu.o"
arm-none-eabi-gcc "../Modules/modbus/port/mt_port.c" -mcpu=cortex-m3 -std=gnu11 -g3 -DDEBUG -DUSE_HAL_DRIVER -DSTM32F103xB -c -I../Core/Inc -I../Drivers/STM32F1xx_HAL_Driver/Inc/Legacy -I../Drivers/STM32F1xx_HAL_Driver/Inc -I../Drivers/CMSIS/Device/ST/STM32F1xx/Include -I../Drivers/CMSIS/Include -I../Modules/modbus/ascii -I../Modules/modbus/functions -I../Modules/modbus/include -I../Modules/modbus/port -I../Modules/modbus/rtu -I../Modules/modbus/tcp -O0 -ffunction-sections -fdata-sections -Wall -fstack-usage -MMD -MP -MF"Modules/modbus/port/mt_port.d" -MT"Modules/modbus/port/mt_port.o" --specs=nano.specs -mfloat-abi=soft -mthumb -o "Modules/modbus/port/mt_port.o"
arm-none-eabi-gcc "../Modules/modbus/port/portevent.c" -mcpu=cortex-m3 -std=gnu11 -g3 -DDEBUG -DUSE_HAL_DRIVER -DSTM32F103xB -c -I../Core/Inc -I../Drivers/STM32F1xx_HAL_Driver/Inc/Legacy -I../Drivers/STM32F1xx_HAL_Driver/Inc -I../Drivers/CMSIS/Device/ST/STM32F1xx/Include -I../Drivers/CMSIS/Include -I../Modules/modbus/ascii -I../Modules/modbus/functions -I../Modules/modbus/include -I../Modules/modbus/port -I../Modules/modbus/rtu -I../Modules/modbus/tcp -O0 -ffunction-sections -fdata-sections -Wall -fstack-usage -MMD -MP -MF"Modules/modbus/port/portevent.d" -MT"Modules/modbus/port/portevent.o" --specs=nano.specs -mfloat-abi=soft -mthumb -o "Modules/modbus/port/portevent.o"
arm-none-eabi-gcc "../Modules/modbus/port/portserial.c" -mcpu=cortex-m3 -std=gnu11 -g3 -DDEBUG -DUSE_HAL_DRIVER -DSTM32F103xB -c -I../Core/Inc -I../Drivers/STM32F1xx_HAL_Driver/Inc/Legacy -I../Drivers/STM32F1xx_HAL_Driver/Inc -I../Drivers/CMSIS/Device/ST/STM32F1xx/Include -I../Drivers/CMSIS/Include -I../Modules/modbus/ascii -I../Modules/modbus/functions -I../Modules/modbus/include -I../Modules/modbus/port -I../Modules/modbus/rtu -I../Modules/modbus/tcp -O0 -ffunction-sections -fdata-sections -Wall -fstack-usage -MMD -MP -MF"Modules/modbus/port/portserial.d" -MT"Modules/modbus/port/portserial.o" --specs=nano.specs -mfloat-abi=soft -mthumb -o "Modules/modbus/port/portserial.o"
arm-none-eabi-gcc "../Modules/modbus/port/porttimer.c" -mcpu=cortex-m3 -std=gnu11 -g3 -DDEBUG -DUSE_HAL_DRIVER -DSTM32F103xB -c -I../Core/Inc -I../Drivers/STM32F1xx_HAL_Driver/Inc/Legacy -I../Drivers/STM32F1xx_HAL_Driver/Inc -I../Drivers/CMSIS/Device/ST/STM32F1xx/Include -I../Drivers/CMSIS/Include -I../Modules/modbus/ascii -I../Modules/modbus/functions -I../Modules/modbus/include -I../Modules/modbus/port -I../Modules/modbus/rtu -I../Modules/modbus/tcp -O0 -ffunction-sections -fdata-sections -Wall -fstack-usage -MMD -MP -MF"Modules/modbus/port/porttimer.d" -MT"Modules/modbus/port/porttimer.o" --specs=nano.specs -mfloat-abi=soft -mthumb -o "Modules/modbus/port/porttimer.o"
arm-none-eabi-gcc "../Modules/modbus/functions/mbfunccoils.c" -mcpu=cortex-m3 -std=gnu11 -g3 -DDEBUG -DUSE_HAL_DRIVER -DSTM32F103xB -c -I../Core/Inc -I../Drivers/STM32F1xx_HAL_Driver/Inc/Legacy -I../Drivers/STM32F1xx_HAL_Driver/Inc -I../Drivers/CMSIS/Device/ST/STM32F1xx/Include -I../Drivers/CMSIS/Include -I../Modules/modbus/ascii -I../Modules/modbus/functions -I../Modules/modbus/include -I../Modules/modbus/port -I../Modules/modbus/rtu -I../Modules/modbus/tcp -O0 -ffunction-sections -fdata-sections -Wall -fstack-usage -MMD -MP -MF"Modules/modbus/functions/mbfunccoils.d" -MT"Modules/modbus/functions/mbfunccoils.o" --specs=nano.specs -mfloat-abi=soft -mthumb -o "Modules/modbus/functions/mbfunccoils.o"
../Modules/modbus/rtu/mbrtu.c: In function 'eMBRTUReceive':
../Modules/modbus/rtu/mbrtu.c:152:21: warning: variable 'xFrameReceived' set but not used [-Wunused-but-set-variable]
  152 |     BOOL            xFrameReceived = FALSE;
      |                     ^~~~~~~~~~~~~~
arm-none-eabi-gcc "../Modules/modbus/functions/mbfuncdiag.c" -mcpu=cortex-m3 -std=gnu11 -g3 -DDEBUG -DUSE_HAL_DRIVER -DSTM32F103xB -c -I../Core/Inc -I../Drivers/STM32F1xx_HAL_Driver/Inc/Legacy -I../Drivers/STM32F1xx_HAL_Driver/Inc -I../Drivers/CMSIS/Device/ST/STM32F1xx/Include -I../Drivers/CMSIS/Include -I../Modules/modbus/ascii -I../Modules/modbus/functions -I../Modules/modbus/include -I../Modules/modbus/port -I../Modules/modbus/rtu -I../Modules/modbus/tcp -O0 -ffunction-sections -fdata-sections -Wall -fstack-usage -MMD -MP -MF"Modules/modbus/functions/mbfuncdiag.d" -MT"Modules/modbus/functions/mbfuncdiag.o" --specs=nano.specs -mfloat-abi=soft -mthumb -o "Modules/modbus/functions/mbfuncdiag.o"
arm-none-eabi-gcc "../Modules/modbus/functions/mbfuncdisc.c" -mcpu=cortex-m3 -std=gnu11 -g3 -DDEBUG -DUSE_HAL_DRIVER -DSTM32F103xB -c -I../Core/Inc -I../Drivers/STM32F1xx_HAL_Driver/Inc/Legacy -I../Drivers/STM32F1xx_HAL_Driver/Inc -I../Drivers/CMSIS/Device/ST/STM32F1xx/Include -I../Drivers/CMSIS/Include -I../Modules/modbus/ascii -I../Modules/modbus/functions -I../Modules/modbus/include -I../Modules/modbus/port -I../Modules/modbus/rtu -I../Modules/modbus/tcp -O0 -ffunction-sections -fdata-sections -Wall -fstack-usage -MMD -MP -MF"Modules/modbus/functions/mbfuncdisc.d" -MT"Modules/modbus/functions/mbfuncdisc.o" --specs=nano.specs -mfloat-abi=soft -mthumb -o "Modules/modbus/functions/mbfuncdisc.o"
arm-none-eabi-gcc "../Modules/modbus/functions/mbfuncholding.c" -mcpu=cortex-m3 -std=gnu11 -g3 -DDEBUG -DUSE_HAL_DRIVER -DSTM32F103xB -c -I../Core/Inc -I../Drivers/STM32F1xx_HAL_Driver/Inc/Legacy -I../Drivers/STM32F1xx_HAL_Driver/Inc -I../Drivers/CMSIS/Device/ST/STM32F1xx/Include -I../Drivers/CMSIS/Include -I../Modules/modbus/ascii -I../Modules/modbus/functions -I../Modules/modbus/include -I../Modules/modbus/port -I../Modules/modbus/rtu -I../Modules/modbus/tcp -O0 -ffunction-sections -fdata-sections -Wall -fstack-usage -MMD -MP -MF"Modules/modbus/functions/mbfuncholding.d" -MT"Modules/modbus/functions/mbfuncholding.o" --specs=nano.specs -mfloat-abi=soft -mthumb -o "Modules/modbus/functions/mbfuncholding.o"
arm-none-eabi-gcc "../Modules/modbus/functions/mbfuncinput.c" -mcpu=cortex-m3 -std=gnu11 -g3 -DDEBUG -DUSE_HAL_DRIVER -DSTM32F103xB -c -I../Core/Inc -I../Drivers/STM32F1xx_HAL_Driver/Inc/Legacy -I../Drivers/STM32F1xx_HAL_Driver/Inc -I../Drivers/CMSIS/Device/ST/STM32F1xx/Include -I../Drivers/CMSIS/Include -I../Modules/modbus/ascii -I../Modules/modbus/functions -I../Modules/modbus/include -I../Modules/modbus/port -I../Modules/modbus/rtu -I../Modules/modbus/tcp -O0 -ffunction-sections -fdata-sections -Wall -fstack-usage -MMD -MP -MF"Modules/modbus/functions/mbfuncinput.d" -MT"Modules/modbus/functions/mbfuncinput.o" --specs=nano.specs -mfloat-abi=soft -mthumb -o "Modules/modbus/functions/mbfuncinput.o"
arm-none-eabi-gcc "../Modules/modbus/functions/mbfuncother.c" -mcpu=cortex-m3 -std=gnu11 -g3 -DDEBUG -DUSE_HAL_DRIVER -DSTM32F103xB -c -I../Core/Inc -I../Drivers/STM32F1xx_HAL_Driver/Inc/Legacy -I../Drivers/STM32F1xx_HAL_Driver/Inc -I../Drivers/CMSIS/Device/ST/STM32F1xx/Include -I../Drivers/CMSIS/Include -I../Modules/modbus/ascii -I../Modules/modbus/functions -I../Modules/modbus/include -I../Modules/modbus/port -I../Modules/modbus/rtu -I../Modules/modbus/tcp -O0 -ffunction-sections -fdata-sections -Wall -fstack-usage -MMD -MP -MF"Modules/modbus/functions/mbfuncother.d" -MT"Modules/modbus/functions/mbfuncother.o" --specs=nano.specs -mfloat-abi=soft -mthumb -o "Modules/modbus/functions/mbfuncother.o"
arm-none-eabi-gcc "../Modules/modbus/functions/mbutils.c" -mcpu=cortex-m3 -std=gnu11 -g3 -DDEBUG -DUSE_HAL_DRIVER -DSTM32F103xB -c -I../Core/Inc -I../Drivers/STM32F1xx_HAL_Driver/Inc/Legacy -I../Drivers/STM32F1xx_HAL_Driver/Inc -I../Drivers/CMSIS/Device/ST/STM32F1xx/Include -I../Drivers/CMSIS/Include -I../Modules/modbus/ascii -I../Modules/modbus/functions -I../Modules/modbus/include -I../Modules/modbus/port -I../Modules/modbus/rtu -I../Modules/modbus/tcp -O0 -ffunction-sections -fdata-sections -Wall -fstack-usage -MMD -MP -MF"Modules/modbus/functions/mbutils.d" -MT"Modules/modbus/functions/mbutils.o" --specs=nano.specs -mfloat-abi=soft -mthumb -o "Modules/modbus/functions/mbutils.o"
arm-none-eabi-gcc "../Modules/modbus/ascii/mbascii.c" -mcpu=cortex-m3 -std=gnu11 -g3 -DDEBUG -DUSE_HAL_DRIVER -DSTM32F103xB -c -I../Core/Inc -I../Drivers/STM32F1xx_HAL_Driver/Inc/Legacy -I../Drivers/STM32F1xx_HAL_Driver/Inc -I../Drivers/CMSIS/Device/ST/STM32F1xx/Include -I../Drivers/CMSIS/Include -I../Modules/modbus/ascii -I../Modules/modbus/functions -I../Modules/modbus/include -I../Modules/modbus/port -I../Modules/modbus/rtu -I../Modules/modbus/tcp -O0 -ffunction-sections -fdata-sections -Wall -fstack-usage -MMD -MP -MF"Modules/modbus/ascii/mbascii.d" -MT"Modules/modbus/ascii/mbascii.o" --specs=nano.specs -mfloat-abi=soft -mthumb -o "Modules/modbus/ascii/mbascii.o"
arm-none-eabi-gcc "../Modules/modbus/mb.c" -mcpu=cortex-m3 -std=gnu11 -g3 -DDEBUG -DUSE_HAL_DRIVER -DSTM32F103xB -c -I../Core/Inc -I../Drivers/STM32F1xx_HAL_Driver/Inc/Legacy -I../Drivers/STM32F1xx_HAL_Driver/Inc -I../Drivers/CMSIS/Device/ST/STM32F1xx/Include -I../Drivers/CMSIS/Include -I../Modules/modbus/ascii -I../Modules/modbus/functions -I../Modules/modbus/include -I../Modules/modbus/port -I../Modules/modbus/rtu -I../Modules/modbus/tcp -O0 -ffunction-sections -fdata-sections -Wall -fstack-usage -MMD -MP -MF"Modules/modbus/mb.d" -MT"Modules/modbus/mb.o" --specs=nano.specs -mfloat-abi=soft -mthumb -o "Modules/modbus/mb.o"
arm-none-eabi-gcc "../Drivers/STM32F1xx_HAL_Driver/Src/stm32f1xx_hal.c" -mcpu=cortex-m3 -std=gnu11 -g3 -DDEBUG -DUSE_HAL_DRIVER -DSTM32F103xB -c -I../Core/Inc -I../Drivers/STM32F1xx_HAL_Driver/Inc/Legacy -I../Drivers/STM32F1xx_HAL_Driver/Inc -I../Drivers/CMSIS/Device/ST/STM32F1xx/Include -I../Drivers/CMSIS/Include -I../Modules/modbus/ascii -I../Modules/modbus/functions -I../Modules/modbus/include -I../Modules/modbus/port -I../Modules/modbus/rtu -I../Modules/modbus/tcp -O0 -ffunction-sections -fdata-sections -Wall -fstack-usage -MMD -MP -MF"Drivers/STM32F1xx_HAL_Driver/Src/stm32f1xx_hal.d" -MT"Drivers/STM32F1xx_HAL_Driver/Src/stm32f1xx_hal.o" --specs=nano.specs -mfloat-abi=soft -mthumb -o "Drivers/STM32F1xx_HAL_Driver/Src/stm32f1xx_hal.o"
arm-none-eabi-gcc "../Drivers/STM32F1xx_HAL_Driver/Src/stm32f1xx_hal_cortex.c" -mcpu=cortex-m3 -std=gnu11 -g3 -DDEBUG -DUSE_HAL_DRIVER -DSTM32F103xB -c -I../Core/Inc -I../Drivers/STM32F1xx_HAL_Driver/Inc/Legacy -I../Drivers/STM32F1xx_HAL_Driver/Inc -I../Drivers/CMSIS/Device/ST/STM32F1xx/Include -I../Drivers/CMSIS/Include -I../Modules/modbus/ascii -I../Modules/modbus/functions -I../Modules/modbus/include -I../Modules/modbus/port -I../Modules/modbus/rtu -I../Modules/modbus/tcp -O0 -ffunction-sections -fdata-sections -Wall -fstack-usage -MMD -MP -MF"Drivers/STM32F1xx_HAL_Driver/Src/stm32f1xx_hal_cortex.d" -MT"Drivers/STM32F1xx_HAL_Driver/Src/stm32f1xx_hal_cortex.o" --specs=nano.specs -mfloat-abi=soft -mthumb -o "Drivers/STM32F1xx_HAL_Driver/Src/stm32f1xx_hal_cortex.o"
arm-none-eabi-gcc "../Drivers/STM32F1xx_HAL_Driver/Src/stm32f1xx_hal_dma.c" -mcpu=cortex-m3 -std=gnu11 -g3 -DDEBUG -DUSE_HAL_DRIVER -DSTM32F103xB -c -I../Core/Inc -I../Drivers/STM32F1xx_HAL_Driver/Inc/Legacy -I../Drivers/STM32F1xx_HAL_Driver/Inc -I../Drivers/CMSIS/Device/ST/STM32F1xx/Include -I../Drivers/CMSIS/Include -I../Modules/modbus/ascii -I../Modules/modbus/functions -I../Modules/modbus/include -I../Modules/modbus/port -I../Modules/modbus/rtu -I../Modules/modbus/tcp -O0 -ffunction-sections -fdata-sections -Wall -fstack-usage -MMD -MP -MF"Drivers/STM32F1xx_HAL_Driver/Src/stm32f1xx_hal_dma.d" -MT"Drivers/STM32F1xx_HAL_Driver/Src/stm32f1xx_hal_dma.o" --specs=nano.specs -mfloat-abi=soft -mthumb -o "Drivers/STM32F1xx_HAL_Driver/Src/stm32f1xx_hal_dma.o"
arm-none-eabi-gcc "../Drivers/STM32F1xx_HAL_Driver/Src/stm32f1xx_hal_exti.c" -mcpu=cortex-m3 -std=gnu11 -g3 -DDEBUG -DUSE_HAL_DRIVER -DSTM32F103xB -c -I../Core/Inc -I../Drivers/STM32F1xx_HAL_Driver/Inc/Legacy -I../Drivers/STM32F1xx_HAL_Driver/Inc -I../Drivers/CMSIS/Device/ST/STM32F1xx/Include -I../Drivers/CMSIS/Include -I../Modules/modbus/ascii -I../Modules/modbus/functions -I../Modules/modbus/include -I../Modules/modbus/port -I../Modules/modbus/rtu -I../Modules/modbus/tcp -O0 -ffunction-sections -fdata-sections -Wall -fstack-usage -MMD -MP -MF"Drivers/STM32F1xx_HAL_Driver/Src/stm32f1xx_hal_exti.d" -MT"Drivers/STM32F1xx_HAL_Driver/Src/stm32f1xx_hal_exti.o" --specs=nano.specs -mfloat-abi=soft -mthumb -o "Drivers/STM32F1xx_HAL_Driver/Src/stm32f1xx_hal_exti.o"
arm-none-eabi-gcc "../Drivers/STM32F1xx_HAL_Driver/Src/stm32f1xx_hal_flash.c" -mcpu=cortex-m3 -std=gnu11 -g3 -DDEBUG -DUSE_HAL_DRIVER -DSTM32F103xB -c -I../Core/Inc -I../Drivers/STM32F1xx_HAL_Driver/Inc/Legacy -I../Drivers/STM32F1xx_HAL_Driver/Inc -I../Drivers/CMSIS/Device/ST/STM32F1xx/Include -I../Drivers/CMSIS/Include -I../Modules/modbus/ascii -I../Modules/modbus/functions -I../Modules/modbus/include -I../Modules/modbus/port -I../Modules/modbus/rtu -I../Modules/modbus/tcp -O0 -ffunction-sections -fdata-sections -Wall -fstack-usage -MMD -MP -MF"Drivers/STM32F1xx_HAL_Driver/Src/stm32f1xx_hal_flash.d" -MT"Drivers/STM32F1xx_HAL_Driver/Src/stm32f1xx_hal_flash.o" --specs=nano.specs -mfloat-abi=soft -mthumb -o "Drivers/STM32F1xx_HAL_Driver/Src/stm32f1xx_hal_flash.o"
arm-none-eabi-gcc "../Drivers/STM32F1xx_HAL_Driver/Src/stm32f1xx_hal_flash_ex.c" -mcpu=cortex-m3 -std=gnu11 -g3 -DDEBUG -DUSE_HAL_DRIVER -DSTM32F103xB -c -I../Core/Inc -I../Drivers/STM32F1xx_HAL_Driver/Inc/Legacy -I../Drivers/STM32F1xx_HAL_Driver/Inc -I../Drivers/CMSIS/Device/ST/STM32F1xx/Include -I../Drivers/CMSIS/Include -I../Modules/modbus/ascii -I../Modules/modbus/functions -I../Modules/modbus/include -I../Modules/modbus/port -I../Modules/modbus/rtu -I../Modules/modbus/tcp -O0 -ffunction-sections -fdata-sections -Wall -fstack-usage -MMD -MP -MF"Drivers/STM32F1xx_HAL_Driver/Src/stm32f1xx_hal_flash_ex.d" -MT"Drivers/STM32F1xx_HAL_Driver/Src/stm32f1xx_hal_flash_ex.o" --specs=nano.specs -mfloat-abi=soft -mthumb -o "Drivers/STM32F1xx_HAL_Driver/Src/stm32f1xx_hal_flash_ex.o"
arm-none-eabi-gcc "../Drivers/STM32F1xx_HAL_Driver/Src/stm32f1xx_hal_gpio.c" -mcpu=cortex-m3 -std=gnu11 -g3 -DDEBUG -DUSE_HAL_DRIVER -DSTM32F103xB -c -I../Core/Inc -I../Drivers/STM32F1xx_HAL_Driver/Inc/Legacy -I../Drivers/STM32F1xx_HAL_Driver/Inc -I../Drivers/CMSIS/Device/ST/STM32F1xx/Include -I../Drivers/CMSIS/Include -I../Modules/modbus/ascii -I../Modules/modbus/functions -I../Modules/modbus/include -I../Modules/modbus/port -I../Modules/modbus/rtu -I../Modules/modbus/tcp -O0 -ffunction-sections -fdata-sections -Wall -fstack-usage -MMD -MP -MF"Drivers/STM32F1xx_HAL_Driver/Src/stm32f1xx_hal_gpio.d" -MT"Drivers/STM32F1xx_HAL_Driver/Src/stm32f1xx_hal_gpio.o" --specs=nano.specs -mfloat-abi=soft -mthumb -o "Drivers/STM32F1xx_HAL_Driver/Src/stm32f1xx_hal_gpio.o"
arm-none-eabi-gcc "../Drivers/STM32F1xx_HAL_Driver/Src/stm32f1xx_hal_gpio_ex.c" -mcpu=cortex-m3 -std=gnu11 -g3 -DDEBUG -DUSE_HAL_DRIVER -DSTM32F103xB -c -I../Core/Inc -I../Drivers/STM32F1xx_HAL_Driver/Inc/Legacy -I../Drivers/STM32F1xx_HAL_Driver/Inc -I../Drivers/CMSIS/Device/ST/STM32F1xx/Include -I../Drivers/CMSIS/Include -I../Modules/modbus/ascii -I../Modules/modbus/functions -I../Modules/modbus/include -I../Modules/modbus/port -I../Modules/modbus/rtu -I../Modules/modbus/tcp -O0 -ffunction-sections -fdata-sections -Wall -fstack-usage -MMD -MP -MF"Drivers/STM32F1xx_HAL_Driver/Src/stm32f1xx_hal_gpio_ex.d" -MT"Drivers/STM32F1xx_HAL_Driver/Src/stm32f1xx_hal_gpio_ex.o" --specs=nano.specs -mfloat-abi=soft -mthumb -o "Drivers/STM32F1xx_HAL_Driver/Src/stm32f1xx_hal_gpio_ex.o"
arm-none-eabi-gcc "../Drivers/STM32F1xx_HAL_Driver/Src/stm32f1xx_hal_pwr.c" -mcpu=cortex-m3 -std=gnu11 -g3 -DDEBUG -DUSE_HAL_DRIVER -DSTM32F103xB -c -I../Core/Inc -I../Drivers/STM32F1xx_HAL_Driver/Inc/Legacy -I../Drivers/STM32F1xx_HAL_Driver/Inc -I../Drivers/CMSIS/Device/ST/STM32F1xx/Include -I../Drivers/CMSIS/Include -I../Modules/modbus/ascii -I../Modules/modbus/functions -I../Modules/modbus/include -I../Modules/modbus/port -I../Modules/modbus/rtu -I../Modules/modbus/tcp -O0 -ffunction-sections -fdata-sections -Wall -fstack-usage -MMD -MP -MF"Drivers/STM32F1xx_HAL_Driver/Src/stm32f1xx_hal_pwr.d" -MT"Drivers/STM32F1xx_HAL_Driver/Src/stm32f1xx_hal_pwr.o" --specs=nano.specs -mfloat-abi=soft -mthumb -o "Drivers/STM32F1xx_HAL_Driver/Src/stm32f1xx_hal_pwr.o"
arm-none-eabi-gcc "../Drivers/STM32F1xx_HAL_Driver/Src/stm32f1xx_hal_rcc.c" -mcpu=cortex-m3 -std=gnu11 -g3 -DDEBUG -DUSE_HAL_DRIVER -DSTM32F103xB -c -I../Core/Inc -I../Drivers/STM32F1xx_HAL_Driver/Inc/Legacy -I../Drivers/STM32F1xx_HAL_Driver/Inc -I../Drivers/CMSIS/Device/ST/STM32F1xx/Include -I../Drivers/CMSIS/Include -I../Modules/modbus/ascii -I../Modules/modbus/functions -I../Modules/modbus/include -I../Modules/modbus/port -I../Modules/modbus/rtu -I../Modules/modbus/tcp -O0 -ffunction-sections -fdata-sections -Wall -fstack-usage -MMD -MP -MF"Drivers/STM32F1xx_HAL_Driver/Src/stm32f1xx_hal_rcc.d" -MT"Drivers/STM32F1xx_HAL_Driver/Src/stm32f1xx_hal_rcc.o" --specs=nano.specs -mfloat-abi=soft -mthumb -o "Drivers/STM32F1xx_HAL_Driver/Src/stm32f1xx_hal_rcc.o"
arm-none-eabi-gcc "../Drivers/STM32F1xx_HAL_Driver/Src/stm32f1xx_hal_rcc_ex.c" -mcpu=cortex-m3 -std=gnu11 -g3 -DDEBUG -DUSE_HAL_DRIVER -DSTM32F103xB -c -I../Core/Inc -I../Drivers/STM32F1xx_HAL_Driver/Inc/Legacy -I../Drivers/STM32F1xx_HAL_Driver/Inc -I../Drivers/CMSIS/Device/ST/STM32F1xx/Include -I../Drivers/CMSIS/Include -I../Modules/modbus/ascii -I../Modules/modbus/functions -I../Modules/modbus/include -I../Modules/modbus/port -I../Modules/modbus/rtu -I../Modules/modbus/tcp -O0 -ffunction-sections -fdata-sections -Wall -fstack-usage -MMD -MP -MF"Drivers/STM32F1xx_HAL_Driver/Src/stm32f1xx_hal_rcc_ex.d" -MT"Drivers/STM32F1xx_HAL_Driver/Src/stm32f1xx_hal_rcc_ex.o" --specs=nano.specs -mfloat-abi=soft -mthumb -o "Drivers/STM32F1xx_HAL_Driver/Src/stm32f1xx_hal_rcc_ex.o"
arm-none-eabi-gcc "../Drivers/STM32F1xx_HAL_Driver/Src/stm32f1xx_hal_tim.c" -mcpu=cortex-m3 -std=gnu11 -g3 -DDEBUG -DUSE_HAL_DRIVER -DSTM32F103xB -c -I../Core/Inc -I../Drivers/STM32F1xx_HAL_Driver/Inc/Legacy -I../Drivers/STM32F1xx_HAL_Driver/Inc -I../Drivers/CMSIS/Device/ST/STM32F1xx/Include -I../Drivers/CMSIS/Include -I../Modules/modbus/ascii -I../Modules/modbus/functions -I../Modules/modbus/include -I../Modules/modbus/port -I../Modules/modbus/rtu -I../Modules/modbus/tcp -O0 -ffunction-sections -fdata-sections -Wall -fstack-usage -MMD -MP -MF"Drivers/STM32F1xx_HAL_Driver/Src/stm32f1xx_hal_tim.d" -MT"Drivers/STM32F1xx_HAL_Driver/Src/stm32f1xx_hal_tim.o" --specs=nano.specs -mfloat-abi=soft -mthumb -o "Drivers/STM32F1xx_HAL_Driver/Src/stm32f1xx_hal_tim.o"
arm-none-eabi-gcc "../Drivers/STM32F1xx_HAL_Driver/Src/stm32f1xx_hal_tim_ex.c" -mcpu=cortex-m3 -std=gnu11 -g3 -DDEBUG -DUSE_HAL_DRIVER -DSTM32F103xB -c -I../Core/Inc -I../Drivers/STM32F1xx_HAL_Driver/Inc/Legacy -I../Drivers/STM32F1xx_HAL_Driver/Inc -I../Drivers/CMSIS/Device/ST/STM32F1xx/Include -I../Drivers/CMSIS/Include -I../Modules/modbus/ascii -I../Modules/modbus/functions -I../Modules/modbus/include -I../Modules/modbus/port -I../Modules/modbus/rtu -I../Modules/modbus/tcp -O0 -ffunction-sections -fdata-sections -Wall -fstack-usage -MMD -MP -MF"Drivers/STM32F1xx_HAL_Driver/Src/stm32f1xx_hal_tim_ex.d" -MT"Drivers/STM32F1xx_HAL_Driver/Src/stm32f1xx_hal_tim_ex.o" --specs=nano.specs -mfloat-abi=soft -mthumb -o "Drivers/STM32F1xx_HAL_Driver/Src/stm32f1xx_hal_tim_ex.o"
arm-none-eabi-gcc "../Drivers/STM32F1xx_HAL_Driver/Src/stm32f1xx_hal_uart.c" -mcpu=cortex-m3 -std=gnu11 -g3 -DDEBUG -DUSE_HAL_DRIVER -DSTM32F103xB -c -I../Core/Inc -I../Drivers/STM32F1xx_HAL_Driver/Inc/Legacy -I../Drivers/STM32F1xx_HAL_Driver/Inc -I../Drivers/CMSIS/Device/ST/STM32F1xx/Include -I../Drivers/CMSIS/Include -I../Modules/modbus/ascii -I../Modules/modbus/functions -I../Modules/modbus/include -I../Modules/modbus/port -I../Modules/modbus/rtu -I../Modules/modbus/tcp -O0 -ffunction-sections -fdata-sections -Wall -fstack-usage -MMD -MP -MF"Drivers/STM32F1xx_HAL_Driver/Src/stm32f1xx_hal_uart.d" -MT"Drivers/STM32F1xx_HAL_Driver/Src/stm32f1xx_hal_uart.o" --specs=nano.specs -mfloat-abi=soft -mthumb -o "Drivers/STM32F1xx_HAL_Driver/Src/stm32f1xx_hal_uart.o"
arm-none-eabi-gcc -mcpu=cortex-m3 -g3 -DDEBUG -c -x assembler-with-cpp -MMD -MP -MF"Core/Startup/startup_stm32f103c8tx.d" -MT"Core/Startup/startup_stm32f103c8tx.o" --specs=nano.specs -mfloat-abi=soft -mthumb -o "Core/Startup/startup_stm32f103c8tx.o" "../Core/Startup/startup_stm32f103c8tx.s"
arm-none-eabi-gcc "../Core/Src/main.c" -mcpu=cortex-m3 -std=gnu11 -g3 -DDEBUG -DUSE_HAL_DRIVER -DSTM32F103xB -c -I../Core/Inc -I../Drivers/STM32F1xx_HAL_Driver/Inc/Legacy -I../Drivers/STM32F1xx_HAL_Driver/Inc -I../Drivers/CMSIS/Device/ST/STM32F1xx/Include -I../Drivers/CMSIS/Include -I../Modules/modbus/ascii -I../Modules/modbus/functions -I../Modules/modbus/include -I../Modules/modbus/port -I../Modules/modbus/rtu -I../Modules/modbus/tcp -O0 -ffunction-sections -fdata-sections -Wall -fstack-usage -MMD -MP -MF"Core/Src/main.d" -MT"Core/Src/main.o" --specs=nano.specs -mfloat-abi=soft -mthumb -o "Core/Src/main.o"
arm-none-eabi-gcc "../Core/Src/stm32f1xx_hal_msp.c" -mcpu=cortex-m3 -std=gnu11 -g3 -DDEBUG -DUSE_HAL_DRIVER -DSTM32F103xB -c -I../Core/Inc -I../Drivers/STM32F1xx_HAL_Driver/Inc/Legacy -I../Drivers/STM32F1xx_HAL_Driver/Inc -I../Drivers/CMSIS/Device/ST/STM32F1xx/Include -I../Drivers/CMSIS/Include -I../Modules/modbus/ascii -I../Modules/modbus/functions -I../Modules/modbus/include -I../Modules/modbus/port -I../Modules/modbus/rtu -I../Modules/modbus/tcp -O0 -ffunction-sections -fdata-sections -Wall -fstack-usage -MMD -MP -MF"Core/Src/stm32f1xx_hal_msp.d" -MT"Core/Src/stm32f1xx_hal_msp.o" --specs=nano.specs -mfloat-abi=soft -mthumb -o "Core/Src/stm32f1xx_hal_msp.o"
arm-none-eabi-gcc "../Core/Src/stm32f1xx_it.c" -mcpu=cortex-m3 -std=gnu11 -g3 -DDEBUG -DUSE_HAL_DRIVER -DSTM32F103xB -c -I../Core/Inc -I../Drivers/STM32F1xx_HAL_Driver/Inc/Legacy -I../Drivers/STM32F1xx_HAL_Driver/Inc -I../Drivers/CMSIS/Device/ST/STM32F1xx/Include -I../Drivers/CMSIS/Include -I../Modules/modbus/ascii -I../Modules/modbus/functions -I../Modules/modbus/include -I../Modules/modbus/port -I../Modules/modbus/rtu -I../Modules/modbus/tcp -O0 -ffunction-sections -fdata-sections -Wall -fstack-usage -MMD -MP -MF"Core/Src/stm32f1xx_it.d" -MT"Core/Src/stm32f1xx_it.o" --specs=nano.specs -mfloat-abi=soft -mthumb -o "Core/Src/stm32f1xx_it.o"
arm-none-eabi-gcc "../Core/Src/syscalls.c" -mcpu=cortex-m3 -std=gnu11 -g3 -DDEBUG -DUSE_HAL_DRIVER -DSTM32F103xB -c -I../Core/Inc -I../Drivers/STM32F1xx_HAL_Driver/Inc/Legacy -I../Drivers/STM32F1xx_HAL_Driver/Inc -I../Drivers/CMSIS/Device/ST/STM32F1xx/Include -I../Drivers/CMSIS/Include -I../Modules/modbus/ascii -I../Modules/modbus/functions -I../Modules/modbus/include -I../Modules/modbus/port -I../Modules/modbus/rtu -I../Modules/modbus/tcp -O0 -ffunction-sections -fdata-sections -Wall -fstack-usage -MMD -MP -MF"Core/Src/syscalls.d" -MT"Core/Src/syscalls.o" --specs=nano.specs -mfloat-abi=soft -mthumb -o "Core/Src/syscalls.o"
arm-none-eabi-gcc "../Core/Src/sysmem.c" -mcpu=cortex-m3 -std=gnu11 -g3 -DDEBUG -DUSE_HAL_DRIVER -DSTM32F103xB -c -I../Core/Inc -I../Drivers/STM32F1xx_HAL_Driver/Inc/Legacy -I../Drivers/STM32F1xx_HAL_Driver/Inc -I../Drivers/CMSIS/Device/ST/STM32F1xx/Include -I../Drivers/CMSIS/Include -I../Modules/modbus/ascii -I../Modules/modbus/functions -I../Modules/modbus/include -I../Modules/modbus/port -I../Modules/modbus/rtu -I../Modules/modbus/tcp -O0 -ffunction-sections -fdata-sections -Wall -fstack-usage -MMD -MP -MF"Core/Src/sysmem.d" -MT"Core/Src/sysmem.o" --specs=nano.specs -mfloat-abi=soft -mthumb -o "Core/Src/sysmem.o"
arm-none-eabi-gcc "../Core/Src/system_stm32f1xx.c" -mcpu=cortex-m3 -std=gnu11 -g3 -DDEBUG -DUSE_HAL_DRIVER -DSTM32F103xB -c -I../Core/Inc -I../Drivers/STM32F1xx_HAL_Driver/Inc/Legacy -I../Drivers/STM32F1xx_HAL_Driver/Inc -I../Drivers/CMSIS/Device/ST/STM32F1xx/Include -I../Drivers/CMSIS/Include -I../Modules/modbus/ascii -I../Modules/modbus/functions -I../Modules/modbus/include -I../Modules/modbus/port -I../Modules/modbus/rtu -I../Modules/modbus/tcp -O0 -ffunction-sections -fdata-sections -Wall -fstack-usage -MMD -MP -MF"Core/Src/system_stm32f1xx.d" -MT"Core/Src/system_stm32f1xx.o" --specs=nano.specs -mfloat-abi=soft -mthumb -o "Core/Src/system_stm32f1xx.o"
arm-none-eabi-gcc -o "RS-485_Modbus_RTU_Slave.elf" @"objects.list"   -mcpu=cortex-m3 -T"D:\github\mc\stm32\RS-485_Modbus_RTU_Slave\RS-485_Modbus_RTU_Slave\STM32F103C8TX_FLASH.ld" --specs=nosys.specs -Wl,-Map="RS-485_Modbus_RTU_Slave.map" -Wl,--gc-sections -static --specs=nano.specs -mfloat-abi=soft -mthumb -Wl,--start-group -lc -lm -Wl,--end-group
Finished building target: RS-485_Modbus_RTU_Slave.elf
 
arm-none-eabi-size   RS-485_Modbus_RTU_Slave.elf 
arm-none-eabi-objdump -h -S  RS-485_Modbus_RTU_Slave.elf  > "RS-485_Modbus_RTU_Slave.list"
   text	   data	    bss	    dec	    hex	filename
  21056	    268	   2100	  23424	   5b80	RS-485_Modbus_RTU_Slave.elf
Finished building: default.size.stdout
 
Finished building: RS-485_Modbus_RTU_Slave.list
 
