../Modules/modbus/rtu/mbrtu_m.c:89:1:eMBMasterRTUInit	24	static
../Modules/modbus/rtu/mbrtu_m.c:133:1:eMBMasterRTUStart	8	static
../Modules/modbus/rtu/mbrtu_m.c:149:1:eMBMasterRTUStop	8	static
../Modules/modbus/rtu/mbrtu_m.c:158:1:eMBMasterRTUReceive	32	static
../Modules/modbus/rtu/mbrtu_m.c:192:1:eMBMasterRTUSend	24	static
../Modules/modbus/rtu/mbrtu_m.c:233:1:xMBMasterRTUReceiveFSM	16	static
../Modules/modbus/rtu/mbrtu_m.c:300:1:xMBMasterRTUTransmitFSM	16	static
../Modules/modbus/rtu/mbrtu_m.c:351:1:xMBMasterRTUTimerExpired	16	static
../Modules/modbus/rtu/mbrtu_m.c:412:6:vMBMasterGetRTUSndBuf	16	static
../Modules/modbus/rtu/mbrtu_m.c:418:6:vMBMasterGetPDUSndBuf	16	static
../Modules/modbus/rtu/mbrtu_m.c:424:6:vMBMasterSetPDUSndLength	16	static
../Modules/modbus/rtu/mbrtu_m.c:430:8:usMBMasterGetPDUSndLength	4	static
../Modules/modbus/rtu/mbrtu_m.c:436:6:vMBMasterSetCurTimerMode	16	static
../Modules/modbus/rtu/mbrtu_m.c:442:6:xMBMasterRequestIsBroadcast	4	static
