03:03:03 **** Incremental Build of configuration Debug for project test_proteus ****
make -j8 all 
arm-none-eabi-gcc "../Core/Src/main.c" -mcpu=cortex-m3 -std=gnu11 -g3 -DDEBUG -DUSE_HAL_DRIVER -DSTM32F103x6 -c -I../Core/Inc -I../Drivers/STM32F1xx_HAL_Driver/Inc -I../Drivers/STM32F1xx_HAL_Driver/Inc/Legacy -I../Drivers/CMSIS/Device/ST/STM32F1xx/Include -I../Drivers/CMSIS/Include -O0 -ffunction-sections -fdata-sections -Wall -fstack-usage -MMD -MP -MF"Core/Src/main.d" -MT"Core/Src/main.o" --specs=nano.specs -mfloat-abi=soft -mthumb -o "Core/Src/main.o"
arm-none-eabi-gcc -o "test_proteus.elf" @"objects.list"   -mcpu=cortex-m3 -T"D:\github\mc\stm32\test_proteus\STM32F103C6TX_FLASH.ld" --specs=nosys.specs -Wl,-Map="test_proteus.map" -Wl,--gc-sections -static --specs=nano.specs -mfloat-abi=soft -mthumb -Wl,--start-group -lc -lm -Wl,--end-group
Finished building target: test_proteus.elf
 
arm-none-eabi-size   test_proteus.elf 
arm-none-eabi-objdump -h -S  test_proteus.elf  > "test_proteus.list"
arm-none-eabi-objcopy  -O ihex  test_proteus.elf  "test_proteus.hex"
   text	   data	    bss	    dec	    hex	filename
   4720	     20	   1572	   6312	   18a8	test_proteus.elf
Finished building: default.size.stdout
 
Finished building: test_proteus.list
 
Finished building: test_proteus.hex
 
03:05:28 **** Incremental Build of configuration Debug for project test_proteus ****
make -j8 all 
arm-none-eabi-size   test_proteus.elf 
   text	   data	    bss	    dec	    hex	filename
   4720	     20	   1572	   6312	   18a8	test_proteus.elf
Finished building: default.size.stdout
 
03:06:13 **** Incremental Build of configuration Debug for project test_proteus ****
make -j8 all 
arm-none-eabi-size   test_proteus.elf 
   text	   data	    bss	    dec	    hex	filename
   4720	     20	   1572	   6312	   18a8	test_proteus.elf
Finished building: default.size.stdout
 
