../Core/Src/main.c:61:6:W5500_Select	8	static
../Core/Src/main.c:66:6:W5500_Unselect	8	static
../Core/Src/main.c:71:6:W5500_ReadBuff	16	static
../Core/Src/main.c:76:6:W5500_WriteBuff	16	static
../Core/Src/main.c:81:9:W5500_ReadByte	16	static
../Core/Src/main.c:88:6:W5500_WriteByte	16	static
../Core/Src/main.c:117:5:main	32	static
../Core/Src/main.c:215:6:SystemClock_Config	72	static
../Core/Src/main.c:255:13:MX_SPI1_Init	8	static
../Core/Src/main.c:293:13:MX_USART1_UART_Init	8	static
../Core/Src/main.c:326:13:MX_GPIO_Init	40	static
../Core/Src/main.c:355:6:Error_Handler	4	static,ignoring_inline_asm
