15:30:22 **** Incremental Build of configuration Debug for project Timer1 ****
make -j8 all 
arm-none-eabi-gcc "../Core/Src/main.c" -mcpu=cortex-m3 -std=gnu11 -g3 -DDEBUG -DUSE_HAL_DRIVER -DSTM32F103xB -c -I../Core/Inc -I../Drivers/STM32F1xx_HAL_Driver/Inc -I../Drivers/STM32F1xx_HAL_Driver/Inc/Legacy -I../Drivers/CMSIS/Device/ST/STM32F1xx/Include -I../Drivers/CMSIS/Include -O0 -ffunction-sections -fdata-sections -Wall -fstack-usage -MMD -MP -MF"Core/Src/main.d" -MT"Core/Src/main.o" --specs=nano.specs -mfloat-abi=soft -mthumb -o "Core/Src/main.o"
arm-none-eabi-gcc -o "Timer1.elf" @"objects.list"   -mcpu=cortex-m3 -T"D:\github\mc\stm32\Timer\Timer1\STM32F103C8TX_FLASH.ld" --specs=nosys.specs -Wl,-Map="Timer1.map" -Wl,--gc-sections -static --specs=nano.specs -mfloat-abi=soft -mthumb -Wl,--start-group -lc -lm -Wl,--end-group
Finished building target: Timer1.elf
 
arm-none-eabi-size   Timer1.elf 
arm-none-eabi-objdump -h -S  Timer1.elf  > "Timer1.list"
   text	   data	    bss	    dec	    hex	filename
   7620	     20	   1788	   9428	   24d4	Timer1.elf
Finished building: default.size.stdout
 
Finished building: Timer1.list
 
15:30:29 **** Incremental Build of configuration Debug for project Timer1 ****
make -j8 all 
arm-none-eabi-size   Timer1.elf 
   text	   data	    bss	    dec	    hex	filename
   7620	     20	   1788	   9428	   24d4	Timer1.elf
Finished building: default.size.stdout
 
