20:15:58 **** Incremental Build of configuration Debug for project CAN ****
make -j8 all 
arm-none-eabi-gcc -o "CAN.elf" @"objects.list"   -mcpu=cortex-m3 -T"D:\github\mc\stm32\CAN\CAN\STM32F103C8TX_FLASH.ld" --specs=nosys.specs -Wl,-Map="CAN.map" -Wl,--gc-sections -static --specs=nano.specs -mfloat-abi=soft -mthumb -Wl,--start-group -lc -lm -Wl,--end-group
Finished building target: CAN.elf
 
arm-none-eabi-size   CAN.elf 
arm-none-eabi-objdump -h -S  CAN.elf  > "CAN.list"
arm-none-eabi-objcopy  -O ihex  CAN.elf  "CAN.hex"
   text	   data	    bss	    dec	    hex	filename
   8824	     20	   1724	  10568	   2948	CAN.elf
Finished building: default.size.stdout
 
Finished building: CAN.list
 
Finished building: CAN.hex
 
20:22:45 **** Incremental Build of configuration Debug for project CAN ****
make -j8 all 
arm-none-eabi-size   CAN.elf 
   text	   data	    bss	    dec	    hex	filename
   8824	     20	   1724	  10568	   2948	CAN.elf
Finished building: default.size.stdout
 
