../Core/Src/main.c:71:5:main	16	static
../Core/Src/main.c:127:6:SystemClock_Config	72	static
../Core/Src/main.c:167:13:MX_TIM3_Init	32	static
../Core/Src/main.c:212:13:MX_USART1_UART_Init	8	static
../Core/Src/main.c:245:13:MX_GPIO_Init	16	static
../Core/Src/main.c:256:14:eMBMasterRegInputCB	24	static
../Core/Src/main.c:262:14:eMBMasterRegHoldingCB	32	static
../Core/Src/main.c:268:14:eMBMasterRegCoilsCB	32	static
../Core/Src/main.c:274:14:eMBMasterRegDiscreteCB	24	static
../Core/Src/main.c:286:6:Error_Handler	4	static,ignoring_inline_asm
