02:08:42 **** Incremental Build of configuration Debug for project I2C_Display_1602 ****
make -j8 all 
arm-none-eabi-gcc "../Core/Src/liquidcrystal_i2c.c" -mcpu=cortex-m3 -std=gnu11 -g3 -DDEBUG -DUSE_HAL_DRIVER -DSTM32F103xB -c -I../Core/Inc -I../Drivers/STM32F1xx_HAL_Driver/Inc/Legacy -I../Drivers/STM32F1xx_HAL_Driver/Inc -I../Drivers/CMSIS/Device/ST/STM32F1xx/Include -I../Drivers/CMSIS/Include -O0 -ffunction-sections -fdata-sections -Wall -fstack-usage -MMD -MP -MF"Core/Src/liquidcrystal_i2c.d" -MT"Core/Src/liquidcrystal_i2c.o" --specs=nano.specs -mfloat-abi=soft -mthumb -o "Core/Src/liquidcrystal_i2c.o"
arm-none-eabi-gcc "../Core/Src/main.c" -mcpu=cortex-m3 -std=gnu11 -g3 -DDEBUG -DUSE_HAL_DRIVER -DSTM32F103xB -c -I../Core/Inc -I../Drivers/STM32F1xx_HAL_Driver/Inc/Legacy -I../Drivers/STM32F1xx_HAL_Driver/Inc -I../Drivers/CMSIS/Device/ST/STM32F1xx/Include -I../Drivers/CMSIS/Include -O0 -ffunction-sections -fdata-sections -Wall -fstack-usage -MMD -MP -MF"Core/Src/main.d" -MT"Core/Src/main.o" --specs=nano.specs -mfloat-abi=soft -mthumb -o "Core/Src/main.o"
../Core/Src/main.c: In function 'main':
../Core/Src/main.c:125:6: warning: unused variable 'x' [-Wunused-variable]
  125 |  int x;
      |      ^
arm-none-eabi-gcc -o "I2C_Display_1602.elf" @"objects.list"   -mcpu=cortex-m3 -T"D:\github\mc\stm32\I2C_Display_1602\I2C_Display_1602\STM32F103C8TX_FLASH.ld" --specs=nosys.specs -Wl,-Map="I2C_Display_1602.map" -Wl,--gc-sections -static --specs=nano.specs -mfloat-abi=soft -mthumb -Wl,--start-group -lc -lm -Wl,--end-group
Finished building target: I2C_Display_1602.elf
 
arm-none-eabi-size   I2C_Display_1602.elf 
arm-none-eabi-objdump -h -S  I2C_Display_1602.elf  > "I2C_Display_1602.list"
   text	   data	    bss	    dec	    hex	filename
   8808	     36	   1660	  10504	   2908	I2C_Display_1602.elf
Finished building: default.size.stdout
 
Finished building: I2C_Display_1602.list
 
02:08:47 **** Incremental Build of configuration Debug for project I2C_Display_1602 ****
make -j8 all 
arm-none-eabi-size   I2C_Display_1602.elf 
   text	   data	    bss	    dec	    hex	filename
   8808	     36	   1660	  10504	   2908	I2C_Display_1602.elf
Finished building: default.size.stdout
 
02:11:10 **** Incremental Build of configuration Debug for project I2C_Display_1602 ****
make -j8 all 
arm-none-eabi-gcc "../Core/Src/main.c" -mcpu=cortex-m3 -std=gnu11 -g3 -DDEBUG -DUSE_HAL_DRIVER -DSTM32F103xB -c -I../Core/Inc -I../Drivers/STM32F1xx_HAL_Driver/Inc/Legacy -I../Drivers/STM32F1xx_HAL_Driver/Inc -I../Drivers/CMSIS/Device/ST/STM32F1xx/Include -I../Drivers/CMSIS/Include -O0 -ffunction-sections -fdata-sections -Wall -fstack-usage -MMD -MP -MF"Core/Src/main.d" -MT"Core/Src/main.o" --specs=nano.specs -mfloat-abi=soft -mthumb -o "Core/Src/main.o"
arm-none-eabi-gcc -o "I2C_Display_1602.elf" @"objects.list"   -mcpu=cortex-m3 -T"D:\github\mc\stm32\I2C_Display_1602\I2C_Display_1602\STM32F103C8TX_FLASH.ld" --specs=nosys.specs -Wl,-Map="I2C_Display_1602.map" -Wl,--gc-sections -static --specs=nano.specs -mfloat-abi=soft -mthumb -Wl,--start-group -lc -lm -Wl,--end-group
Finished building target: I2C_Display_1602.elf
 
arm-none-eabi-size   I2C_Display_1602.elf 
arm-none-eabi-objdump -h -S  I2C_Display_1602.elf  > "I2C_Display_1602.list"
   text	   data	    bss	    dec	    hex	filename
   8820	     36	   1660	  10516	   2914	I2C_Display_1602.elf
Finished building: default.size.stdout
 
Finished building: I2C_Display_1602.list
 
02:12:21 **** Incremental Build of configuration Debug for project I2C_Display_1602 ****
make -j8 all 
arm-none-eabi-gcc "../Core/Src/main.c" -mcpu=cortex-m3 -std=gnu11 -g3 -DDEBUG -DUSE_HAL_DRIVER -DSTM32F103xB -c -I../Core/Inc -I../Drivers/STM32F1xx_HAL_Driver/Inc/Legacy -I../Drivers/STM32F1xx_HAL_Driver/Inc -I../Drivers/CMSIS/Device/ST/STM32F1xx/Include -I../Drivers/CMSIS/Include -O0 -ffunction-sections -fdata-sections -Wall -fstack-usage -MMD -MP -MF"Core/Src/main.d" -MT"Core/Src/main.o" --specs=nano.specs -mfloat-abi=soft -mthumb -o "Core/Src/main.o"
arm-none-eabi-gcc -o "I2C_Display_1602.elf" @"objects.list"   -mcpu=cortex-m3 -T"D:\github\mc\stm32\I2C_Display_1602\I2C_Display_1602\STM32F103C8TX_FLASH.ld" --specs=nosys.specs -Wl,-Map="I2C_Display_1602.map" -Wl,--gc-sections -static --specs=nano.specs -mfloat-abi=soft -mthumb -Wl,--start-group -lc -lm -Wl,--end-group
Finished building target: I2C_Display_1602.elf
 
arm-none-eabi-size   I2C_Display_1602.elf 
arm-none-eabi-objdump -h -S  I2C_Display_1602.elf  > "I2C_Display_1602.list"
   text	   data	    bss	    dec	    hex	filename
   8816	     36	   1660	  10512	   2910	I2C_Display_1602.elf
Finished building: default.size.stdout
 
Finished building: I2C_Display_1602.list
 
02:13:32 **** Incremental Build of configuration Debug for project I2C_Display_1602 ****
make -j8 all 
arm-none-eabi-gcc "../Core/Src/main.c" -mcpu=cortex-m3 -std=gnu11 -g3 -DDEBUG -DUSE_HAL_DRIVER -DSTM32F103xB -c -I../Core/Inc -I../Drivers/STM32F1xx_HAL_Driver/Inc/Legacy -I../Drivers/STM32F1xx_HAL_Driver/Inc -I../Drivers/CMSIS/Device/ST/STM32F1xx/Include -I../Drivers/CMSIS/Include -O0 -ffunction-sections -fdata-sections -Wall -fstack-usage -MMD -MP -MF"Core/Src/main.d" -MT"Core/Src/main.o" --specs=nano.specs -mfloat-abi=soft -mthumb -o "Core/Src/main.o"
arm-none-eabi-gcc -o "I2C_Display_1602.elf" @"objects.list"   -mcpu=cortex-m3 -T"D:\github\mc\stm32\I2C_Display_1602\I2C_Display_1602\STM32F103C8TX_FLASH.ld" --specs=nosys.specs -Wl,-Map="I2C_Display_1602.map" -Wl,--gc-sections -static --specs=nano.specs -mfloat-abi=soft -mthumb -Wl,--start-group -lc -lm -Wl,--end-group
Finished building target: I2C_Display_1602.elf
 
arm-none-eabi-size   I2C_Display_1602.elf 
arm-none-eabi-objdump -h -S  I2C_Display_1602.elf  > "I2C_Display_1602.list"
   text	   data	    bss	    dec	    hex	filename
   8808	     36	   1660	  10504	   2908	I2C_Display_1602.elf
Finished building: default.size.stdout
 
Finished building: I2C_Display_1602.list
 
02:15:16 **** Incremental Build of configuration Debug for project I2C_Display_1602 ****
make -j8 all 
arm-none-eabi-gcc "../Core/Src/main.c" -mcpu=cortex-m3 -std=gnu11 -g3 -DDEBUG -DUSE_HAL_DRIVER -DSTM32F103xB -c -I../Core/Inc -I../Drivers/STM32F1xx_HAL_Driver/Inc/Legacy -I../Drivers/STM32F1xx_HAL_Driver/Inc -I../Drivers/CMSIS/Device/ST/STM32F1xx/Include -I../Drivers/CMSIS/Include -O0 -ffunction-sections -fdata-sections -Wall -fstack-usage -MMD -MP -MF"Core/Src/main.d" -MT"Core/Src/main.o" --specs=nano.specs -mfloat-abi=soft -mthumb -o "Core/Src/main.o"
arm-none-eabi-gcc -o "I2C_Display_1602.elf" @"objects.list"   -mcpu=cortex-m3 -T"D:\github\mc\stm32\I2C_Display_1602\I2C_Display_1602\STM32F103C8TX_FLASH.ld" --specs=nosys.specs -Wl,-Map="I2C_Display_1602.map" -Wl,--gc-sections -static --specs=nano.specs -mfloat-abi=soft -mthumb -Wl,--start-group -lc -lm -Wl,--end-group
Finished building target: I2C_Display_1602.elf
 
arm-none-eabi-size   I2C_Display_1602.elf 
arm-none-eabi-objdump -h -S  I2C_Display_1602.elf  > "I2C_Display_1602.list"
   text	   data	    bss	    dec	    hex	filename
   8808	     36	   1660	  10504	   2908	I2C_Display_1602.elf
Finished building: default.size.stdout
 
Finished building: I2C_Display_1602.list
 
03:19:54 **** Incremental Build of configuration Debug for project I2C_Display_1602 ****
make -j8 all 
arm-none-eabi-gcc "../Core/Src/main.c" -mcpu=cortex-m3 -std=gnu11 -g3 -DDEBUG -DUSE_HAL_DRIVER -DSTM32F103xB -c -I../Core/Inc -I../Drivers/STM32F1xx_HAL_Driver/Inc/Legacy -I../Drivers/STM32F1xx_HAL_Driver/Inc -I../Drivers/CMSIS/Device/ST/STM32F1xx/Include -I../Drivers/CMSIS/Include -O0 -ffunction-sections -fdata-sections -Wall -fstack-usage -MMD -MP -MF"Core/Src/main.d" -MT"Core/Src/main.o" --specs=nano.specs -mfloat-abi=soft -mthumb -o "Core/Src/main.o"
arm-none-eabi-gcc -o "I2C_Display_1602.elf" @"objects.list"   -mcpu=cortex-m3 -T"D:\github\mc\stm32\I2C_Display_1602\I2C_Display_1602\STM32F103C8TX_FLASH.ld" --specs=nosys.specs -Wl,-Map="I2C_Display_1602.map" -Wl,--gc-sections -static --specs=nano.specs -mfloat-abi=soft -mthumb -Wl,--start-group -lc -lm -Wl,--end-group
Finished building target: I2C_Display_1602.elf
 
arm-none-eabi-size   I2C_Display_1602.elf 
arm-none-eabi-objdump -h -S  I2C_Display_1602.elf  > "I2C_Display_1602.list"
   text	   data	    bss	    dec	    hex	filename
   8808	     36	   1660	  10504	   2908	I2C_Display_1602.elf
Finished building: default.size.stdout
 
Finished building: I2C_Display_1602.list
 
03:21:07 **** Incremental Build of configuration Debug for project I2C_Display_1602 ****
make -j8 all 
arm-none-eabi-gcc "../Core/Src/main.c" -mcpu=cortex-m3 -std=gnu11 -g3 -DDEBUG -DUSE_HAL_DRIVER -DSTM32F103xB -c -I../Core/Inc -I../Drivers/STM32F1xx_HAL_Driver/Inc/Legacy -I../Drivers/STM32F1xx_HAL_Driver/Inc -I../Drivers/CMSIS/Device/ST/STM32F1xx/Include -I../Drivers/CMSIS/Include -O0 -ffunction-sections -fdata-sections -Wall -fstack-usage -MMD -MP -MF"Core/Src/main.d" -MT"Core/Src/main.o" --specs=nano.specs -mfloat-abi=soft -mthumb -o "Core/Src/main.o"
arm-none-eabi-gcc -o "I2C_Display_1602.elf" @"objects.list"   -mcpu=cortex-m3 -T"D:\github\mc\stm32\I2C_Display_1602\I2C_Display_1602\STM32F103C8TX_FLASH.ld" --specs=nosys.specs -Wl,-Map="I2C_Display_1602.map" -Wl,--gc-sections -static --specs=nano.specs -mfloat-abi=soft -mthumb -Wl,--start-group -lc -lm -Wl,--end-group
Finished building target: I2C_Display_1602.elf
 
arm-none-eabi-size   I2C_Display_1602.elf 
arm-none-eabi-objdump -h -S  I2C_Display_1602.elf  > "I2C_Display_1602.list"
   text	   data	    bss	    dec	    hex	filename
   8816	     36	   1660	  10512	   2910	I2C_Display_1602.elf
Finished building: default.size.stdout
 
Finished building: I2C_Display_1602.list
 
