19:04:25 **** Incremental Build of configuration Debug for project Button_contacts_rattle ****
make -j8 all 
arm-none-eabi-gcc "../Core/Src/main.c" -mcpu=cortex-m3 -std=gnu11 -g3 -DDEBUG -DUSE_HAL_DRIVER -DSTM32F103xB -c -I../Core/Inc -I../Drivers/STM32F1xx_HAL_Driver/Inc/Legacy -I../Drivers/STM32F1xx_HAL_Driver/Inc -I../Drivers/CMSIS/Device/ST/STM32F1xx/Include -I../Drivers/CMSIS/Include -O0 -ffunction-sections -fdata-sections -Wall -fstack-usage -MMD -MP -MF"Core/Src/main.d" -MT"Core/Src/main.o" --specs=nano.specs -mfloat-abi=soft -mthumb -o "Core/Src/main.o"
arm-none-eabi-gcc -o "Button_contacts_rattle.elf" @"objects.list"   -mcpu=cortex-m3 -T"D:\github\mc\stm32\Button_contacts_rattle\Button_contacts_rattle\STM32F103C8TX_FLASH.ld" --specs=nosys.specs -Wl,-Map="Button_contacts_rattle.map" -Wl,--gc-sections -static --specs=nano.specs -mfloat-abi=soft -mthumb -Wl,--start-group -lc -lm -Wl,--end-group
Finished building target: Button_contacts_rattle.elf
 
arm-none-eabi-size   Button_contacts_rattle.elf 
arm-none-eabi-objdump -h -S  Button_contacts_rattle.elf  > "Button_contacts_rattle.list"
   text	   data	    bss	    dec	    hex	filename
   4696	     20	   1572	   6288	   1890	Button_contacts_rattle.elf
Finished building: default.size.stdout
 
Finished building: Button_contacts_rattle.list
 
19:04:31 **** Incremental Build of configuration Debug for project Button_contacts_rattle ****
make -j8 all 
arm-none-eabi-size   Button_contacts_rattle.elf 
   text	   data	    bss	    dec	    hex	filename
   4696	     20	   1572	   6288	   1890	Button_contacts_rattle.elf
Finished building: default.size.stdout
 
03:23:12 **** Incremental Build of configuration Debug for project Button_contacts_rattle ****
make -j8 all 
arm-none-eabi-gcc "../Core/Src/main.c" -mcpu=cortex-m3 -std=gnu11 -g3 -DDEBUG -DUSE_HAL_DRIVER -DSTM32F103xB -c -I../Core/Inc -I../Drivers/STM32F1xx_HAL_Driver/Inc/Legacy -I../Drivers/STM32F1xx_HAL_Driver/Inc -I../Drivers/CMSIS/Device/ST/STM32F1xx/Include -I../Drivers/CMSIS/Include -O0 -ffunction-sections -fdata-sections -Wall -fstack-usage -MMD -MP -MF"Core/Src/main.d" -MT"Core/Src/main.o" --specs=nano.specs -mfloat-abi=soft -mthumb -o "Core/Src/main.o"
arm-none-eabi-gcc -o "Button_contacts_rattle.elf" @"objects.list"   -mcpu=cortex-m3 -T"D:\github\mc\stm32\Button_contacts_rattle\Button_contacts_rattle\STM32F103C8TX_FLASH.ld" --specs=nosys.specs -Wl,-Map="Button_contacts_rattle.map" -Wl,--gc-sections -static --specs=nano.specs -mfloat-abi=soft -mthumb -Wl,--start-group -lc -lm -Wl,--end-group
Finished building target: Button_contacts_rattle.elf
 
arm-none-eabi-size   Button_contacts_rattle.elf 
arm-none-eabi-objdump -h -S  Button_contacts_rattle.elf  > "Button_contacts_rattle.list"
   text	   data	    bss	    dec	    hex	filename
   4696	     20	   1572	   6288	   1890	Button_contacts_rattle.elf
Finished building: default.size.stdout
 
Finished building: Button_contacts_rattle.list
 
03:25:13 **** Incremental Build of configuration Debug for project Button_contacts_rattle ****
make -j8 all 
arm-none-eabi-size   Button_contacts_rattle.elf 
   text	   data	    bss	    dec	    hex	filename
   4696	     20	   1572	   6288	   1890	Button_contacts_rattle.elf
Finished building: default.size.stdout
 
03:25:20 **** Incremental Build of configuration Debug for project Button_contacts_rattle ****
make -j8 all 
arm-none-eabi-size   Button_contacts_rattle.elf 
   text	   data	    bss	    dec	    hex	filename
   4696	     20	   1572	   6288	   1890	Button_contacts_rattle.elf
Finished building: default.size.stdout
 
