18:37:11 **** Incremental Build of configuration Debug for project test2 ****
make -j8 all 
arm-none-eabi-gcc "../Core/Src/main.c" -mcpu=cortex-m3 -std=gnu11 -g3 -DDEBUG -DUSE_HAL_DRIVER -DSTM32F103xB -c -I../Core/Inc -I../Drivers/STM32F1xx_HAL_Driver/Inc -I../Drivers/STM32F1xx_HAL_Driver/Inc/Legacy -I../Drivers/CMSIS/Device/ST/STM32F1xx/Include -I../Drivers/CMSIS/Include -O0 -ffunction-sections -fdata-sections -Wall -fstack-usage -MMD -MP -MF"Core/Src/main.d" -MT"Core/Src/main.o" --specs=nano.specs -mfloat-abi=soft -mthumb -o "Core/Src/main.o"
../Core/Src/main.c: In function 'main':
../Core/Src/main.c:97:8: warning: variable 'i' set but not used [-Wunused-but-set-variable]
   97 |    int i = 5;
      |        ^
../Core/Src/main.c:96:9: warning: variable 'b' set but not used [-Wunused-but-set-variable]
   96 |    bool b = HAL_GPIO_ReadPin(GPIOC, GPIO_PIN_13);
      |         ^
arm-none-eabi-gcc -o "test2.elf" @"objects.list"   -mcpu=cortex-m3 -T"D:\github\mc\stm32\test2\test2\STM32F103C8TX_FLASH.ld" --specs=nosys.specs -Wl,-Map="test2.map" -Wl,--gc-sections -static --specs=nano.specs -mfloat-abi=soft -mthumb -Wl,--start-group -lc -lm -Wl,--end-group
Finished building target: test2.elf
 
arm-none-eabi-size   test2.elf 
arm-none-eabi-objdump -h -S  test2.elf  > "test2.list"
   text	   data	    bss	    dec	    hex	filename
   4844	     20	   1572	   6436	   1924	test2.elf
Finished building: default.size.stdout
 
Finished building: test2.list
 
18:37:15 **** Incremental Build of configuration Debug for project test2 ****
make -j8 all 
arm-none-eabi-size   test2.elf 
   text	   data	    bss	    dec	    hex	filename
   4844	     20	   1572	   6436	   1924	test2.elf
Finished building: default.size.stdout
 
