03:16:55 **** Incremental Build of configuration Debug for project PWM_Timer_ LED ****
make -j8 all 
arm-none-eabi-gcc "../Core/Src/main.c" -mcpu=cortex-m3 -std=gnu11 -g3 -DDEBUG -DUSE_HAL_DRIVER -DSTM32F103xB -c -I../Core/Inc -I../Drivers/STM32F1xx_HAL_Driver/Inc/Legacy -I../Drivers/STM32F1xx_HAL_Driver/Inc -I../Drivers/CMSIS/Device/ST/STM32F1xx/Include -I../Drivers/CMSIS/Include -O0 -ffunction-sections -fdata-sections -Wall -fstack-usage -MMD -MP -MF"Core/Src/main.d" -MT"Core/Src/main.o" --specs=nano.specs -mfloat-abi=soft -mthumb -o "Core/Src/main.o"
arm-none-eabi-gcc -o "PWM_Timer_ LED.elf" @"objects.list"   -mcpu=cortex-m3 -T"D:\github\mc\stm32\PWM_Timer_ LED\PWM_Timer_ LED\STM32F103C8TX_FLASH.ld" --specs=nosys.specs -Wl,-Map="PWM_Timer_ LED.map" -Wl,--gc-sections -static --specs=nano.specs -mfloat-abi=soft -mthumb -Wl,--start-group -lc -lm -Wl,--end-group
Finished building target: PWM_Timer_ LED.elf
 
arm-none-eabi-size   PWM_Timer_\ LED.elf 
arm-none-eabi-objdump -h -S  PWM_Timer_\ LED.elf  > "PWM_Timer_ LED.list"
   text	   data	    bss	    dec	    hex	filename
   7884	     20	   1644	   9548	   254c	PWM_Timer_ LED.elf
Finished building: default.size.stdout
 
Finished building: PWM_Timer_ LED.list
 

03:16:56 Build Finished. 0 errors, 0 warnings. (took 659ms)

