02:38:43 **** Incremental Build of configuration Debug for project SPI_SD_CARD ****
make -j8 all 
arm-none-eabi-gcc "../Core/Src/main.c" -mcpu=cortex-m3 -std=gnu11 -g3 -DDEBUG -DUSE_HAL_DRIVER -DSTM32F103xB -c -I../Core/Inc -I../Drivers/STM32F1xx_HAL_Driver/Inc/Legacy -I../Drivers/STM32F1xx_HAL_Driver/Inc -I../Drivers/CMSIS/Device/ST/STM32F1xx/Include -I../Drivers/CMSIS/Include -I../FATFS/Target -I../FATFS/App -I../Middlewares/Third_Party/FatFs/src -O0 -ffunction-sections -fdata-sections -Wall -fstack-usage -MMD -MP -MF"Core/Src/main.d" -MT"Core/Src/main.o" --specs=nano.specs -mfloat-abi=soft -mthumb -o "Core/Src/main.o"
arm-none-eabi-gcc -o "SPI_SD_CARD.elf" @"objects.list"   -mcpu=cortex-m3 -T"D:\github\mc\stm32\SPI_SD_CARD\SPI_SD_CARD\STM32F103C8TX_FLASH.ld" --specs=nosys.specs -Wl,-Map="SPI_SD_CARD.map" -Wl,--gc-sections -static --specs=nano.specs -mfloat-abi=soft -mthumb -Wl,--start-group -lc -lm -Wl,--end-group
Finished building target: SPI_SD_CARD.elf
 
arm-none-eabi-size   SPI_SD_CARD.elf 
arm-none-eabi-objdump -h -S  SPI_SD_CARD.elf  > "SPI_SD_CARD.list"
   text	   data	    bss	    dec	    hex	filename
  27072	     44	  10516	  37632	   9300	SPI_SD_CARD.elf
Finished building: default.size.stdout
 
Finished building: SPI_SD_CARD.list
 
02:38:45 **** Incremental Build of configuration Debug for project SPI_SD_CARD ****
make -j8 all 
arm-none-eabi-size   SPI_SD_CARD.elf 
   text	   data	    bss	    dec	    hex	filename
  27072	     44	  10516	  37632	   9300	SPI_SD_CARD.elf
Finished building: default.size.stdout
 
