17:20:13 **** Incremental Build of configuration Debug for project Stepper_Motor_NEMA_17_A4988 ****
make -j8 all 
arm-none-eabi-gcc "../Core/Src/main.c" -mcpu=cortex-m3 -std=gnu11 -g3 -DDEBUG -DUSE_HAL_DRIVER -DSTM32F103xB -c -I../Core/Inc -I../Drivers/STM32F1xx_HAL_Driver/Inc/Legacy -I../Drivers/STM32F1xx_HAL_Driver/Inc -I../Drivers/CMSIS/Device/ST/STM32F1xx/Include -I../Drivers/CMSIS/Include -O0 -ffunction-sections -fdata-sections -Wall -fstack-usage -MMD -MP -MF"Core/Src/main.d" -MT"Core/Src/main.o" --specs=nano.specs -mfloat-abi=soft -mthumb -o "Core/Src/main.o"
arm-none-eabi-gcc -o "Stepper_Motor_NEMA_17_A4988.elf" @"objects.list"   -mcpu=cortex-m3 -T"D:\github\mc\stm32\Stepper_Motor_NEMA_17_A4988\Stepper_Motor_NEMA_17_A4988\STM32F103C8TX_FLASH.ld" --specs=nosys.specs -Wl,-Map="Stepper_Motor_NEMA_17_A4988.map" -Wl,--gc-sections -static --specs=nano.specs -mfloat-abi=soft -mthumb -Wl,--start-group -lc -lm -Wl,--end-group
Finished building target: Stepper_Motor_NEMA_17_A4988.elf
 
arm-none-eabi-size   Stepper_Motor_NEMA_17_A4988.elf 
arm-none-eabi-objdump -h -S  Stepper_Motor_NEMA_17_A4988.elf  > "Stepper_Motor_NEMA_17_A4988.list"
   text	   data	    bss	    dec	    hex	filename
   6432	     20	   1644	   8096	   1fa0	Stepper_Motor_NEMA_17_A4988.elf
Finished building: default.size.stdout
Finished building: Stepper_Motor_NEMA_17_A4988.list
 
 
17:20:19 **** Incremental Build of configuration Debug for project Stepper_Motor_NEMA_17_A4988 ****
make -j8 all 
arm-none-eabi-size   Stepper_Motor_NEMA_17_A4988.elf 
   text	   data	    bss	    dec	    hex	filename
   6432	     20	   1644	   8096	   1fa0	Stepper_Motor_NEMA_17_A4988.elf
Finished building: default.size.stdout
 
