04:35:43 **** Incremental Build of configuration Debug for project 7_Segment_Display ****
make -j8 all 
arm-none-eabi-gcc "../Core/Src/main.c" -mcpu=cortex-m3 -std=gnu11 -g3 -DDEBUG -DUSE_HAL_DRIVER -DSTM32F103xB -c -I../Core/Inc -I../Drivers/STM32F1xx_HAL_Driver/Inc/Legacy -I../Drivers/STM32F1xx_HAL_Driver/Inc -I../Drivers/CMSIS/Device/ST/STM32F1xx/Include -I../Drivers/CMSIS/Include -O0 -ffunction-sections -fdata-sections -Wall -fstack-usage -MMD -MP -MF"Core/Src/main.d" -MT"Core/Src/main.o" --specs=nano.specs -mfloat-abi=soft -mthumb -o "Core/Src/main.o"
arm-none-eabi-gcc -o "7_Segment_Display.elf" @"objects.list"   -mcpu=cortex-m3 -T"D:\github\mc\stm32\7_Segment_Display\7_Segment_Display\STM32F103C8TX_FLASH.ld" --specs=nosys.specs -Wl,-Map="7_Segment_Display.map" -Wl,--gc-sections -static --specs=nano.specs -mfloat-abi=soft -mthumb -Wl,--start-group -lc -lm -Wl,--end-group
Finished building target: 7_Segment_Display.elf
 
arm-none-eabi-size   7_Segment_Display.elf 
arm-none-eabi-objdump -h -S  7_Segment_Display.elf  > "7_Segment_Display.list"
   text	   data	    bss	    dec	    hex	filename
   5304	     20	   1572	   6896	   1af0	7_Segment_Display.elf
Finished building: default.size.stdout
 
Finished building: 7_Segment_Display.list
 

04:35:44 Build Finished. 0 errors, 0 warnings. (took 613ms)

