23:45:31 **** Incremental Build of configuration Debug for project Modbus_master_qurey ****
make -j8 all 
arm-none-eabi-size   Modbus_master_qurey.elf 
   text	   data	    bss	    dec	    hex	filename
   8976	     20	   1700	  10696	   29c8	Modbus_master_qurey.elf
Finished building: default.size.stdout
 
23:45:37 **** Incremental Build of configuration Debug for project Modbus_master_qurey ****
make -j8 all 
arm-none-eabi-size   Modbus_master_qurey.elf 
   text	   data	    bss	    dec	    hex	filename
   8976	     20	   1700	  10696	   29c8	Modbus_master_qurey.elf
Finished building: default.size.stdout
 
00:12:05 **** Incremental Build of configuration Debug for project Modbus_master_qurey ****
make -j8 all 
arm-none-eabi-size   Modbus_master_qurey.elf 
   text	   data	    bss	    dec	    hex	filename
   8976	     20	   1700	  10696	   29c8	Modbus_master_qurey.elf
Finished building: default.size.stdout
 
00:24:26 **** Incremental Build of configuration Debug for project Modbus_master_qurey ****
make -j8 all 
arm-none-eabi-size   Modbus_master_qurey.elf 
   text	   data	    bss	    dec	    hex	filename
   8976	     20	   1700	  10696	   29c8	Modbus_master_qurey.elf
Finished building: default.size.stdout
 
00:25:41 **** Incremental Build of configuration Debug for project Modbus_master_qurey ****
make -j8 all 
arm-none-eabi-size   Modbus_master_qurey.elf 
   text	   data	    bss	    dec	    hex	filename
   8976	     20	   1700	  10696	   29c8	Modbus_master_qurey.elf
Finished building: default.size.stdout
 
00:27:23 **** Incremental Build of configuration Debug for project Modbus_master_qurey ****
make -j8 all 
arm-none-eabi-size   Modbus_master_qurey.elf 
   text	   data	    bss	    dec	    hex	filename
   8976	     20	   1700	  10696	   29c8	Modbus_master_qurey.elf
Finished building: default.size.stdout
 
00:28:06 **** Incremental Build of configuration Debug for project Modbus_master_qurey ****
make -j8 all 
arm-none-eabi-size   Modbus_master_qurey.elf 
   text	   data	    bss	    dec	    hex	filename
   8976	     20	   1700	  10696	   29c8	Modbus_master_qurey.elf
Finished building: default.size.stdout
 
00:29:06 **** Incremental Build of configuration Debug for project Modbus_master_qurey ****
make -j8 all 
arm-none-eabi-size   Modbus_master_qurey.elf 
   text	   data	    bss	    dec	    hex	filename
   8976	     20	   1700	  10696	   29c8	Modbus_master_qurey.elf
Finished building: default.size.stdout
 
00:30:33 **** Incremental Build of configuration Debug for project Modbus_master_qurey ****
make -j8 all 
arm-none-eabi-size   Modbus_master_qurey.elf 
   text	   data	    bss	    dec	    hex	filename
   8976	     20	   1700	  10696	   29c8	Modbus_master_qurey.elf
Finished building: default.size.stdout
 
00:33:23 **** Incremental Build of configuration Debug for project Modbus_master_qurey ****
make -j8 all 
arm-none-eabi-size   Modbus_master_qurey.elf 
   text	   data	    bss	    dec	    hex	filename
   8976	     20	   1700	  10696	   29c8	Modbus_master_qurey.elf
Finished building: default.size.stdout
 
00:34:02 **** Incremental Build of configuration Debug for project Modbus_master_qurey ****
make -j8 all 
arm-none-eabi-size   Modbus_master_qurey.elf 
   text	   data	    bss	    dec	    hex	filename
   8976	     20	   1700	  10696	   29c8	Modbus_master_qurey.elf
Finished building: default.size.stdout
 
00:35:46 **** Incremental Build of configuration Debug for project Modbus_master_qurey ****
make -j8 all 
arm-none-eabi-size   Modbus_master_qurey.elf 
   text	   data	    bss	    dec	    hex	filename
   8976	     20	   1700	  10696	   29c8	Modbus_master_qurey.elf
Finished building: default.size.stdout
 
