03:50:53 **** Incremental Build of configuration Debug for project Relay_5V ****
make -j8 all 
arm-none-eabi-gcc "../Core/Src/main.c" -mcpu=cortex-m3 -std=gnu11 -g3 -DDEBUG -DUSE_HAL_DRIVER -DSTM32F103xB -c -I../Core/Inc -I../Drivers/STM32F1xx_HAL_Driver/Inc/Legacy -I../Drivers/STM32F1xx_HAL_Driver/Inc -I../Drivers/CMSIS/Device/ST/STM32F1xx/Include -I../Drivers/CMSIS/Include -O0 -ffunction-sections -fdata-sections -Wall -fstack-usage -MMD -MP -MF"Core/Src/main.d" -MT"Core/Src/main.o" --specs=nano.specs -mfloat-abi=soft -mthumb -o "Core/Src/main.o"
arm-none-eabi-gcc -o "Relay_5V.elf" @"objects.list"   -mcpu=cortex-m3 -T"D:\github\mc\stm32\Relay_5V\Relay_5V\STM32F103C8TX_FLASH.ld" --specs=nosys.specs -Wl,-Map="Relay_5V.map" -Wl,--gc-sections -static --specs=nano.specs -mfloat-abi=soft -mthumb -Wl,--start-group -lc -lm -Wl,--end-group
Finished building target: Relay_5V.elf
 
arm-none-eabi-size   Relay_5V.elf 
arm-none-eabi-objdump -h -S  Relay_5V.elf  > "Relay_5V.list"
   text	   data	    bss	    dec	    hex	filename
   4616	     20	   1572	   6208	   1840	Relay_5V.elf
Finished building: default.size.stdout
 
Finished building: Relay_5V.list
 
03:50:57 **** Incremental Build of configuration Debug for project Relay_5V ****
make -j8 all 
arm-none-eabi-size   Relay_5V.elf 
   text	   data	    bss	    dec	    hex	filename
   4616	     20	   1572	   6208	   1840	Relay_5V.elf
Finished building: default.size.stdout
 
