04:00:22 **** Incremental Build of configuration Debug for project ADC_Potentiometer ****
make -j8 all 
arm-none-eabi-gcc "../Core/Src/main.c" -mcpu=cortex-m3 -std=gnu11 -g3 -DDEBUG -DUSE_HAL_DRIVER -DSTM32F103xB -c -I../Core/Inc -I../Drivers/STM32F1xx_HAL_Driver/Inc/Legacy -I../Drivers/STM32F1xx_HAL_Driver/Inc -I../Drivers/CMSIS/Device/ST/STM32F1xx/Include -I../Drivers/CMSIS/Include -O0 -ffunction-sections -fdata-sections -Wall -fstack-usage -MMD -MP -MF"Core/Src/main.d" -MT"Core/Src/main.o" --specs=nano.specs -mfloat-abi=soft -mthumb -o "Core/Src/main.o"
arm-none-eabi-gcc -o "ADC_Potentiometer.elf" @"objects.list"   -mcpu=cortex-m3 -T"D:\github\mc\stm32\ADC_Potentiometer\ADC_Potentiometer\STM32F103C8TX_FLASH.ld" --specs=nosys.specs -Wl,-Map="ADC_Potentiometer.map" -Wl,--gc-sections -static --specs=nano.specs -mfloat-abi=soft -mthumb -Wl,--start-group -lc -lm -Wl,--end-group
Finished building target: ADC_Potentiometer.elf
 
arm-none-eabi-size   ADC_Potentiometer.elf 
arm-none-eabi-objdump -h -S  ADC_Potentiometer.elf  > "ADC_Potentiometer.list"
   text	   data	    bss	    dec	    hex	filename
   7856	     20	   1620	   9496	   2518	ADC_Potentiometer.elf
Finished building: default.size.stdout
 
Finished building: ADC_Potentiometer.list
 
04:00:28 **** Incremental Build of configuration Debug for project ADC_Potentiometer ****
make -j8 all 
arm-none-eabi-size   ADC_Potentiometer.elf 
   text	   data	    bss	    dec	    hex	filename
   7856	     20	   1620	   9496	   2518	ADC_Potentiometer.elf
Finished building: default.size.stdout
 
04:00:57 **** Incremental Build of configuration Debug for project ADC_Potentiometer ****
make -j8 all 
arm-none-eabi-size   ADC_Potentiometer.elf 
   text	   data	    bss	    dec	    hex	filename
   7856	     20	   1620	   9496	   2518	ADC_Potentiometer.elf
Finished building: default.size.stdout
 
