###############################################################################
#
# IAR ELF Linker V8.30.1.114/W32 for ARM                  11/Apr/2021  17:51:15
# Copyright 2007-2018 IAR Systems AB.
#
#    Output file  =  
#        C:\Users\Eremin\Documents\IAR Embedded
#        Workbench\arm\8.30.1\ST\STM32F1xx\CanLessons3\CanLessons3\EWARM\CanLessons3\Exe\CanLessons3.out
#    Map file     =  
#        C:\Users\Eremin\Documents\IAR Embedded
#        Workbench\arm\8.30.1\ST\STM32F1xx\CanLessons3\CanLessons3\EWARM\CanLessons3\List\CanLessons3.map
#    Command line =  
#        -f C:\Users\Eremin\AppData\Local\Temp\EW859.tmp
#        ("C:\Users\Eremin\Documents\IAR Embedded
#        Workbench\arm\8.30.1\ST\STM32F1xx\CanLessons3\CanLessons3\EWARM\CanLessons3\Obj\main.o"
#        "C:\Users\Eremin\Documents\IAR Embedded
#        Workbench\arm\8.30.1\ST\STM32F1xx\CanLessons3\CanLessons3\EWARM\CanLessons3\Obj\startup_stm32f103xb.o"
#        "C:\Users\Eremin\Documents\IAR Embedded
#        Workbench\arm\8.30.1\ST\STM32F1xx\CanLessons3\CanLessons3\EWARM\CanLessons3\Obj\stm32f1xx_hal.o"
#        "C:\Users\Eremin\Documents\IAR Embedded
#        Workbench\arm\8.30.1\ST\STM32F1xx\CanLessons3\CanLessons3\EWARM\CanLessons3\Obj\stm32f1xx_hal_can.o"
#        "C:\Users\Eremin\Documents\IAR Embedded
#        Workbench\arm\8.30.1\ST\STM32F1xx\CanLessons3\CanLessons3\EWARM\CanLessons3\Obj\stm32f1xx_hal_cortex.o"
#        "C:\Users\Eremin\Documents\IAR Embedded
#        Workbench\arm\8.30.1\ST\STM32F1xx\CanLessons3\CanLessons3\EWARM\CanLessons3\Obj\stm32f1xx_hal_dma.o"
#        "C:\Users\Eremin\Documents\IAR Embedded
#        Workbench\arm\8.30.1\ST\STM32F1xx\CanLessons3\CanLessons3\EWARM\CanLessons3\Obj\stm32f1xx_hal_exti.o"
#        "C:\Users\Eremin\Documents\IAR Embedded
#        Workbench\arm\8.30.1\ST\STM32F1xx\CanLessons3\CanLessons3\EWARM\CanLessons3\Obj\stm32f1xx_hal_flash.o"
#        "C:\Users\Eremin\Documents\IAR Embedded
#        Workbench\arm\8.30.1\ST\STM32F1xx\CanLessons3\CanLessons3\EWARM\CanLessons3\Obj\stm32f1xx_hal_flash_ex.o"
#        "C:\Users\Eremin\Documents\IAR Embedded
#        Workbench\arm\8.30.1\ST\STM32F1xx\CanLessons3\CanLessons3\EWARM\CanLessons3\Obj\stm32f1xx_hal_gpio.o"
#        "C:\Users\Eremin\Documents\IAR Embedded
#        Workbench\arm\8.30.1\ST\STM32F1xx\CanLessons3\CanLessons3\EWARM\CanLessons3\Obj\stm32f1xx_hal_gpio_ex.o"
#        "C:\Users\Eremin\Documents\IAR Embedded
#        Workbench\arm\8.30.1\ST\STM32F1xx\CanLessons3\CanLessons3\EWARM\CanLessons3\Obj\stm32f1xx_hal_msp.o"
#        "C:\Users\Eremin\Documents\IAR Embedded
#        Workbench\arm\8.30.1\ST\STM32F1xx\CanLessons3\CanLessons3\EWARM\CanLessons3\Obj\stm32f1xx_hal_pwr.o"
#        "C:\Users\Eremin\Documents\IAR Embedded
#        Workbench\arm\8.30.1\ST\STM32F1xx\CanLessons3\CanLessons3\EWARM\CanLessons3\Obj\stm32f1xx_hal_rcc.o"
#        "C:\Users\Eremin\Documents\IAR Embedded
#        Workbench\arm\8.30.1\ST\STM32F1xx\CanLessons3\CanLessons3\EWARM\CanLessons3\Obj\stm32f1xx_hal_rcc_ex.o"
#        "C:\Users\Eremin\Documents\IAR Embedded
#        Workbench\arm\8.30.1\ST\STM32F1xx\CanLessons3\CanLessons3\EWARM\CanLessons3\Obj\stm32f1xx_hal_tim.o"
#        "C:\Users\Eremin\Documents\IAR Embedded
#        Workbench\arm\8.30.1\ST\STM32F1xx\CanLessons3\CanLessons3\EWARM\CanLessons3\Obj\stm32f1xx_hal_tim_ex.o"
#        "C:\Users\Eremin\Documents\IAR Embedded
#        Workbench\arm\8.30.1\ST\STM32F1xx\CanLessons3\CanLessons3\EWARM\CanLessons3\Obj\stm32f1xx_it.o"
#        "C:\Users\Eremin\Documents\IAR Embedded
#        Workbench\arm\8.30.1\ST\STM32F1xx\CanLessons3\CanLessons3\EWARM\CanLessons3\Obj\system_stm32f1xx.o"
#        --redirect _Printf=_PrintfFullNoMb --redirect _Scanf=_ScanfFullNoMb
#        --no_out_extension -o "C:\Users\Eremin\Documents\IAR Embedded
#        Workbench\arm\8.30.1\ST\STM32F1xx\CanLessons3\CanLessons3\EWARM\CanLessons3\Exe\CanLessons3.out"
#        --map "C:\Users\Eremin\Documents\IAR Embedded
#        Workbench\arm\8.30.1\ST\STM32F1xx\CanLessons3\CanLessons3\EWARM\CanLessons3\List\CanLessons3.map"
#        --config "C:\Program Files (x86)\IAR Systems\Embedded Workbench
#        8.1\arm\config\linker\ST\stm32f103x8.icf" --semihosting --entry
#        __iar_program_start --vfe --text_out locale)
#
###############################################################################

*******************************************************************************
*** RUNTIME MODEL ATTRIBUTES
***

CppFlavor       = *
__SystemLibrary = DLib
__dlib_version  = 6


*******************************************************************************
*** HEAP SELECTION
***

The basic heap was selected because no calls to memory allocation
functions were found in the application outside of system library
functions, and there are calls to deallocation functions in the
application.


*******************************************************************************
*** PLACEMENT SUMMARY
***

"A0":  place at 0x800'0000 { ro section .intvec };
"P1":  place in [from 0x800'0000 to 0x800'ffff] { ro };
define block CSTACK with size = 2K, alignment = 8 { };
define block HEAP with size = 2K, alignment = 8 { };
"P2":  place in [from 0x2000'0000 to 0x2000'4fff] {
          rw, block CSTACK, block HEAP };
initialize by copy { rw };

  Section            Kind         Address    Size  Object
  -------            ----         -------    ----  ------
"A0":                                        0xec
  .intvec            ro code   0x800'0000    0xec  startup_stm32f103xb.o [1]
                             - 0x800'00ec    0xec

"P1":                                      0x182a
  .text              ro code   0x800'00ec   0x790  stm32f1xx_hal_can.o [1]
  .text              ro code   0x800'087c    0xe0  stm32f1xx_hal_msp.o [1]
  .text              ro code   0x800'095c     0xc  stm32f1xx_hal.o [1]
  .text              ro code   0x800'0968   0x26c  main.o [1]
  .text              ro code   0x800'0bd4     0x2  stm32f1xx_hal_can.o [1]
  .text              ro code   0x800'0bd6     0x2  stm32f1xx_hal_can.o [1]
  .text              ro code   0x800'0bd8     0x2  stm32f1xx_hal_can.o [1]
  .text              ro code   0x800'0bda     0x2  stm32f1xx_hal_can.o [1]
  .text              ro code   0x800'0bdc     0x2  stm32f1xx_hal_can.o [1]
  .text              ro code   0x800'0bde     0x2  stm32f1xx_hal_can.o [1]
  .text              ro code   0x800'0be0     0x2  stm32f1xx_hal_can.o [1]
  .text              ro code   0x800'0be2     0x2  stm32f1xx_hal_can.o [1]
  .text              ro code   0x800'0be4     0x2  stm32f1xx_hal_can.o [1]
  .text              ro code   0x800'0be6     0x2  stm32f1xx_hal_can.o [1]
  .text              ro code   0x800'0be8     0x2  stm32f1xx_hal_can.o [1]
  .text              ro code   0x800'0bea    0x3a  zero_init3.o [3]
  .text              ro code   0x800'0c24     0x6  ABImemclr4.o [3]
  .rodata            const     0x800'0c2a     0x2  stm32f1xx_hal_rcc.o [1]
  .text              ro code   0x800'0c2c   0x23a  stm32f1xx_hal_gpio.o [1]
  .text              ro code   0x800'0e68   0x12c  stm32f1xx_hal_cortex.o [1]
  .text              ro code   0x800'0f94    0x24  stm32f1xx_hal.o [1]
  .text              ro code   0x800'0fb8    0x28  stm32f1xx_hal.o [1]
  .text              ro code   0x800'0fe0   0x5e4  stm32f1xx_hal_rcc.o [1]
  .text              ro code   0x800'15c4    0x32  ABImemset48.o [3]
  .text              ro code   0x800'15f8    0x4c  stm32f1xx_hal.o [1]
  .text              ro code   0x800'1644    0x86  ABImemcpy.o [3]
  .text              ro code   0x800'16cc    0x88  stm32f1xx_it.o [1]
  .text              ro code   0x800'1754    0x18  stm32f1xx_hal.o [1]
  .text              ro code   0x800'176c    0x2c  copy_init3.o [3]
  .text              ro code   0x800'1798    0x28  data_init.o [3]
  .iar.init_table    const     0x800'17c0    0x24  - Linker created -
  .text              ro code   0x800'17e4    0x1e  cmain.o [3]
  .text              ro code   0x800'1802     0x4  low_level_init.o [2]
  .text              ro code   0x800'1806     0x4  exit.o [2]
  .text              ro code   0x800'180c     0xa  cexit.o [3]
  .text              ro code   0x800'1818    0x14  exit.o [4]
  .rodata            const     0x800'182c    0x10  stm32f1xx_hal_rcc.o [1]
  .rodata            const     0x800'183c    0x10  system_stm32f1xx.o [1]
  .text              ro code   0x800'184c    0x10  startup_stm32f103xb.o [1]
  .text              ro code   0x800'185c     0xc  cstartup_M.o [3]
  Initializer bytes  const     0x800'1868     0xc  <for P2-1>
  .text              ro code   0x800'1874     0x4  startup_stm32f103xb.o [1]
  .text              ro code   0x800'1878     0x4  startup_stm32f103xb.o [1]
  .text              ro code   0x800'187c     0x4  startup_stm32f103xb.o [1]
  .text              ro code   0x800'1880     0x4  startup_stm32f103xb.o [1]
  .text              ro code   0x800'1884     0x4  startup_stm32f103xb.o [1]
  .text              ro code   0x800'1888     0x4  startup_stm32f103xb.o [1]
  .text              ro code   0x800'188c     0x4  startup_stm32f103xb.o [1]
  .text              ro code   0x800'1890     0x4  startup_stm32f103xb.o [1]
  .text              ro code   0x800'1894     0x4  startup_stm32f103xb.o [1]
  .text              ro code   0x800'1898     0x4  startup_stm32f103xb.o [1]
  .text              ro code   0x800'189c     0x4  startup_stm32f103xb.o [1]
  .text              ro code   0x800'18a0     0x4  startup_stm32f103xb.o [1]
  .text              ro code   0x800'18a4     0x4  startup_stm32f103xb.o [1]
  .text              ro code   0x800'18a8     0x4  startup_stm32f103xb.o [1]
  .text              ro code   0x800'18ac     0x4  startup_stm32f103xb.o [1]
  .text              ro code   0x800'18b0     0x4  startup_stm32f103xb.o [1]
  .text              ro code   0x800'18b4     0x4  startup_stm32f103xb.o [1]
  .text              ro code   0x800'18b8     0x4  startup_stm32f103xb.o [1]
  .text              ro code   0x800'18bc     0x4  startup_stm32f103xb.o [1]
  .text              ro code   0x800'18c0     0x4  startup_stm32f103xb.o [1]
  .text              ro code   0x800'18c4     0x4  startup_stm32f103xb.o [1]
  .text              ro code   0x800'18c8     0x4  startup_stm32f103xb.o [1]
  .text              ro code   0x800'18cc     0x4  startup_stm32f103xb.o [1]
  .text              ro code   0x800'18d0     0x4  startup_stm32f103xb.o [1]
  .text              ro code   0x800'18d4     0x4  startup_stm32f103xb.o [1]
  .text              ro code   0x800'18d8     0x4  startup_stm32f103xb.o [1]
  .text              ro code   0x800'18dc     0x4  startup_stm32f103xb.o [1]
  .text              ro code   0x800'18e0     0x4  startup_stm32f103xb.o [1]
  .text              ro code   0x800'18e4     0x4  startup_stm32f103xb.o [1]
  .text              ro code   0x800'18e8     0x4  startup_stm32f103xb.o [1]
  .text              ro code   0x800'18ec     0x4  startup_stm32f103xb.o [1]
  .text              ro code   0x800'18f0     0x4  startup_stm32f103xb.o [1]
  .text              ro code   0x800'18f4     0x4  startup_stm32f103xb.o [1]
  .text              ro code   0x800'18f8     0x4  startup_stm32f103xb.o [1]
  .text              ro code   0x800'18fc     0x4  startup_stm32f103xb.o [1]
  .text              ro code   0x800'1900     0x4  startup_stm32f103xb.o [1]
  .text              ro code   0x800'1904     0x4  startup_stm32f103xb.o [1]
  .text              ro code   0x800'1908     0x4  startup_stm32f103xb.o [1]
  .text              ro code   0x800'190c     0x4  startup_stm32f103xb.o [1]
  .text              ro code   0x800'1910     0x4  startup_stm32f103xb.o [1]
  .text              ro code   0x800'1914     0x2  system_stm32f1xx.o [1]
  .rodata            const     0x800'1916     0x0  zero_init3.o [3]
  .rodata            const     0x800'1916     0x0  copy_init3.o [3]
                             - 0x800'1916  0x182a

"P2", part 1 of 3:                            0xc
  P2-1                        0x2000'0000     0x9  <Init block>
    .data            inited   0x2000'0000     0x4  stm32f1xx_hal.o [1]
    .data            inited   0x2000'0004     0x4  system_stm32f1xx.o [1]
    .data            inited   0x2000'0008     0x1  stm32f1xx_hal.o [1]
                            - 0x2000'0009     0x9

"P2", part 2 of 3:                           0xa0
  .bss               zero     0x2000'000c    0x28  main.o [1]
  .bss               zero     0x2000'0034    0x28  main.o [1]
  .bss               zero     0x2000'005c    0x1c  main.o [1]
  .bss               zero     0x2000'0078    0x18  main.o [1]
  .bss               zero     0x2000'0090     0x8  main.o [1]
  .bss               zero     0x2000'0098     0x8  main.o [1]
  .bss               zero     0x2000'00a0     0x4  main.o [1]
  .bss               zero     0x2000'00a4     0x4  stm32f1xx_hal.o [1]
  .bss               zero     0x2000'00a8     0x1  main.o [1]
  .bss               zero     0x2000'00a9     0x1  main.o [1]
                            - 0x2000'00aa    0x9e

"P2", part 3 of 3:                          0x800
  CSTACK                      0x2000'00b0   0x800  <Block>
    CSTACK           uninit   0x2000'00b0   0x800  <Block tail>
                            - 0x2000'08b0   0x800

Unused ranges:

         From           To    Size
         ----           --    ----
   0x800'1916   0x800'ffff  0xe6ea
  0x2000'00ac  0x2000'00af     0x4
  0x2000'08b0  0x2000'4fff  0x4750


*******************************************************************************
*** INIT TABLE
***

          Address      Size
          -------      ----
Zero (__iar_zero_init3)
    1 destination range, total size 0x9e:
          0x2000'000c  0x9e

Copy (__iar_copy_init3)
    1 source range, total size 0xc (133% of destination):
           0x800'1868   0xc
    1 destination range, total size 0x9:
          0x2000'0000   0x9



*******************************************************************************
*** MODULE SUMMARY
***

    Module                  ro code  ro data  rw data
    ------                  -------  -------  -------
command line/config:
    -------------------------------------------------
    Total:

C:\Users\Eremin\Documents\IAR Embedded Workbench\arm\8.30.1\ST\STM32F1xx\CanLessons3\CanLessons3\EWARM\CanLessons3\Obj: [1]
    main.o                      620               154
    startup_stm32f103xb.o       412
    stm32f1xx_hal.o             188        5        9
    stm32f1xx_hal_can.o       1 958
    stm32f1xx_hal_cortex.o      300
    stm32f1xx_hal_gpio.o        570
    stm32f1xx_hal_msp.o         224
    stm32f1xx_hal_rcc.o       1 508       18
    stm32f1xx_it.o              136
    system_stm32f1xx.o            2       20        4
    -------------------------------------------------
    Total:                    5 918       43      167

dl7M_tln.a: [2]
    exit.o                        4
    low_level_init.o              4
    -------------------------------------------------
    Total:                        8

rt7M_tl.a: [3]
    ABImemclr4.o                  6
    ABImemcpy.o                 134
    ABImemset48.o                50
    cexit.o                      10
    cmain.o                      30
    copy_init3.o                 44
    cstartup_M.o                 12
    data_init.o                  40
    zero_init3.o                 58
    -------------------------------------------------
    Total:                      384

shb_l.a: [4]
    exit.o                       20
    -------------------------------------------------
    Total:                       20

    Gaps                         10
    Linker created                        39    2 048
-----------------------------------------------------
    Grand Total:              6 340       82    2 215


*******************************************************************************
*** ENTRY LIST
***

Entry                       Address   Size  Type      Object
-----                       -------   ----  ----      ------
.iar.init_table$$Base    0x800'17c0          --   Gb  - Linker created -
.iar.init_table$$Limit   0x800'17e4          --   Gb  - Linker created -
?main                    0x800'17e5         Code  Gb  cmain.o [3]
AHBPrescTable            0x800'183c   0x10  Data  Gb  system_stm32f1xx.o [1]
BusFault_Handler         0x800'16d3    0x2  Code  Gb  stm32f1xx_it.o [1]
CSTACK$$Base            0x2000'00b0          --   Gb  - Linker created -
CSTACK$$Limit           0x2000'08b0          --   Gb  - Linker created -
DebugMon_Handler         0x800'16d9    0x2  Code  Gb  stm32f1xx_it.o [1]
EXTI1_IRQHandler         0x800'16e5   0x44  Code  Gb  stm32f1xx_it.o [1]
Error_Handler            0x800'0bd1    0x4  Code  Gb  main.o [1]
HAL_CAN_ActivateNotification
                         0x800'0621   0x2c  Code  Gb  stm32f1xx_hal_can.o [1]
HAL_CAN_AddTxMessage     0x800'03c3  0x10a  Code  Gb  stm32f1xx_hal_can.o [1]
HAL_CAN_ConfigFilter     0x800'0259  0x10e  Code  Gb  stm32f1xx_hal_can.o [1]
HAL_CAN_GetRxMessage     0x800'04cd  0x154  Code  Gb  stm32f1xx_hal_can.o [1]
HAL_CAN_IRQHandler       0x800'064d  0x230  Code  Gb  stm32f1xx_hal_can.o [1]
HAL_CAN_Init             0x800'00ed  0x16c  Code  Gb  stm32f1xx_hal_can.o [1]
HAL_CAN_MspInit          0x800'08b9   0x90  Code  Gb  stm32f1xx_hal_msp.o [1]
HAL_CAN_RxFifo0MsgPendingCallback
                         0x800'0b83   0x16  Code  Gb  main.o [1]
HAL_CAN_Start            0x800'0367   0x5c  Code  Gb  stm32f1xx_hal_can.o [1]
HAL_CAN_TxMailbox0CompleteCallback
                         0x800'0b99    0xc  Code  Gb  main.o [1]
HAL_Delay                0x800'0fb9   0x28  Code  Wk  stm32f1xx_hal.o [1]
HAL_GPIO_EXTI_IRQHandler
                         0x800'0e05   0x1c  Code  Gb  stm32f1xx_hal_gpio.o [1]
HAL_GPIO_Init            0x800'0c2d  0x1b0  Code  Gb  stm32f1xx_hal_gpio.o [1]
HAL_GPIO_TogglePin       0x800'0df1   0x14  Code  Gb  stm32f1xx_hal_gpio.o [1]
HAL_GPIO_WritePin        0x800'0ddd   0x14  Code  Gb  stm32f1xx_hal_gpio.o [1]
HAL_GetTick              0x800'095d    0xc  Code  Wk  stm32f1xx_hal.o [1]
HAL_IncTick              0x800'1755   0x18  Code  Wk  stm32f1xx_hal.o [1]
HAL_Init                 0x800'0f95   0x20  Code  Gb  stm32f1xx_hal.o [1]
HAL_InitTick             0x800'15f9   0x4c  Code  Wk  stm32f1xx_hal.o [1]
HAL_MspInit              0x800'087d   0x3c  Code  Gb  stm32f1xx_hal_msp.o [1]
HAL_NVIC_EnableIRQ       0x800'0f61    0xa  Code  Gb  stm32f1xx_hal_cortex.o [1]
HAL_NVIC_SetPriority     0x800'0f3f   0x22  Code  Gb  stm32f1xx_hal_cortex.o [1]
HAL_NVIC_SetPriorityGrouping
                         0x800'0f37    0x8  Code  Gb  stm32f1xx_hal_cortex.o [1]
HAL_RCC_ClockConfig      0x800'13b3  0x146  Code  Gb  stm32f1xx_hal_rcc.o [1]
HAL_RCC_GetSysClockFreq
                         0x800'14f9   0x62  Code  Gb  stm32f1xx_hal_rcc.o [1]
HAL_RCC_OscConfig        0x800'0fe1  0x3d2  Code  Gb  stm32f1xx_hal_rcc.o [1]
HAL_SYSTICK_Config       0x800'0f6b    0x8  Code  Gb  stm32f1xx_hal_cortex.o [1]
HardFault_Handler        0x800'16cf    0x2  Code  Gb  stm32f1xx_it.o [1]
MX_CAN_Init              0x800'0a15   0xb6  Code  Lc  main.o [1]
MX_GPIO_Init             0x800'0acb   0xb8  Code  Lc  main.o [1]
MemManage_Handler        0x800'16d1    0x2  Code  Gb  stm32f1xx_it.o [1]
NMI_Handler              0x800'16cd    0x2  Code  Gb  stm32f1xx_it.o [1]
NVIC_EncodePriority      0x800'0ecd   0x3c  Code  Lc  stm32f1xx_hal_cortex.o [1]
PendSV_Handler           0x800'16db    0x2  Code  Gb  stm32f1xx_it.o [1]
RCC_Delay                0x800'155b   0x24  Code  Lc  stm32f1xx_hal_rcc.o [1]
RX_data                 0x2000'0098    0x8  Data  Gb  main.o [1]
Region$$Table$$Base      0x800'17c0          --   Gb  - Linker created -
Region$$Table$$Limit     0x800'17e4          --   Gb  - Linker created -
SVC_Handler              0x800'16d7    0x2  Code  Gb  stm32f1xx_it.o [1]
SysTick_Config           0x800'0f09   0x2e  Code  Lc  stm32f1xx_hal_cortex.o [1]
SysTick_Handler          0x800'16dd    0x8  Code  Gb  stm32f1xx_it.o [1]
SystemClock_Config       0x800'09ab   0x6a  Code  Gb  main.o [1]
SystemCoreClock         0x2000'0004    0x4  Data  Gb  system_stm32f1xx.o [1]
SystemInit               0x800'1915    0x2  Code  Gb  system_stm32f1xx.o [1]
TX_data                 0x2000'0090    0x8  Data  Gb  main.o [1]
TxMailbox               0x2000'00a0    0x4  Data  Gb  main.o [1]
USB_HP_CAN1_TX_IRQHandler
                         0x800'1729    0xa  Code  Gb  stm32f1xx_it.o [1]
USB_LP_CAN1_RX0_IRQHandler
                         0x800'1733    0xa  Code  Gb  stm32f1xx_it.o [1]
UsageFault_Handler       0x800'16d5    0x2  Code  Gb  stm32f1xx_it.o [1]
__NVIC_EnableIRQ         0x800'0e8d   0x1c  Code  Lc  stm32f1xx_hal_cortex.o [1]
__NVIC_GetPriorityGrouping
                         0x800'0e83    0xa  Code  Lc  stm32f1xx_hal_cortex.o [1]
__NVIC_SetPriority       0x800'0ea9   0x24  Code  Lc  stm32f1xx_hal_cortex.o [1]
__NVIC_SetPriorityGrouping
                         0x800'0e69   0x1a  Code  Lc  stm32f1xx_hal_cortex.o [1]
__aeabi_memclr4          0x800'0c25         Code  Gb  ABImemclr4.o [3]
__aeabi_memcpy4          0x800'1645         Code  Gb  ABImemcpy.o [3]
__aeabi_memcpy8          0x800'1645         Code  Gb  ABImemcpy.o [3]
__cmain                  0x800'17e5         Code  Gb  cmain.o [3]
__exit                   0x800'1819   0x14  Code  Gb  exit.o [4]
__iar_Memset4_word       0x800'15c5         Code  Gb  ABImemset48.o [3]
__iar_Memset8_word       0x800'15c5         Code  Gb  ABImemset48.o [3]
__iar_copy_init3         0x800'176d   0x2c  Code  Gb  copy_init3.o [3]
__iar_data_init3         0x800'1799   0x28  Code  Gb  data_init.o [3]
__iar_program_start      0x800'185d         Code  Gb  cstartup_M.o [3]
__iar_zero_init3         0x800'0beb   0x3a  Code  Gb  zero_init3.o [3]
__low_level_init         0x800'1803    0x4  Code  Gb  low_level_init.o [2]
__vector_table           0x800'0000         Data  Gb  startup_stm32f103xb.o [1]
_call_main               0x800'17f1         Code  Gb  cmain.o [3]
_exit                    0x800'180d         Code  Gb  cexit.o [3]
_main                    0x800'17ff         Code  Gb  cmain.o [3]
exit                     0x800'1807    0x4  Code  Gb  exit.o [2]
hcan                    0x2000'000c   0x28  Data  Gb  main.o [1]
i                       0x2000'00a8    0x1  Data  Gb  main.o [1]
main                     0x800'0969   0x42  Code  Gb  main.o [1]
pRxHeader               0x2000'005c   0x1c  Data  Gb  main.o [1]
pTxHeader               0x2000'0078   0x18  Data  Gb  main.o [1]
r                       0x2000'00a9    0x1  Data  Gb  main.o [1]
sFilterConfig           0x2000'0034   0x28  Data  Gb  main.o [1]
uwTick                  0x2000'00a4    0x4  Data  Gb  stm32f1xx_hal.o [1]
uwTickFreq              0x2000'0008    0x1  Data  Gb  stm32f1xx_hal.o [1]
uwTickPrio              0x2000'0000    0x4  Data  Gb  stm32f1xx_hal.o [1]


[1] = C:\Users\Eremin\Documents\IAR Embedded Workbench\arm\8.30.1\ST\STM32F1xx\CanLessons3\CanLessons3\EWARM\CanLessons3\Obj
[2] = dl7M_tln.a
[3] = rt7M_tl.a
[4] = shb_l.a

  6 340 bytes of readonly  code memory
     82 bytes of readonly  data memory
  2 215 bytes of readwrite data memory

Errors: none
Warnings: none
